Archive member included to satisfy reference by file (symbol)

../lib/libarm_cortexM4lf_math.a(arm_sin_f32.o)
                              lib/inverse_kinematics.o (arm_sin_f32)
../lib/libarm_cortexM4lf_math.a(arm_cos_f32.o)
                              lib/inverse_kinematics.o (arm_cos_f32)
../lib/libarm_cortexM4lf_math.a(arm_common_tables.o)
                              ../lib/libarm_cortexM4lf_math.a(arm_sin_f32.o) (sinTable_f32)
/opt/st/stm32cubeide_1.3.0/plugins/com.st.stm32cube.ide.mcu.externaltools.gnu-tools-for-stm32.7-2018-q2-update.linux64_1.0.0.201904181610/tools/bin/../lib/gcc/arm-none-eabi/7.3.1/../../../../arm-none-eabi/lib/thumb/v7e-m/fpv4-sp/hard/libc_nano.a(lib_a-errno.o)
                              Core/Src/syscalls.o (__errno)
/opt/st/stm32cubeide_1.3.0/plugins/com.st.stm32cube.ide.mcu.externaltools.gnu-tools-for-stm32.7-2018-q2-update.linux64_1.0.0.201904181610/tools/bin/../lib/gcc/arm-none-eabi/7.3.1/../../../../arm-none-eabi/lib/thumb/v7e-m/fpv4-sp/hard/libc_nano.a(lib_a-exit.o)
                              /opt/st/stm32cubeide_1.3.0/plugins/com.st.stm32cube.ide.mcu.externaltools.gnu-tools-for-stm32.7-2018-q2-update.linux64_1.0.0.201904181610/tools/bin/../lib/gcc/arm-none-eabi/7.3.1/../../../../arm-none-eabi/lib/thumb/v7e-m/fpv4-sp/hard/crt0.o (exit)
/opt/st/stm32cubeide_1.3.0/plugins/com.st.stm32cube.ide.mcu.externaltools.gnu-tools-for-stm32.7-2018-q2-update.linux64_1.0.0.201904181610/tools/bin/../lib/gcc/arm-none-eabi/7.3.1/../../../../arm-none-eabi/lib/thumb/v7e-m/fpv4-sp/hard/libc_nano.a(lib_a-impure.o)
                              /opt/st/stm32cubeide_1.3.0/plugins/com.st.stm32cube.ide.mcu.externaltools.gnu-tools-for-stm32.7-2018-q2-update.linux64_1.0.0.201904181610/tools/bin/../lib/gcc/arm-none-eabi/7.3.1/../../../../arm-none-eabi/lib/thumb/v7e-m/fpv4-sp/hard/libc_nano.a(lib_a-exit.o) (_global_impure_ptr)
/opt/st/stm32cubeide_1.3.0/plugins/com.st.stm32cube.ide.mcu.externaltools.gnu-tools-for-stm32.7-2018-q2-update.linux64_1.0.0.201904181610/tools/bin/../lib/gcc/arm-none-eabi/7.3.1/../../../../arm-none-eabi/lib/thumb/v7e-m/fpv4-sp/hard/libc_nano.a(lib_a-init.o)
                              /opt/st/stm32cubeide_1.3.0/plugins/com.st.stm32cube.ide.mcu.externaltools.gnu-tools-for-stm32.7-2018-q2-update.linux64_1.0.0.201904181610/tools/bin/../lib/gcc/arm-none-eabi/7.3.1/../../../../arm-none-eabi/lib/thumb/v7e-m/fpv4-sp/hard/crt0.o (__libc_init_array)
/opt/st/stm32cubeide_1.3.0/plugins/com.st.stm32cube.ide.mcu.externaltools.gnu-tools-for-stm32.7-2018-q2-update.linux64_1.0.0.201904181610/tools/bin/../lib/gcc/arm-none-eabi/7.3.1/../../../../arm-none-eabi/lib/thumb/v7e-m/fpv4-sp/hard/libc_nano.a(lib_a-memcpy-stub.o)
                              Core/Src/main.o (memcpy)
/opt/st/stm32cubeide_1.3.0/plugins/com.st.stm32cube.ide.mcu.externaltools.gnu-tools-for-stm32.7-2018-q2-update.linux64_1.0.0.201904181610/tools/bin/../lib/gcc/arm-none-eabi/7.3.1/../../../../arm-none-eabi/lib/thumb/v7e-m/fpv4-sp/hard/libc_nano.a(lib_a-memset.o)
                              /opt/st/stm32cubeide_1.3.0/plugins/com.st.stm32cube.ide.mcu.externaltools.gnu-tools-for-stm32.7-2018-q2-update.linux64_1.0.0.201904181610/tools/bin/../lib/gcc/arm-none-eabi/7.3.1/../../../../arm-none-eabi/lib/thumb/v7e-m/fpv4-sp/hard/crt0.o (memset)
/opt/st/stm32cubeide_1.3.0/plugins/com.st.stm32cube.ide.mcu.externaltools.gnu-tools-for-stm32.7-2018-q2-update.linux64_1.0.0.201904181610/tools/bin/../lib/gcc/arm-none-eabi/7.3.1/../../../../arm-none-eabi/lib/thumb/v7e-m/fpv4-sp/hard/libm.a(lib_a-s_atan.o)
                              lib/fast_inverse_trig.o (atan)
/opt/st/stm32cubeide_1.3.0/plugins/com.st.stm32cube.ide.mcu.externaltools.gnu-tools-for-stm32.7-2018-q2-update.linux64_1.0.0.201904181610/tools/bin/../lib/gcc/arm-none-eabi/7.3.1/../../../../arm-none-eabi/lib/thumb/v7e-m/fpv4-sp/hard/libm.a(lib_a-s_fabs.o)
                              /opt/st/stm32cubeide_1.3.0/plugins/com.st.stm32cube.ide.mcu.externaltools.gnu-tools-for-stm32.7-2018-q2-update.linux64_1.0.0.201904181610/tools/bin/../lib/gcc/arm-none-eabi/7.3.1/../../../../arm-none-eabi/lib/thumb/v7e-m/fpv4-sp/hard/libm.a(lib_a-s_atan.o) (fabs)
/opt/st/stm32cubeide_1.3.0/plugins/com.st.stm32cube.ide.mcu.externaltools.gnu-tools-for-stm32.7-2018-q2-update.linux64_1.0.0.201904181610/tools/bin/../lib/gcc/arm-none-eabi/7.3.1/../../../../arm-none-eabi/lib/thumb/v7e-m/fpv4-sp/hard/libm.a(lib_a-w_acos.o)
                              lib/fast_inverse_trig.o (acos)
/opt/st/stm32cubeide_1.3.0/plugins/com.st.stm32cube.ide.mcu.externaltools.gnu-tools-for-stm32.7-2018-q2-update.linux64_1.0.0.201904181610/tools/bin/../lib/gcc/arm-none-eabi/7.3.1/../../../../arm-none-eabi/lib/thumb/v7e-m/fpv4-sp/hard/libm.a(lib_a-w_fmod.o)
                              lib/motion_primitives.o (fmod)
[...]
Memory Configuration

Name             Origin             Length             Attributes
CCMRAM           0x0000000010000000 0x0000000000010000 xrw
RAM              0x0000000020000000 0x0000000000020000 xrw
FLASH            0x0000000008000000 0x0000000000100000 xr
*default*        0x0000000000000000 0xffffffffffffffff

Linker script and memory map

LOAD /opt/st/stm32cubeide_1.3.0/plugins/com.st.stm32cube.ide.mcu.externaltools.gnu-tools-for-stm32.7-2018-q2-update.linux64_1.0.0.201904181610/tools/bin/../lib/gcc/arm-none-eabi/7.3.1/thumb/v7e-m/fpv4-sp/hard/crti.o
LOAD /opt/st/stm32cubeide_1.3.0/plugins/com.st.stm32cube.ide.mcu.externaltools.gnu-tools-for-stm32.7-2018-q2-update.linux64_1.0.0.201904181610/tools/bin/../lib/gcc/arm-none-eabi/7.3.1/thumb/v7e-m/fpv4-sp/hard/crtbegin.o
LOAD /opt/st/stm32cubeide_1.3.0/plugins/com.st.stm32cube.ide.mcu.externaltools.gnu-tools-for-stm32.7-2018-q2-update.linux64_1.0.0.201904181610/tools/bin/../lib/gcc/arm-none-eabi/7.3.1/../../../../arm-none-eabi/lib/thumb/v7e-m/fpv4-sp/hard/crt0.o
LOAD Core/Src/canbus_task.o
LOAD Core/Src/freertos.o
LOAD Core/Src/main.o
LOAD Core/Src/motor_task.o
LOAD Core/Src/stm32f4xx_hal_msp.o
LOAD Core/Src/stm32f4xx_hal_timebase_tim.o
LOAD Core/Src/stm32f4xx_it.o
LOAD Core/Src/syscalls.o
LOAD Core/Src/sysmem.o
LOAD Core/Src/system_stm32f4xx.o
LOAD Core/Startup/startup_stm32f407vgtx.o
LOAD Drivers/STM32F4xx_HAL_Driver/Src/stm32f4xx_hal.o
LOAD Drivers/STM32F4xx_HAL_Driver/Src/stm32f4xx_hal_adc.o
LOAD Drivers/STM32F4xx_HAL_Driver/Src/stm32f4xx_hal_adc_ex.o
LOAD Drivers/STM32F4xx_HAL_Driver/Src/stm32f4xx_hal_can.o
LOAD Drivers/STM32F4xx_HAL_Driver/Src/stm32f4xx_hal_cortex.o
LOAD Drivers/STM32F4xx_HAL_Driver/Src/stm32f4xx_hal_dma.o
LOAD Drivers/STM32F4xx_HAL_Driver/Src/stm32f4xx_hal_dma_ex.o
LOAD Drivers/STM32F4xx_HAL_Driver/Src/stm32f4xx_hal_exti.o
LOAD Drivers/STM32F4xx_HAL_Driver/Src/stm32f4xx_hal_flash.o
LOAD Drivers/STM32F4xx_HAL_Driver/Src/stm32f4xx_hal_flash_ex.o
LOAD Drivers/STM32F4xx_HAL_Driver/Src/stm32f4xx_hal_flash_ramfunc.o
LOAD Drivers/STM32F4xx_HAL_Driver/Src/stm32f4xx_hal_gpio.o
LOAD Drivers/STM32F4xx_HAL_Driver/Src/stm32f4xx_hal_pwr.o
LOAD Drivers/STM32F4xx_HAL_Driver/Src/stm32f4xx_hal_pwr_ex.o
LOAD Drivers/STM32F4xx_HAL_Driver/Src/stm32f4xx_hal_rcc.o
LOAD Drivers/STM32F4xx_HAL_Driver/Src/stm32f4xx_hal_rcc_ex.o
LOAD Drivers/STM32F4xx_HAL_Driver/Src/stm32f4xx_hal_spi.o
LOAD Drivers/STM32F4xx_HAL_Driver/Src/stm32f4xx_hal_tim.o
LOAD Drivers/STM32F4xx_HAL_Driver/Src/stm32f4xx_hal_tim_ex.o
LOAD Middlewares/Third_Party/FreeRTOS/Source/CMSIS_RTOS/cmsis_os.o
LOAD Middlewares/Third_Party/FreeRTOS/Source/croutine.o
LOAD Middlewares/Third_Party/FreeRTOS/Source/event_groups.o
LOAD Middlewares/Third_Party/FreeRTOS/Source/list.o
LOAD Middlewares/Third_Party/FreeRTOS/Source/queue.o
LOAD Middlewares/Third_Party/FreeRTOS/Source/stream_buffer.o
LOAD Middlewares/Third_Party/FreeRTOS/Source/tasks.o
LOAD Middlewares/Third_Party/FreeRTOS/Source/timers.o
LOAD Middlewares/Third_Party/FreeRTOS/Source/portable/GCC/ARM_CM4F/port.o
LOAD Middlewares/Third_Party/FreeRTOS/Source/portable/MemMang/heap_4.o
LOAD lib/adc_interface.o
LOAD lib/can_messages.o
LOAD lib/encoder_interface.o
LOAD lib/fast_inverse_trig.o
LOAD lib/impedance_controller.o
LOAD lib/inverse_kinematics.o
LOAD lib/motion_primitives.o
LOAD lib/pid_controller.o
LOAD ../lib/libarm_cortexM4lf_math.a
START GROUP
LOAD /opt/st/stm32cubeide_1.3.0/plugins/com.st.stm32cube.ide.mcu.externaltools.gnu-tools-for-stm32.7-2018-q2-update.linux64_1.0.0.201904181610/tools/bin/../lib/gcc/arm-none-eabi/7.3.1/../../../../arm-none-eabi/lib/thumb/v7e-m/fpv4-sp/hard/libc_nano.a
LOAD /opt/st/stm32cubeide_1.3.0/plugins/com.st.stm32cube.ide.mcu.externaltools.gnu-tools-for-stm32.7-2018-q2-update.linux64_1.0.0.201904181610/tools/bin/../lib/gcc/arm-none-eabi/7.3.1/../../../../arm-none-eabi/lib/thumb/v7e-m/fpv4-sp/hard/libm.a
END GROUP
START GROUP
LOAD /opt/st/stm32cubeide_1.3.0/plugins/com.st.stm32cube.ide.mcu.externaltools.gnu-tools-for-stm32.7-2018-q2-update.linux64_1.0.0.201904181610/tools/bin/../lib/gcc/arm-none-eabi/7.3.1/thumb/v7e-m/fpv4-sp/hard/libgcc.a
LOAD /opt/st/stm32cubeide_1.3.0/plugins/com.st.stm32cube.ide.mcu.externaltools.gnu-tools-for-stm32.7-2018-q2-update.linux64_1.0.0.201904181610/tools/bin/../lib/gcc/arm-none-eabi/7.3.1/../../../../arm-none-eabi/lib/thumb/v7e-m/fpv4-sp/hard/libc_nano.a
END GROUP
START GROUP
LOAD /opt/st/stm32cubeide_1.3.0/plugins/com.st.stm32cube.ide.mcu.externaltools.gnu-tools-for-stm32.7-2018-q2-update.linux64_1.0.0.201904181610/tools/bin/../lib/gcc/arm-none-eabi/7.3.1/thumb/v7e-m/fpv4-sp/hard/libgcc.a
LOAD /opt/st/stm32cubeide_1.3.0/plugins/com.st.stm32cube.ide.mcu.externaltools.gnu-tools-for-stm32.7-2018-q2-update.linux64_1.0.0.201904181610/tools/bin/../lib/gcc/arm-none-eabi/7.3.1/../../../../arm-none-eabi/lib/thumb/v7e-m/fpv4-sp/hard/libc_nano.a
LOAD /opt/st/stm32cubeide_1.3.0/plugins/com.st.stm32cube.ide.mcu.externaltools.gnu-tools-for-stm32.7-2018-q2-update.linux64_1.0.0.201904181610/tools/bin/../lib/gcc/arm-none-eabi/7.3.1/../../../../arm-none-eabi/lib/thumb/v7e-m/fpv4-sp/hard/libnosys.a
END GROUP
START GROUP
LOAD /opt/st/stm32cubeide_1.3.0/plugins/com.st.stm32cube.ide.mcu.externaltools.gnu-tools-for-stm32.7-2018-q2-update.linux64_1.0.0.201904181610/tools/bin/../lib/gcc/arm-none-eabi/7.3.1/thumb/v7e-m/fpv4-sp/hard/libgcc.a
LOAD /opt/st/stm32cubeide_1.3.0/plugins/com.st.stm32cube.ide.mcu.externaltools.gnu-tools-for-stm32.7-2018-q2-update.linux64_1.0.0.201904181610/tools/bin/../lib/gcc/arm-none-eabi/7.3.1/../../../../arm-none-eabi/lib/thumb/v7e-m/fpv4-sp/hard/libc_nano.a
LOAD /opt/st/stm32cubeide_1.3.0/plugins/com.st.stm32cube.ide.mcu.externaltools.gnu-tools-for-stm32.7-2018-q2-update.linux64_1.0.0.201904181610/tools/bin/../lib/gcc/arm-none-eabi/7.3.1/../../../../arm-none-eabi/lib/thumb/v7e-m/fpv4-sp/hard/libnosys.a
END GROUP
LOAD /opt/st/stm32cubeide_1.3.0/plugins/com.st.stm32cube.ide.mcu.externaltools.gnu-tools-for-stm32.7-2018-q2-update.linux64_1.0.0.201904181610/tools/bin/../lib/gcc/arm-none-eabi/7.3.1/thumb/v7e-m/fpv4-sp/hard/crtend.o
LOAD /opt/st/stm32cubeide_1.3.0/plugins/com.st.stm32cube.ide.mcu.externaltools.gnu-tools-for-stm32.7-2018-q2-update.linux64_1.0.0.201904181610/tools/bin/../lib/gcc/arm-none-eabi/7.3.1/thumb/v7e-m/fpv4-sp/hard/crtn.o
                0x0000000020020000                _estack = (ORIGIN (RAM) + LENGTH (RAM))
                0x0000000000000200                _Min_Heap_Size = 0x200
                0x0000000000000400                _Min_Stack_Size = 0x400

.isr_vector     0x0000000008000000      0x188
                0x0000000008000000                . = ALIGN (0x4)
 *(.isr_vector)
 .isr_vector    0x0000000008000000      0x188 Core/Startup/startup_stm32f407vgtx.o
                0x0000000008000000                g_pfnVectors
                0x0000000008000188                . = ALIGN (0x4)

.text           0x0000000008000190     0xd4a0
                0x0000000008000190                . = ALIGN (0x4)
 *(.text)
 .text          0x0000000008000190       0x40 /opt/st/stm32cubeide_1.3.0/plugins/com.st.stm32cube.ide.mcu.externaltools.gnu-tools-for-stm32.7-2018-q2-update.linux64_1.0.0.201904181610/tools/bin/../lib/gcc/arm-none-eabi/7.3.1/thumb/v7e-m/fpv4-sp/hard/crtbegin.o
 .text          0x00000000080001d0      0x378 /opt/st/stm32cubeide_1.3.0/plugins/com.st.stm32cube.ide.mcu.externaltools.gnu-tools-for-stm32.7-2018-q2-update.linux64_1.0.0.201904181610/tools/bin/../lib/gcc/arm-none-eabi/7.3.1/thumb/v7e-m/fpv4-sp/hard/libgcc.a(_arm_addsubdf3.o)
                0x00000000080001d0                __aeabi_drsub
                0x00000000080001d8                __aeabi_dsub
                0x00000000080001d8                __subdf3
                0x00000000080001dc                __adddf3
                0x00000000080001dc                __aeabi_dadd
                0x0000000008000454                __aeabi_ui2d
                0x0000000008000454                __floatunsidf
                0x0000000008000474                __floatsidf
                0x0000000008000474                __aeabi_i2d
                0x0000000008000498                __extendsfdf2
                0x0000000008000498                __aeabi_f2d
                0x00000000080004dc                __aeabi_ul2d
                0x00000000080004dc                __floatundidf
                0x00000000080004ec                __floatdidf
                0x00000000080004ec                __aeabi_l2d
 .text          0x0000000008000548      0x424 /opt/st/stm32cubeide_1.3.0/plugins/com.st.stm32cube.ide.mcu.externaltools.gnu-tools-for-stm32.7-2018-q2-update.linux64_1.0.0.201904181610/tools/bin/../lib/gcc/arm-none-eabi/7.3.1/thumb/v7e-m/fpv4-sp/hard/libgcc.a(_arm_muldivdf3.o)
                0x0000000008000548                __aeabi_dmul
                0x0000000008000548                __muldf3
                0x000000000800079c                __aeabi_ddiv
                0x000000000800079c                __divdf3
 .text          0x000000000800096c      0x110 /opt/st/stm32cubeide_1.3.0/plugins/com.st.stm32cube.ide.mcu.externaltools.gnu-tools-for-stm32.7-2018-q2-update.linux64_1.0.0.201904181610/tools/bin/../lib/gcc/arm-none-eabi/7.3.1/thumb/v7e-m/fpv4-sp/hard/libgcc.a(_arm_cmpdf2.o)
                0x000000000800096c                __gtdf2
                0x000000000800096c                __gedf2
                0x0000000008000974                __ltdf2
                0x0000000008000974                __ledf2
                0x000000000800097c                __cmpdf2
                0x000000000800097c                __eqdf2
                0x000000000800097c                __nedf2
                0x00000000080009f8                __aeabi_cdrcmple
                0x0000000008000a08                __aeabi_cdcmple
                0x0000000008000a08                __aeabi_cdcmpeq
                0x0000000008000a18                __aeabi_dcmpeq
                0x0000000008000a2c                __aeabi_dcmplt
                0x0000000008000a40                __aeabi_dcmple
                0x0000000008000a54                __aeabi_dcmpge
                0x0000000008000a68                __aeabi_dcmpgt
 .text          0x0000000008000a7c       0x2c /opt/st/stm32cubeide_1.3.0/plugins/com.st.stm32cube.ide.mcu.externaltools.gnu-tools-for-stm32.7-2018-q2-update.linux64_1.0.0.201904181610/tools/bin/../lib/gcc/arm-none-eabi/7.3.1/thumb/v7e-m/fpv4-sp/hard/libgcc.a(_arm_unorddf2.o)
                0x0000000008000a7c                __aeabi_dcmpun
                0x0000000008000a7c                __unorddf2
 .text          0x0000000008000aa8       0x50 /opt/st/stm32cubeide_1.3.0/plugins/com.st.stm32cube.ide.mcu.externaltools.gnu-tools-for-stm32.7-2018-q2-update.linux64_1.0.0.201904181610/tools/bin/../lib/gcc/arm-none-eabi/7.3.1/thumb/v7e-m/fpv4-sp/hard/libgcc.a(_arm_fixdfsi.o)
                0x0000000008000aa8                __fixdfsi
                0x0000000008000aa8                __aeabi_d2iz
 .text          0x0000000008000af8       0xa0 /opt/st/stm32cubeide_1.3.0/plugins/com.st.stm32cube.ide.mcu.externaltools.gnu-tools-for-stm32.7-2018-q2-update.linux64_1.0.0.201904181610/tools/bin/../lib/gcc/arm-none-eabi/7.3.1/thumb/v7e-m/fpv4-sp/hard/libgcc.a(_arm_truncdfsf2.o)
                0x0000000008000af8                __aeabi_d2f
                0x0000000008000af8                __truncdfsf2
 .text          0x0000000008000b98       0x30 /opt/st/stm32cubeide_1.3.0/plugins/com.st.stm32cube.ide.mcu.externaltools.gnu-tools-for-stm32.7-2018-q2-update.linux64_1.0.0.201904181610/tools/bin/../lib/gcc/arm-none-eabi/7.3.1/thumb/v7e-m/fpv4-sp/hard/libgcc.a(_aeabi_uldivmod.o)
                0x0000000008000b98                __aeabi_uldivmod
 .text          0x0000000008000bc8      0x2cc /opt/st/stm32cubeide_1.3.0/plugins/com.st.stm32cube.ide.mcu.externaltools.gnu-tools-for-stm32.7-2018-q2-update.linux64_1.0.0.201904181610/tools/bin/../lib/gcc/arm-none-eabi/7.3.1/thumb/v7e-m/fpv4-sp/hard/libgcc.a(_udivmoddi4.o)
                0x0000000008000bc8                __udivmoddi4
 .text          0x0000000008000e94        0x4 /opt/st/stm32cubeide_1.3.0/plugins/com.st.stm32cube.ide.mcu.externaltools.gnu-tools-for-stm32.7-2018-q2-update.linux64_1.0.0.201904181610/tools/bin/../lib/gcc/arm-none-eabi/7.3.1/thumb/v7e-m/fpv4-sp/hard/libgcc.a(_dvmd_tls.o)
                0x0000000008000e94                __aeabi_ldiv0
                0x0000000008000e94                __aeabi_idiv0
 *(.text*)
 .text.HAL_CAN_RxFifo0MsgPendingCallback
                0x0000000008000e98       0x36 Core/Src/canbus_task.o
                0x0000000008000e98                HAL_CAN_RxFifo0MsgPendingCallback
 *fill*         0x0000000008000ece        0x2 
 .text.canbus_task_init
                0x0000000008000ed0       0xd8 Core/Src/canbus_task.o
                0x0000000008000ed0                canbus_task_init
 .text.canbus_task
                0x0000000008000fa8      0x7dc Core/Src/canbus_task.o
                0x0000000008000fa8                canbus_task
 .text.get_device_index
                0x0000000008001784       0x18 Core/Src/canbus_task.o
                0x0000000008001784                get_device_index
 .text.add_can_frame_to_rx_queue_from_isr
                0x000000000800179c       0x40 Core/Src/canbus_task.o
                0x000000000800179c                add_can_frame_to_rx_queue_from_isr
 .text.add_can_frame_to_tx_queue
                0x00000000080017dc       0x40 Core/Src/canbus_task.o
                0x00000000080017dc                add_can_frame_to_tx_queue
 .text.vApplicationGetIdleTaskMemory
                0x000000000800181c       0x34 Core/Src/freertos.o
                0x000000000800181c                vApplicationGetIdleTaskMemory
 .text.vApplicationGetTimerTaskMemory
                0x0000000008001850       0x34 Core/Src/freertos.o
                0x0000000008001850                vApplicationGetTimerTaskMemory
 .text.enable_motor_task_from_isr
                0x0000000008001884       0x48 Core/Src/main.o
                0x0000000008001884                enable_motor_task_from_isr
 .text.main     0x00000000080018cc       0xd4 Core/Src/main.o
                0x00000000080018cc                main
 .text.SystemClock_Config
                0x00000000080019a0       0xd4 Core/Src/main.o
                0x00000000080019a0                SystemClock_Config
 .text.MX_ADC1_Init
                0x0000000008001a74       0xa4 Core/Src/main.o
 .text.MX_ADC2_Init
                0x0000000008001b18       0xa4 Core/Src/main.o
 .text.MX_CAN1_Init
                0x0000000008001bbc       0x6c Core/Src/main.o
 .text.MX_SPI2_Init
                0x0000000008001c28       0x6c Core/Src/main.o
 .text.MX_TIM1_Init
                0x0000000008001c94       0xb0 Core/Src/main.o
 .text.MX_TIM2_Init
                0x0000000008001d44      0x118 Core/Src/main.o
 .text.MX_TIM3_Init
                0x0000000008001e5c       0xa8 Core/Src/main.o
 .text.MX_TIM4_Init
                0x0000000008001f04       0xe8 Core/Src/main.o
 .text.MX_TIM13_Init
                0x0000000008001fec       0x9c Core/Src/main.o
 .text.MX_TIM14_Init
                0x0000000008002088       0x9c Core/Src/main.o
 .text.MX_GPIO_Init
                0x0000000008002124      0x120 Core/Src/main.o
 .text.start_canbus_task
                0x0000000008002244       0x30 Core/Src/main.o
                0x0000000008002244                start_canbus_task
 .text.start_motor_task
                0x0000000008002274       0x34 Core/Src/main.o
                0x0000000008002274                start_motor_task
 .text.HAL_TIM_PeriodElapsedCallback
                0x00000000080022a8       0x24 Core/Src/main.o
                0x00000000080022a8                HAL_TIM_PeriodElapsedCallback
 .text.Error_Handler
                0x00000000080022cc        0xe Core/Src/main.o
                0x00000000080022cc                Error_Handler
 *fill*         0x00000000080022da        0x2 
 .text.drive_motor
                0x00000000080022dc      0x1a0 Core/Src/motor_task.o
 .text.vMotorTelemetryTimerCallback
                0x000000000800247c      0x120 Core/Src/motor_task.o
 *fill*         0x000000000800259c        0x4 
 .text.vPrimitivesCalculation
                0x00000000080025a0      0x260 Core/Src/motor_task.o
 .text.vControlTimerCallback
                0x0000000008002800      0x3cc Core/Src/motor_task.o
 *fill*         0x0000000008002bcc        0x4 
 .text.motor_task_init
                0x0000000008002bd0      0x3e0 Core/Src/motor_task.o
                0x0000000008002bd0                motor_task_init
 .text.motor_task
                0x0000000008002fb0        0xc Core/Src/motor_task.o
                0x0000000008002fb0                motor_task
 .text.set_control_mode
                0x0000000008002fbc       0x30 Core/Src/motor_task.o
                0x0000000008002fbc                set_control_mode
 .text.set_motor_position
                0x0000000008002fec       0x98 Core/Src/motor_task.o
                0x0000000008002fec                set_motor_position
 .text.get_motor_position
                0x0000000008003084       0x94 Core/Src/motor_task.o
                0x0000000008003084                get_motor_position
 .text.set_motor_speed
                0x0000000008003118       0x38 Core/Src/motor_task.o
                0x0000000008003118                set_motor_speed
 .text.set_motor_duty
                0x0000000008003150       0x6c Core/Src/motor_task.o
                0x0000000008003150                set_motor_duty
 .text.set_control_params_kp_min_max
                0x00000000080031bc      0x1ec Core/Src/motor_task.o
                0x00000000080031bc                set_control_params_kp_min_max
 .text.set_control_params_ki
                0x00000000080033a8       0x90 Core/Src/motor_task.o
                0x00000000080033a8                set_control_params_ki
 .text.set_control_params_int_max
                0x0000000008003438       0x90 Core/Src/motor_task.o
                0x0000000008003438                set_control_params_int_max
 .text.set_control_params_int_min
                0x00000000080034c8       0x90 Core/Src/motor_task.o
                0x00000000080034c8                set_control_params_int_min
 .text.set_motor_ticks_per_rev
                0x0000000008003558       0x38 Core/Src/motor_task.o
                0x0000000008003558                set_motor_ticks_per_rev
 .text.HAL_MspInit
                0x0000000008003590       0x58 Core/Src/stm32f4xx_hal_msp.o
                0x0000000008003590                HAL_MspInit
 .text.HAL_ADC_MspInit
                0x00000000080035e8      0x108 Core/Src/stm32f4xx_hal_msp.o
                0x00000000080035e8                HAL_ADC_MspInit
 .text.HAL_CAN_MspInit
                0x00000000080036f0       0xc0 Core/Src/stm32f4xx_hal_msp.o
                0x00000000080036f0                HAL_CAN_MspInit
 .text.HAL_SPI_MspInit
                0x00000000080037b0       0xa0 Core/Src/stm32f4xx_hal_msp.o
                0x00000000080037b0                HAL_SPI_MspInit
 .text.HAL_TIM_Encoder_MspInit
                0x0000000008003850       0xfc Core/Src/stm32f4xx_hal_msp.o
                0x0000000008003850                HAL_TIM_Encoder_MspInit
 .text.HAL_TIM_Base_MspInit
                0x000000000800394c       0xe0 Core/Src/stm32f4xx_hal_msp.o
                0x000000000800394c                HAL_TIM_Base_MspInit
 .text.HAL_TIM_MspPostInit
                0x0000000008003a2c      0x108 Core/Src/stm32f4xx_hal_msp.o
                0x0000000008003a2c                HAL_TIM_MspPostInit
 .text.HAL_InitTick
                0x0000000008003b34       0xb4 Core/Src/stm32f4xx_hal_timebase_tim.o
                0x0000000008003b34                HAL_InitTick
 .text.NMI_Handler
                0x0000000008003be8        0xe Core/Src/stm32f4xx_it.o
                0x0000000008003be8                NMI_Handler
 .text.HardFault_Handler
                0x0000000008003bf6        0x6 Core/Src/stm32f4xx_it.o
                0x0000000008003bf6                HardFault_Handler
 .text.MemManage_Handler
                0x0000000008003bfc        0x6 Core/Src/stm32f4xx_it.o
                0x0000000008003bfc                MemManage_Handler
 .text.BusFault_Handler
                0x0000000008003c02        0x6 Core/Src/stm32f4xx_it.o
                0x0000000008003c02                BusFault_Handler
 .text.UsageFault_Handler
                0x0000000008003c08        0x6 Core/Src/stm32f4xx_it.o
                0x0000000008003c08                UsageFault_Handler
 .text.DebugMon_Handler
                0x0000000008003c0e        0xe Core/Src/stm32f4xx_it.o
                0x0000000008003c0e                DebugMon_Handler
 .text.ADC_IRQHandler
                0x0000000008003c1c       0x1c Core/Src/stm32f4xx_it.o
                0x0000000008003c1c                ADC_IRQHandler
 .text.CAN1_TX_IRQHandler
                0x0000000008003c38       0x14 Core/Src/stm32f4xx_it.o
                0x0000000008003c38                CAN1_TX_IRQHandler
 .text.CAN1_RX0_IRQHandler
                0x0000000008003c4c       0x14 Core/Src/stm32f4xx_it.o
                0x0000000008003c4c                CAN1_RX0_IRQHandler
 .text.CAN1_RX1_IRQHandler
                0x0000000008003c60       0x14 Core/Src/stm32f4xx_it.o
                0x0000000008003c60                CAN1_RX1_IRQHandler
 .text.TIM4_IRQHandler
                0x0000000008003c74       0x18 Core/Src/stm32f4xx_it.o
                0x0000000008003c74                TIM4_IRQHandler
 .text.SPI2_IRQHandler
                0x0000000008003c8c       0x14 Core/Src/stm32f4xx_it.o
                0x0000000008003c8c                SPI2_IRQHandler
 .text.TIM8_UP_TIM13_IRQHandler
                0x0000000008003ca0       0x1c Core/Src/stm32f4xx_it.o
                0x0000000008003ca0                TIM8_UP_TIM13_IRQHandler
 .text.SystemInit
                0x0000000008003cbc       0x2c Core/Src/system_stm32f4xx.o
                0x0000000008003cbc                SystemInit
 .text.Reset_Handler
                0x0000000008003ce8       0x50 Core/Startup/startup_stm32f407vgtx.o
                0x0000000008003ce8                Reset_Handler
 .text.Default_Handler
                0x0000000008003d38        0x2 Core/Startup/startup_stm32f407vgtx.o
                0x0000000008003d38                RTC_Alarm_IRQHandler
                0x0000000008003d38                HASH_RNG_IRQHandler
                0x0000000008003d38                EXTI2_IRQHandler
                0x0000000008003d38                TIM8_CC_IRQHandler
                0x0000000008003d38                TIM1_CC_IRQHandler
                0x0000000008003d38                DMA2_Stream5_IRQHandler
                0x0000000008003d38                DMA1_Stream5_IRQHandler
                0x0000000008003d38                PVD_IRQHandler
                0x0000000008003d38                SDIO_IRQHandler
                0x0000000008003d38                TAMP_STAMP_IRQHandler
                0x0000000008003d38                CAN2_RX1_IRQHandler
                0x0000000008003d38                EXTI3_IRQHandler
                0x0000000008003d38                TIM8_TRG_COM_TIM14_IRQHandler
                0x0000000008003d38                TIM1_UP_TIM10_IRQHandler
                0x0000000008003d38                I2C3_ER_IRQHandler
                0x0000000008003d38                EXTI0_IRQHandler
                0x0000000008003d38                I2C2_EV_IRQHandler
                0x0000000008003d38                DMA1_Stream2_IRQHandler
                0x0000000008003d38                FPU_IRQHandler
                0x0000000008003d38                OTG_HS_WKUP_IRQHandler
                0x0000000008003d38                CAN2_SCE_IRQHandler
                0x0000000008003d38                DMA2_Stream2_IRQHandler
                0x0000000008003d38                SPI1_IRQHandler
                0x0000000008003d38                TIM6_DAC_IRQHandler
                0x0000000008003d38                TIM1_BRK_TIM9_IRQHandler
                0x0000000008003d38                DCMI_IRQHandler
                0x0000000008003d38                CAN2_RX0_IRQHandler
                0x0000000008003d38                DMA2_Stream3_IRQHandler
                0x0000000008003d38                USART6_IRQHandler
                0x0000000008003d38                USART3_IRQHandler
                0x0000000008003d38                UART5_IRQHandler
                0x0000000008003d38                DMA2_Stream0_IRQHandler
                0x0000000008003d38                I2C1_EV_IRQHandler
                0x0000000008003d38                DMA1_Stream6_IRQHandler
                0x0000000008003d38                DMA1_Stream1_IRQHandler
                0x0000000008003d38                UART4_IRQHandler
                0x0000000008003d38                TIM3_IRQHandler
                0x0000000008003d38                RCC_IRQHandler
                0x0000000008003d38                TIM8_BRK_TIM12_IRQHandler
                0x0000000008003d38                Default_Handler
                0x0000000008003d38                EXTI15_10_IRQHandler
                0x0000000008003d38                DMA1_Stream7_IRQHandler
                0x0000000008003d38                TIM7_IRQHandler
                0x0000000008003d38                CAN2_TX_IRQHandler
                0x0000000008003d38                TIM5_IRQHandler
                0x0000000008003d38                DMA2_Stream7_IRQHandler
                0x0000000008003d38                I2C3_EV_IRQHandler
                0x0000000008003d38                EXTI9_5_IRQHandler
                0x0000000008003d38                RTC_WKUP_IRQHandler
                0x0000000008003d38                ETH_WKUP_IRQHandler
                0x0000000008003d38                OTG_HS_EP1_IN_IRQHandler
                0x0000000008003d38                DMA1_Stream0_IRQHandler
                0x0000000008003d38                EXTI4_IRQHandler
                0x0000000008003d38                FSMC_IRQHandler
                0x0000000008003d38                ETH_IRQHandler
                0x0000000008003d38                OTG_HS_EP1_OUT_IRQHandler
                0x0000000008003d38                WWDG_IRQHandler
                0x0000000008003d38                TIM2_IRQHandler
                0x0000000008003d38                OTG_FS_WKUP_IRQHandler
                0x0000000008003d38                TIM1_TRG_COM_TIM11_IRQHandler
                0x0000000008003d38                OTG_HS_IRQHandler
                0x0000000008003d38                EXTI1_IRQHandler
                0x0000000008003d38                USART2_IRQHandler
                0x0000000008003d38                I2C2_ER_IRQHandler
                0x0000000008003d38                DMA2_Stream1_IRQHandler
                0x0000000008003d38                CAN1_SCE_IRQHandler
                0x0000000008003d38                FLASH_IRQHandler
                0x0000000008003d38                DMA2_Stream4_IRQHandler
                0x0000000008003d38                USART1_IRQHandler
                0x0000000008003d38                OTG_FS_IRQHandler
                0x0000000008003d38                SPI3_IRQHandler
                0x0000000008003d38                DMA1_Stream4_IRQHandler
                0x0000000008003d38                I2C1_ER_IRQHandler
                0x0000000008003d38                DMA2_Stream6_IRQHandler
                0x0000000008003d38                DMA1_Stream3_IRQHandler
 *fill*         0x0000000008003d3a        0x2 
 .text.HAL_Init
                0x0000000008003d3c       0x44 Drivers/STM32F4xx_HAL_Driver/Src/stm32f4xx_hal.o
                0x0000000008003d3c                HAL_Init
 .text.HAL_IncTick
                0x0000000008003d80       0x28 Drivers/STM32F4xx_HAL_Driver/Src/stm32f4xx_hal.o
                0x0000000008003d80                HAL_IncTick
 .text.HAL_GetTick
                0x0000000008003da8       0x18 Drivers/STM32F4xx_HAL_Driver/Src/stm32f4xx_hal.o
                0x0000000008003da8                HAL_GetTick
 .text.HAL_ADC_Init
                0x0000000008003dc0       0x86 Drivers/STM32F4xx_HAL_Driver/Src/stm32f4xx_hal_adc.o
                0x0000000008003dc0                HAL_ADC_Init
 *fill*         0x0000000008003e46        0x2 
 .text.HAL_ADC_Start
                0x0000000008003e48      0x18c Drivers/STM32F4xx_HAL_Driver/Src/stm32f4xx_hal_adc.o
                0x0000000008003e48                HAL_ADC_Start
 .text.HAL_ADC_PollForConversion
                0x0000000008003fd4      0x108 Drivers/STM32F4xx_HAL_Driver/Src/stm32f4xx_hal_adc.o
                0x0000000008003fd4                HAL_ADC_PollForConversion
 .text.HAL_ADC_IRQHandler
                0x00000000080040dc      0x282 Drivers/STM32F4xx_HAL_Driver/Src/stm32f4xx_hal_adc.o
                0x00000000080040dc                HAL_ADC_IRQHandler
 .text.HAL_ADC_GetValue
                0x000000000800435e       0x1a Drivers/STM32F4xx_HAL_Driver/Src/stm32f4xx_hal_adc.o
                0x000000000800435e                HAL_ADC_GetValue
 .text.HAL_ADC_ConvCpltCallback
                0x0000000008004378       0x14 Drivers/STM32F4xx_HAL_Driver/Src/stm32f4xx_hal_adc.o
                0x0000000008004378                HAL_ADC_ConvCpltCallback
 .text.HAL_ADC_LevelOutOfWindowCallback
                0x000000000800438c       0x14 Drivers/STM32F4xx_HAL_Driver/Src/stm32f4xx_hal_adc.o
                0x000000000800438c                HAL_ADC_LevelOutOfWindowCallback
 .text.HAL_ADC_ErrorCallback
                0x00000000080043a0       0x14 Drivers/STM32F4xx_HAL_Driver/Src/stm32f4xx_hal_adc.o
                0x00000000080043a0                HAL_ADC_ErrorCallback
 .text.HAL_ADC_ConfigChannel
                0x00000000080043b4      0x244 Drivers/STM32F4xx_HAL_Driver/Src/stm32f4xx_hal_adc.o
                0x00000000080043b4                HAL_ADC_ConfigChannel
 .text.ADC_Init
                0x00000000080045f8      0x1f8 Drivers/STM32F4xx_HAL_Driver/Src/stm32f4xx_hal_adc.o
 .text.HAL_ADCEx_InjectedConvCpltCallback
                0x00000000080047f0       0x14 Drivers/STM32F4xx_HAL_Driver/Src/stm32f4xx_hal_adc_ex.o
                0x00000000080047f0                HAL_ADCEx_InjectedConvCpltCallback
 .text.HAL_CAN_Init
                0x0000000008004804      0x1f6 Drivers/STM32F4xx_HAL_Driver/Src/stm32f4xx_hal_can.o
                0x0000000008004804                HAL_CAN_Init
 *fill*         0x00000000080049fa        0x2 
 .text.HAL_CAN_ConfigFilter
                0x00000000080049fc      0x1c0 Drivers/STM32F4xx_HAL_Driver/Src/stm32f4xx_hal_can.o
                0x00000000080049fc                HAL_CAN_ConfigFilter
 .text.HAL_CAN_Start
                0x0000000008004bbc       0x88 Drivers/STM32F4xx_HAL_Driver/Src/stm32f4xx_hal_can.o
                0x0000000008004bbc                HAL_CAN_Start
 .text.HAL_CAN_AddTxMessage
                0x0000000008004c44      0x1b6 Drivers/STM32F4xx_HAL_Driver/Src/stm32f4xx_hal_can.o
                0x0000000008004c44                HAL_CAN_AddTxMessage
 .text.HAL_CAN_GetRxMessage
                0x0000000008004dfa      0x224 Drivers/STM32F4xx_HAL_Driver/Src/stm32f4xx_hal_can.o
                0x0000000008004dfa                HAL_CAN_GetRxMessage
 .text.HAL_CAN_ActivateNotification
                0x000000000800501e       0x4c Drivers/STM32F4xx_HAL_Driver/Src/stm32f4xx_hal_can.o
                0x000000000800501e                HAL_CAN_ActivateNotification
 .text.HAL_CAN_IRQHandler
                0x000000000800506a      0x362 Drivers/STM32F4xx_HAL_Driver/Src/stm32f4xx_hal_can.o
                0x000000000800506a                HAL_CAN_IRQHandler
 .text.HAL_CAN_TxMailbox0CompleteCallback
                0x00000000080053cc       0x14 Drivers/STM32F4xx_HAL_Driver/Src/stm32f4xx_hal_can.o
                0x00000000080053cc                HAL_CAN_TxMailbox0CompleteCallback
 .text.HAL_CAN_TxMailbox1CompleteCallback
                0x00000000080053e0       0x14 Drivers/STM32F4xx_HAL_Driver/Src/stm32f4xx_hal_can.o
                0x00000000080053e0                HAL_CAN_TxMailbox1CompleteCallback
 .text.HAL_CAN_TxMailbox2CompleteCallback
                0x00000000080053f4       0x14 Drivers/STM32F4xx_HAL_Driver/Src/stm32f4xx_hal_can.o
                0x00000000080053f4                HAL_CAN_TxMailbox2CompleteCallback
 .text.HAL_CAN_TxMailbox0AbortCallback
                0x0000000008005408       0x14 Drivers/STM32F4xx_HAL_Driver/Src/stm32f4xx_hal_can.o
                0x0000000008005408                HAL_CAN_TxMailbox0AbortCallback
 .text.HAL_CAN_TxMailbox1AbortCallback
                0x000000000800541c       0x14 Drivers/STM32F4xx_HAL_Driver/Src/stm32f4xx_hal_can.o
                0x000000000800541c                HAL_CAN_TxMailbox1AbortCallback
 .text.HAL_CAN_TxMailbox2AbortCallback
                0x0000000008005430       0x14 Drivers/STM32F4xx_HAL_Driver/Src/stm32f4xx_hal_can.o
                0x0000000008005430                HAL_CAN_TxMailbox2AbortCallback
 .text.HAL_CAN_RxFifo0FullCallback
                0x0000000008005444       0x14 Drivers/STM32F4xx_HAL_Driver/Src/stm32f4xx_hal_can.o
                0x0000000008005444                HAL_CAN_RxFifo0FullCallback
 .text.HAL_CAN_RxFifo1MsgPendingCallback
                0x0000000008005458       0x14 Drivers/STM32F4xx_HAL_Driver/Src/stm32f4xx_hal_can.o
                0x0000000008005458                HAL_CAN_RxFifo1MsgPendingCallback
 .text.HAL_CAN_RxFifo1FullCallback
                0x000000000800546c       0x14 Drivers/STM32F4xx_HAL_Driver/Src/stm32f4xx_hal_can.o
                0x000000000800546c                HAL_CAN_RxFifo1FullCallback
 .text.HAL_CAN_SleepCallback
                0x0000000008005480       0x14 Drivers/STM32F4xx_HAL_Driver/Src/stm32f4xx_hal_can.o
                0x0000000008005480                HAL_CAN_SleepCallback
 .text.HAL_CAN_WakeUpFromRxMsgCallback
                0x0000000008005494       0x14 Drivers/STM32F4xx_HAL_Driver/Src/stm32f4xx_hal_can.o
                0x0000000008005494                HAL_CAN_WakeUpFromRxMsgCallback
 .text.HAL_CAN_ErrorCallback
                0x00000000080054a8       0x14 Drivers/STM32F4xx_HAL_Driver/Src/stm32f4xx_hal_can.o
                0x00000000080054a8                HAL_CAN_ErrorCallback
 .text.__NVIC_SetPriorityGrouping
                0x00000000080054bc       0x48 Drivers/STM32F4xx_HAL_Driver/Src/stm32f4xx_hal_cortex.o
 .text.__NVIC_GetPriorityGrouping
                0x0000000008005504       0x1c Drivers/STM32F4xx_HAL_Driver/Src/stm32f4xx_hal_cortex.o
 .text.__NVIC_EnableIRQ
                0x0000000008005520       0x3c Drivers/STM32F4xx_HAL_Driver/Src/stm32f4xx_hal_cortex.o
 .text.__NVIC_SetPriority
                0x000000000800555c       0x54 Drivers/STM32F4xx_HAL_Driver/Src/stm32f4xx_hal_cortex.o
 .text.NVIC_EncodePriority
                0x00000000080055b0       0x66 Drivers/STM32F4xx_HAL_Driver/Src/stm32f4xx_hal_cortex.o
 .text.HAL_NVIC_SetPriorityGrouping
                0x0000000008005616       0x16 Drivers/STM32F4xx_HAL_Driver/Src/stm32f4xx_hal_cortex.o
                0x0000000008005616                HAL_NVIC_SetPriorityGrouping
 .text.HAL_NVIC_SetPriority
                0x000000000800562c       0x38 Drivers/STM32F4xx_HAL_Driver/Src/stm32f4xx_hal_cortex.o
                0x000000000800562c                HAL_NVIC_SetPriority
 .text.HAL_NVIC_EnableIRQ
                0x0000000008005664       0x1c Drivers/STM32F4xx_HAL_Driver/Src/stm32f4xx_hal_cortex.o
                0x0000000008005664                HAL_NVIC_EnableIRQ
 .text.HAL_DMA_Abort_IT
                0x0000000008005680       0x44 Drivers/STM32F4xx_HAL_Driver/Src/stm32f4xx_hal_dma.o
                0x0000000008005680                HAL_DMA_Abort_IT
 .text.HAL_GPIO_Init
                0x00000000080056c4      0x334 Drivers/STM32F4xx_HAL_Driver/Src/stm32f4xx_hal_gpio.o
                0x00000000080056c4                HAL_GPIO_Init
 .text.HAL_GPIO_WritePin
                0x00000000080059f8       0x32 Drivers/STM32F4xx_HAL_Driver/Src/stm32f4xx_hal_gpio.o
                0x00000000080059f8                HAL_GPIO_WritePin
 *fill*         0x0000000008005a2a        0x2 
 .text.HAL_RCC_OscConfig
                0x0000000008005a2c      0x4e0 Drivers/STM32F4xx_HAL_Driver/Src/stm32f4xx_hal_rcc.o
                0x0000000008005a2c                HAL_RCC_OscConfig
 .text.HAL_RCC_ClockConfig
                0x0000000008005f0c      0x1cc Drivers/STM32F4xx_HAL_Driver/Src/stm32f4xx_hal_rcc.o
                0x0000000008005f0c                HAL_RCC_ClockConfig
 .text.HAL_RCC_GetSysClockFreq
                0x00000000080060d8      0x164 Drivers/STM32F4xx_HAL_Driver/Src/stm32f4xx_hal_rcc.o
                0x00000000080060d8                HAL_RCC_GetSysClockFreq
 .text.HAL_RCC_GetHCLKFreq
                0x000000000800623c       0x18 Drivers/STM32F4xx_HAL_Driver/Src/stm32f4xx_hal_rcc.o
                0x000000000800623c                HAL_RCC_GetHCLKFreq
 .text.HAL_RCC_GetPCLK2Freq
                0x0000000008006254       0x28 Drivers/STM32F4xx_HAL_Driver/Src/stm32f4xx_hal_rcc.o
                0x0000000008006254                HAL_RCC_GetPCLK2Freq
 .text.HAL_RCC_GetClockConfig
                0x000000000800627c       0x64 Drivers/STM32F4xx_HAL_Driver/Src/stm32f4xx_hal_rcc.o
                0x000000000800627c                HAL_RCC_GetClockConfig
 .text.HAL_SPI_Init
                0x00000000080062e0       0xc8 Drivers/STM32F4xx_HAL_Driver/Src/stm32f4xx_hal_spi.o
                0x00000000080062e0                HAL_SPI_Init
 .text.HAL_SPI_IRQHandler
                0x00000000080063a8      0x200 Drivers/STM32F4xx_HAL_Driver/Src/stm32f4xx_hal_spi.o
                0x00000000080063a8                HAL_SPI_IRQHandler
 .text.HAL_SPI_ErrorCallback
                0x00000000080065a8       0x14 Drivers/STM32F4xx_HAL_Driver/Src/stm32f4xx_hal_spi.o
                0x00000000080065a8                HAL_SPI_ErrorCallback
 .text.SPI_DMAAbortOnError
                0x00000000080065bc       0x28 Drivers/STM32F4xx_HAL_Driver/Src/stm32f4xx_hal_spi.o
 .text.HAL_TIM_Base_Init
                0x00000000080065e4       0x56 Drivers/STM32F4xx_HAL_Driver/Src/stm32f4xx_hal_tim.o
                0x00000000080065e4                HAL_TIM_Base_Init
 .text.HAL_TIM_Base_Start_IT
                0x000000000800663a       0x48 Drivers/STM32F4xx_HAL_Driver/Src/stm32f4xx_hal_tim.o
                0x000000000800663a                HAL_TIM_Base_Start_IT
 .text.HAL_TIM_OC_Init
                0x0000000008006682       0x56 Drivers/STM32F4xx_HAL_Driver/Src/stm32f4xx_hal_tim.o
                0x0000000008006682                HAL_TIM_OC_Init
 .text.HAL_TIM_OC_MspInit
                0x00000000080066d8       0x14 Drivers/STM32F4xx_HAL_Driver/Src/stm32f4xx_hal_tim.o
                0x00000000080066d8                HAL_TIM_OC_MspInit
 .text.HAL_TIM_PWM_Init
                0x00000000080066ec       0x56 Drivers/STM32F4xx_HAL_Driver/Src/stm32f4xx_hal_tim.o
                0x00000000080066ec                HAL_TIM_PWM_Init
 .text.HAL_TIM_PWM_MspInit
                0x0000000008006742       0x14 Drivers/STM32F4xx_HAL_Driver/Src/stm32f4xx_hal_tim.o
                0x0000000008006742                HAL_TIM_PWM_MspInit
 .text.HAL_TIM_Encoder_Init
                0x0000000008006756      0x124 Drivers/STM32F4xx_HAL_Driver/Src/stm32f4xx_hal_tim.o
                0x0000000008006756                HAL_TIM_Encoder_Init
 .text.HAL_TIM_IRQHandler
                0x000000000800687a      0x210 Drivers/STM32F4xx_HAL_Driver/Src/stm32f4xx_hal_tim.o
                0x000000000800687a                HAL_TIM_IRQHandler
 *fill*         0x0000000008006a8a        0x2 
 .text.HAL_TIM_OC_ConfigChannel
                0x0000000008006a8c       0xc0 Drivers/STM32F4xx_HAL_Driver/Src/stm32f4xx_hal_tim.o
                0x0000000008006a8c                HAL_TIM_OC_ConfigChannel
 .text.HAL_TIM_PWM_ConfigChannel
                0x0000000008006b4c      0x18c Drivers/STM32F4xx_HAL_Driver/Src/stm32f4xx_hal_tim.o
                0x0000000008006b4c                HAL_TIM_PWM_ConfigChannel
 .text.HAL_TIM_ConfigClockSource
                0x0000000008006cd8      0x16e Drivers/STM32F4xx_HAL_Driver/Src/stm32f4xx_hal_tim.o
                0x0000000008006cd8                HAL_TIM_ConfigClockSource
 .text.HAL_TIM_OC_DelayElapsedCallback
                0x0000000008006e46       0x14 Drivers/STM32F4xx_HAL_Driver/Src/stm32f4xx_hal_tim.o
                0x0000000008006e46                HAL_TIM_OC_DelayElapsedCallback
 .text.HAL_TIM_IC_CaptureCallback
                0x0000000008006e5a       0x14 Drivers/STM32F4xx_HAL_Driver/Src/stm32f4xx_hal_tim.o
                0x0000000008006e5a                HAL_TIM_IC_CaptureCallback
 .text.HAL_TIM_PWM_PulseFinishedCallback
                0x0000000008006e6e       0x14 Drivers/STM32F4xx_HAL_Driver/Src/stm32f4xx_hal_tim.o
                0x0000000008006e6e                HAL_TIM_PWM_PulseFinishedCallback
 .text.HAL_TIM_TriggerCallback
                0x0000000008006e82       0x14 Drivers/STM32F4xx_HAL_Driver/Src/stm32f4xx_hal_tim.o
                0x0000000008006e82                HAL_TIM_TriggerCallback
 *fill*         0x0000000008006e96        0x2 
 .text.TIM_Base_SetConfig
                0x0000000008006e98      0x140 Drivers/STM32F4xx_HAL_Driver/Src/stm32f4xx_hal_tim.o
                0x0000000008006e98                TIM_Base_SetConfig
 .text.TIM_OC1_SetConfig
                0x0000000008006fd8       0xe0 Drivers/STM32F4xx_HAL_Driver/Src/stm32f4xx_hal_tim.o
 .text.TIM_OC2_SetConfig
                0x00000000080070b8       0xec Drivers/STM32F4xx_HAL_Driver/Src/stm32f4xx_hal_tim.o
                0x00000000080070b8                TIM_OC2_SetConfig
 .text.TIM_OC3_SetConfig
                0x00000000080071a4       0xe8 Drivers/STM32F4xx_HAL_Driver/Src/stm32f4xx_hal_tim.o
 .text.TIM_OC4_SetConfig
                0x000000000800728c       0xac Drivers/STM32F4xx_HAL_Driver/Src/stm32f4xx_hal_tim.o
 .text.TIM_TI1_ConfigInputStage
                0x0000000008007338       0x5e Drivers/STM32F4xx_HAL_Driver/Src/stm32f4xx_hal_tim.o
 .text.TIM_TI2_ConfigInputStage
                0x0000000008007396       0x60 Drivers/STM32F4xx_HAL_Driver/Src/stm32f4xx_hal_tim.o
 .text.TIM_ITRx_SetConfig
                0x00000000080073f6       0x36 Drivers/STM32F4xx_HAL_Driver/Src/stm32f4xx_hal_tim.o
 .text.TIM_ETR_SetConfig
                0x000000000800742c       0x40 Drivers/STM32F4xx_HAL_Driver/Src/stm32f4xx_hal_tim.o
                0x000000000800742c                TIM_ETR_SetConfig
 .text.HAL_TIMEx_MasterConfigSynchronization
                0x000000000800746c       0xf8 Drivers/STM32F4xx_HAL_Driver/Src/stm32f4xx_hal_tim_ex.o
                0x000000000800746c                HAL_TIMEx_MasterConfigSynchronization
 .text.HAL_TIMEx_CommutCallback
                0x0000000008007564       0x14 Drivers/STM32F4xx_HAL_Driver/Src/stm32f4xx_hal_tim_ex.o
                0x0000000008007564                HAL_TIMEx_CommutCallback
 .text.HAL_TIMEx_BreakCallback
                0x0000000008007578       0x14 Drivers/STM32F4xx_HAL_Driver/Src/stm32f4xx_hal_tim_ex.o
                0x0000000008007578                HAL_TIMEx_BreakCallback
 .text.makeFreeRtosPriority
                0x000000000800758c       0x30 Middlewares/Third_Party/FreeRTOS/Source/CMSIS_RTOS/cmsis_os.o
 .text.osKernelStart
                0x00000000080075bc        0xe Middlewares/Third_Party/FreeRTOS/Source/CMSIS_RTOS/cmsis_os.o
                0x00000000080075bc                osKernelStart
 .text.osThreadCreate
                0x00000000080075ca       0x98 Middlewares/Third_Party/FreeRTOS/Source/CMSIS_RTOS/cmsis_os.o
                0x00000000080075ca                osThreadCreate
 .text.vListInitialise
                0x0000000008007662       0x40 Middlewares/Third_Party/FreeRTOS/Source/list.o
                0x0000000008007662                vListInitialise
 .text.vListInitialiseItem
                0x00000000080076a2       0x1a Middlewares/Third_Party/FreeRTOS/Source/list.o
                0x00000000080076a2                vListInitialiseItem
 .text.vListInsertEnd
                0x00000000080076bc       0x48 Middlewares/Third_Party/FreeRTOS/Source/list.o
                0x00000000080076bc                vListInsertEnd
 .text.vListInsert
                0x0000000008007704       0x72 Middlewares/Third_Party/FreeRTOS/Source/list.o
                0x0000000008007704                vListInsert
 .text.uxListRemove
                0x0000000008007776       0x54 Middlewares/Third_Party/FreeRTOS/Source/list.o
                0x0000000008007776                uxListRemove
 *fill*         0x00000000080077ca        0x2 
 .text.xQueueGenericReset
                0x00000000080077cc       0xd0 Middlewares/Third_Party/FreeRTOS/Source/queue.o
                0x00000000080077cc                xQueueGenericReset
 .text.xQueueGenericCreateStatic
                0x000000000800789c       0xe6 Middlewares/Third_Party/FreeRTOS/Source/queue.o
                0x000000000800789c                xQueueGenericCreateStatic
 .text.xQueueGenericCreate
                0x0000000008007982       0x7e Middlewares/Third_Party/FreeRTOS/Source/queue.o
                0x0000000008007982                xQueueGenericCreate
 .text.prvInitialiseNewQueue
                0x0000000008007a00       0x44 Middlewares/Third_Party/FreeRTOS/Source/queue.o
 .text.xQueueGenericSend
                0x0000000008007a44      0x230 Middlewares/Third_Party/FreeRTOS/Source/queue.o
                0x0000000008007a44                xQueueGenericSend
 .text.xQueueGenericSendFromISR
                0x0000000008007c74      0x14c Middlewares/Third_Party/FreeRTOS/Source/queue.o
                0x0000000008007c74                xQueueGenericSendFromISR
 .text.xQueueReceive
                0x0000000008007dc0      0x1b8 Middlewares/Third_Party/FreeRTOS/Source/queue.o
                0x0000000008007dc0                xQueueReceive
 .text.prvCopyDataToQueue
                0x0000000008007f78       0xd4 Middlewares/Third_Party/FreeRTOS/Source/queue.o
 .text.prvCopyDataFromQueue
                0x000000000800804c       0x4c Middlewares/Third_Party/FreeRTOS/Source/queue.o
 .text.prvUnlockQueue
                0x0000000008008098       0xc0 Middlewares/Third_Party/FreeRTOS/Source/queue.o
 .text.prvIsQueueEmpty
                0x0000000008008158       0x2c Middlewares/Third_Party/FreeRTOS/Source/queue.o
 .text.prvIsQueueFull
                0x0000000008008184       0x30 Middlewares/Third_Party/FreeRTOS/Source/queue.o
 .text.vQueueAddToRegistry
                0x00000000080081b4       0x50 Middlewares/Third_Party/FreeRTOS/Source/queue.o
                0x00000000080081b4                vQueueAddToRegistry
 .text.vQueueWaitForMessageRestricted
                0x0000000008008204       0x68 Middlewares/Third_Party/FreeRTOS/Source/queue.o
                0x0000000008008204                vQueueWaitForMessageRestricted
 .text.xQueueCreateSet
                0x000000000800826c       0x1e Middlewares/Third_Party/FreeRTOS/Source/queue.o
                0x000000000800826c                xQueueCreateSet
 .text.xQueueAddToSet
                0x000000000800828a       0x42 Middlewares/Third_Party/FreeRTOS/Source/queue.o
                0x000000000800828a                xQueueAddToSet
 .text.xQueueSelectFromSet
                0x00000000080082cc       0x26 Middlewares/Third_Party/FreeRTOS/Source/queue.o
                0x00000000080082cc                xQueueSelectFromSet
 .text.prvNotifyQueueSetContainer
                0x00000000080082f2       0xb0 Middlewares/Third_Party/FreeRTOS/Source/queue.o
 .text.xTaskCreateStatic
                0x00000000080083a2       0xb4 Middlewares/Third_Party/FreeRTOS/Source/tasks.o
                0x00000000080083a2                xTaskCreateStatic
 .text.xTaskCreate
                0x0000000008008456       0x8a Middlewares/Third_Party/FreeRTOS/Source/tasks.o
                0x0000000008008456                xTaskCreate
 .text.prvInitialiseNewTask
                0x00000000080084e0      0x10c Middlewares/Third_Party/FreeRTOS/Source/tasks.o
 .text.prvAddNewTaskToReadyList
                0x00000000080085ec       0xd4 Middlewares/Third_Party/FreeRTOS/Source/tasks.o
 .text.vTaskDelay
                0x00000000080086c0       0x68 Middlewares/Third_Party/FreeRTOS/Source/tasks.o
                0x00000000080086c0                vTaskDelay
 .text.vTaskStartScheduler
                0x0000000008008728       0xc8 Middlewares/Third_Party/FreeRTOS/Source/tasks.o
                0x0000000008008728                vTaskStartScheduler
 .text.vTaskSuspendAll
                0x00000000080087f0       0x1c Middlewares/Third_Party/FreeRTOS/Source/tasks.o
                0x00000000080087f0                vTaskSuspendAll
 .text.xTaskResumeAll
                0x000000000800880c      0x138 Middlewares/Third_Party/FreeRTOS/Source/tasks.o
                0x000000000800880c                xTaskResumeAll
 .text.xTaskGetTickCount
                0x0000000008008944       0x20 Middlewares/Third_Party/FreeRTOS/Source/tasks.o
                0x0000000008008944                xTaskGetTickCount
 .text.xTaskIncrementTick
                0x0000000008008964      0x170 Middlewares/Third_Party/FreeRTOS/Source/tasks.o
                0x0000000008008964                xTaskIncrementTick
 .text.vTaskSwitchContext
                0x0000000008008ad4       0xb4 Middlewares/Third_Party/FreeRTOS/Source/tasks.o
                0x0000000008008ad4                vTaskSwitchContext
 .text.vTaskPlaceOnEventList
                0x0000000008008b88       0x48 Middlewares/Third_Party/FreeRTOS/Source/tasks.o
                0x0000000008008b88                vTaskPlaceOnEventList
 .text.vTaskPlaceOnEventListRestricted
                0x0000000008008bd0       0x54 Middlewares/Third_Party/FreeRTOS/Source/tasks.o
                0x0000000008008bd0                vTaskPlaceOnEventListRestricted
 .text.xTaskRemoveFromEventList
                0x0000000008008c24       0xc4 Middlewares/Third_Party/FreeRTOS/Source/tasks.o
                0x0000000008008c24                xTaskRemoveFromEventList
 .text.vTaskInternalSetTimeOutState
                0x0000000008008ce8       0x2c Middlewares/Third_Party/FreeRTOS/Source/tasks.o
                0x0000000008008ce8                vTaskInternalSetTimeOutState
 .text.xTaskCheckForTimeOut
                0x0000000008008d14       0xc0 Middlewares/Third_Party/FreeRTOS/Source/tasks.o
                0x0000000008008d14                xTaskCheckForTimeOut
 .text.vTaskMissedYield
                0x0000000008008dd4       0x18 Middlewares/Third_Party/FreeRTOS/Source/tasks.o
                0x0000000008008dd4                vTaskMissedYield
 .text.prvIdleTask
                0x0000000008008dec       0x30 Middlewares/Third_Party/FreeRTOS/Source/tasks.o
 .text.prvInitialiseTaskLists
                0x0000000008008e1c       0x80 Middlewares/Third_Party/FreeRTOS/Source/tasks.o
 .text.prvCheckTasksWaitingTermination
                0x0000000008008e9c       0x58 Middlewares/Third_Party/FreeRTOS/Source/tasks.o
 .text.prvDeleteTCB
                0x0000000008008ef4       0x5c Middlewares/Third_Party/FreeRTOS/Source/tasks.o
 .text.prvResetNextTaskUnblockTime
                0x0000000008008f50       0x40 Middlewares/Third_Party/FreeRTOS/Source/tasks.o
 .text.xTaskGetSchedulerState
                0x0000000008008f90       0x3c Middlewares/Third_Party/FreeRTOS/Source/tasks.o
                0x0000000008008f90                xTaskGetSchedulerState
 .text.xTaskPriorityDisinherit
                0x0000000008008fcc      0x108 Middlewares/Third_Party/FreeRTOS/Source/tasks.o
                0x0000000008008fcc                xTaskPriorityDisinherit
 .text.ulTaskNotifyTake
                0x00000000080090d4       0x90 Middlewares/Third_Party/FreeRTOS/Source/tasks.o
                0x00000000080090d4                ulTaskNotifyTake
 .text.vTaskNotifyGiveFromISR
                0x0000000008009164      0x11c Middlewares/Third_Party/FreeRTOS/Source/tasks.o
                0x0000000008009164                vTaskNotifyGiveFromISR
 .text.prvAddCurrentTaskToDelayedList
                0x0000000008009280       0xcc Middlewares/Third_Party/FreeRTOS/Source/tasks.o
 .text.xTimerCreateTimerTask
                0x000000000800934c       0x90 Middlewares/Third_Party/FreeRTOS/Source/timers.o
                0x000000000800934c                xTimerCreateTimerTask
 .text.xTimerCreate
                0x00000000080093dc       0x42 Middlewares/Third_Party/FreeRTOS/Source/timers.o
                0x00000000080093dc                xTimerCreate
 .text.prvInitialiseNewTimer
                0x000000000800941e       0x74 Middlewares/Third_Party/FreeRTOS/Source/timers.o
 *fill*         0x0000000008009492        0x2 
 .text.xTimerGenericCommand
                0x0000000008009494       0x98 Middlewares/Third_Party/FreeRTOS/Source/timers.o
                0x0000000008009494                xTimerGenericCommand
 .text.prvProcessExpiredTimer
                0x000000000800952c       0x98 Middlewares/Third_Party/FreeRTOS/Source/timers.o
 .text.prvTimerTask
                0x00000000080095c4       0x24 Middlewares/Third_Party/FreeRTOS/Source/timers.o
 .text.prvProcessTimerOrBlockTask
                0x00000000080095e8       0x9c Middlewares/Third_Party/FreeRTOS/Source/timers.o
 .text.prvGetNextExpireTime
                0x0000000008009684       0x48 Middlewares/Third_Party/FreeRTOS/Source/timers.o
 .text.prvSampleTimeNow
                0x00000000080096cc       0x40 Middlewares/Third_Party/FreeRTOS/Source/timers.o
 .text.prvInsertTimerInActiveList
                0x000000000800970c       0x84 Middlewares/Third_Party/FreeRTOS/Source/timers.o
 .text.prvProcessReceivedCommands
                0x0000000008009790      0x188 Middlewares/Third_Party/FreeRTOS/Source/timers.o
 .text.prvSwitchTimerLists
                0x0000000008009918       0xc8 Middlewares/Third_Party/FreeRTOS/Source/timers.o
 .text.prvCheckForValidListAndQueue
                0x00000000080099e0       0x80 Middlewares/Third_Party/FreeRTOS/Source/timers.o
 .text.pxPortInitialiseStack
                0x0000000008009a60       0x68 Middlewares/Third_Party/FreeRTOS/Source/portable/GCC/ARM_CM4F/port.o
                0x0000000008009a60                pxPortInitialiseStack
 .text.prvTaskExitError
                0x0000000008009ac8       0x54 Middlewares/Third_Party/FreeRTOS/Source/portable/GCC/ARM_CM4F/port.o
 *fill*         0x0000000008009b1c        0x4 
 .text.SVC_Handler
                0x0000000008009b20       0x28 Middlewares/Third_Party/FreeRTOS/Source/portable/GCC/ARM_CM4F/port.o
                0x0000000008009b20                SVC_Handler
 .text.prvPortStartFirstTask
                0x0000000008009b48       0x28 Middlewares/Third_Party/FreeRTOS/Source/portable/GCC/ARM_CM4F/port.o
 .text.xPortStartScheduler
                0x0000000008009b70      0x13c Middlewares/Third_Party/FreeRTOS/Source/portable/GCC/ARM_CM4F/port.o
                0x0000000008009b70                xPortStartScheduler
 .text.vPortEnterCritical
                0x0000000008009cac       0x5c Middlewares/Third_Party/FreeRTOS/Source/portable/GCC/ARM_CM4F/port.o
                0x0000000008009cac                vPortEnterCritical
 .text.vPortExitCritical
                0x0000000008009d08       0x50 Middlewares/Third_Party/FreeRTOS/Source/portable/GCC/ARM_CM4F/port.o
                0x0000000008009d08                vPortExitCritical
 *fill*         0x0000000008009d58        0x8 
 .text.PendSV_Handler
                0x0000000008009d60       0x68 Middlewares/Third_Party/FreeRTOS/Source/portable/GCC/ARM_CM4F/port.o
                0x0000000008009d60                PendSV_Handler
 .text.SysTick_Handler
                0x0000000008009dc8       0x40 Middlewares/Third_Party/FreeRTOS/Source/portable/GCC/ARM_CM4F/port.o
                0x0000000008009dc8                SysTick_Handler
 .text.vPortSetupTimerInterrupt
                0x0000000008009e08       0x48 Middlewares/Third_Party/FreeRTOS/Source/portable/GCC/ARM_CM4F/port.o
                0x0000000008009e08                vPortSetupTimerInterrupt
 .text.vPortEnableVFP
                0x0000000008009e50       0x14 Middlewares/Third_Party/FreeRTOS/Source/portable/GCC/ARM_CM4F/port.o
 .text.vPortValidateInterruptPriority
                0x0000000008009e64       0x7c Middlewares/Third_Party/FreeRTOS/Source/portable/GCC/ARM_CM4F/port.o
                0x0000000008009e64                vPortValidateInterruptPriority
 .text.pvPortMalloc
                0x0000000008009ee0      0x184 Middlewares/Third_Party/FreeRTOS/Source/portable/MemMang/heap_4.o
                0x0000000008009ee0                pvPortMalloc
 .text.vPortFree
                0x000000000800a064       0xb0 Middlewares/Third_Party/FreeRTOS/Source/portable/MemMang/heap_4.o
                0x000000000800a064                vPortFree
 .text.prvHeapInit
                0x000000000800a114       0xc4 Middlewares/Third_Party/FreeRTOS/Source/portable/MemMang/heap_4.o
 .text.prvInsertBlockIntoFreeList
                0x000000000800a1d8       0xb4 Middlewares/Third_Party/FreeRTOS/Source/portable/MemMang/heap_4.o
 .text.adc_interface_init
                0x000000000800a28c       0x50 lib/adc_interface.o
                0x000000000800a28c                adc_interface_init
 *fill*         0x000000000800a2dc        0x4 
 .text.get_motor_current_ma
                0x000000000800a2e0      0x1c8 lib/adc_interface.o
                0x000000000800a2e0                get_motor_current_ma
 .text.unpack_can_message
                0x000000000800a4a8       0x4a lib/can_messages.o
                0x000000000800a4a8                unpack_can_message
 .text.pack_can_message
                0x000000000800a4f2       0x5c lib/can_messages.o
                0x000000000800a4f2                pack_can_message
 *fill*         0x000000000800a54e        0x2 
 .text.get_motor_encoder_ticks
                0x000000000800a550      0x158 lib/encoder_interface.o
                0x000000000800a550                get_motor_encoder_ticks
 .text.set_motor_encoder_ticks
                0x000000000800a6a8       0x48 lib/encoder_interface.o
                0x000000000800a6a8                set_motor_encoder_ticks
 .text.precalc_inverse_trig
                0x000000000800a6f0      0x13c lib/fast_inverse_trig.o
                0x000000000800a6f0                precalc_inverse_trig
 .text.fast_acos
                0x000000000800a82c       0xb8 lib/fast_inverse_trig.o
                0x000000000800a82c                fast_acos
 .text.fast_atan
                0x000000000800a8e4       0xa8 lib/fast_inverse_trig.o
                0x000000000800a8e4                fast_atan
 .text.calculate_impedance_control
                0x000000000800a98c      0x178 lib/impedance_controller.o
                0x000000000800a98c                calculate_impedance_control
 .text.init_leg_precalcs
                0x000000000800ab04       0x98 lib/inverse_kinematics.o
                0x000000000800ab04                init_leg_precalcs
 .text.calculate_ik
                0x000000000800ab9c       0xe0 lib/inverse_kinematics.o
                0x000000000800ab9c                calculate_ik
 .text.calculate_fk_and_jacobian
                0x000000000800ac7c      0x12c lib/inverse_kinematics.o
                0x000000000800ac7c                calculate_fk_and_jacobian
 .text.motion_primitive_init
                0x000000000800ada8      0x780 lib/motion_primitives.o
                0x000000000800ada8                motion_primitive_init
 .text.motion_primitive_time_sync
                0x000000000800b528       0x24 lib/motion_primitives.o
                0x000000000800b528                motion_primitive_time_sync
 .text.motion_primitive_set_index
                0x000000000800b54c       0x28 lib/motion_primitives.o
                0x000000000800b54c                motion_primitive_set_index
 .text.motion_primitive_set_timing
                0x000000000800b574       0x7c lib/motion_primitives.o
                0x000000000800b574                motion_primitive_set_timing
 .text.motion_primitive_set_scaling
                0x000000000800b5f0       0x7c lib/motion_primitives.o
                0x000000000800b5f0                motion_primitive_set_scaling
 *fill*         0x000000000800b66c        0x4 
 .text.motion_primitive_get_position
                0x000000000800b670      0x67c lib/motion_primitives.o
                0x000000000800b670                motion_primitive_get_position
 *fill*         0x000000000800bcec        0x4 
 .text.motion_primitive_get_position_bezier_quadratic
                0x000000000800bcf0      0x824 lib/motion_primitives.o
                0x000000000800bcf0                motion_primitive_get_position_bezier_quadratic
 .text.motion_primitive_is_inverted
                0x000000000800c514       0x38 lib/motion_primitives.o
                0x000000000800c514                motion_primitive_is_inverted
 .text.motion_primitive_set_keyframe
                0x000000000800c54c       0x98 lib/motion_primitives.o
                0x000000000800c54c                motion_primitive_set_keyframe
 .text.get_motion_primitive
                0x000000000800c5e4       0x18 lib/motion_primitives.o
                0x000000000800c5e4                get_motion_primitive
 .text.calculate_pid
                0x000000000800c5fc      0x178 lib/pid_controller.o
                0x000000000800c5fc                calculate_pid
 .text.arm_sin_f32
                0x000000000800c774       0x88 ../lib/libarm_cortexM4lf_math.a(arm_sin_f32.o)
                0x000000000800c774                arm_sin_f32
 .text.arm_cos_f32
                0x000000000800c7fc       0x80 ../lib/libarm_cortexM4lf_math.a(arm_cos_f32.o)
                0x000000000800c7fc                arm_cos_f32
 .text.__errno  0x000000000800c87c        0xc /opt/st/stm32cubeide_1.3.0/plugins/com.st.stm32cube.ide.mcu.externaltools.gnu-tools-for-stm32.7-2018-q2-update.linux64_1.0.0.201904181610/tools/bin/../lib/gcc/arm-none-eabi/7.3.1/../../../../arm-none-eabi/lib/thumb/v7e-m/fpv4-sp/hard/libc_nano.a(lib_a-errno.o)
                0x000000000800c87c                __errno
 .text.__libc_init_array
                0x000000000800c888       0x48 /opt/st/stm32cubeide_1.3.0/plugins/com.st.stm32cube.ide.mcu.externaltools.gnu-tools-for-stm32.7-2018-q2-update.linux64_1.0.0.201904181610/tools/bin/../lib/gcc/arm-none-eabi/7.3.1/../../../../arm-none-eabi/lib/thumb/v7e-m/fpv4-sp/hard/libc_nano.a(lib_a-init.o)
                0x000000000800c888                __libc_init_array
 .text.memcpy   0x000000000800c8d0       0x16 /opt/st/stm32cubeide_1.3.0/plugins/com.st.stm32cube.ide.mcu.externaltools.gnu-tools-for-stm32.7-2018-q2-update.linux64_1.0.0.201904181610/tools/bin/../lib/gcc/arm-none-eabi/7.3.1/../../../../arm-none-eabi/lib/thumb/v7e-m/fpv4-sp/hard/libc_nano.a(lib_a-memcpy-stub.o)
                0x000000000800c8d0                memcpy
 .text.memset   0x000000000800c8e6       0x10 /opt/st/stm32cubeide_1.3.0/plugins/com.st.stm32cube.ide.mcu.externaltools.gnu-tools-for-stm32.7-2018-q2-update.linux64_1.0.0.201904181610/tools/bin/../lib/gcc/arm-none-eabi/7.3.1/../../../../arm-none-eabi/lib/thumb/v7e-m/fpv4-sp/hard/libc_nano.a(lib_a-memset.o)
                0x000000000800c8e6                memset
 *fill*         0x000000000800c8f6        0x2 
 .text.atan     0x000000000800c8f8      0x340 /opt/st/stm32cubeide_1.3.0/plugins/com.st.stm32cube.ide.mcu.externaltools.gnu-tools-for-stm32.7-2018-q2-update.linux64_1.0.0.201904181610/tools/bin/../lib/gcc/arm-none-eabi/7.3.1/../../../../arm-none-eabi/lib/thumb/v7e-m/fpv4-sp/hard/libm.a(lib_a-s_atan.o)
                0x000000000800c8f8                atan
 .text.fabs     0x000000000800cc38       0x12 /opt/st/stm32cubeide_1.3.0/plugins/com.st.stm32cube.ide.mcu.externaltools.gnu-tools-for-stm32.7-2018-q2-update.linux64_1.0.0.201904181610/tools/bin/../lib/gcc/arm-none-eabi/7.3.1/../../../../arm-none-eabi/lib/thumb/v7e-m/fpv4-sp/hard/libm.a(lib_a-s_fabs.o)
                0x000000000800cc38                fabs
 *fill*         0x000000000800cc4a        0x2 
 .text.acos     0x000000000800cc4c       0xb0 /opt/st/stm32cubeide_1.3.0/plugins/com.st.stm32cube.ide.mcu.externaltools.gnu-tools-for-stm32.7-2018-q2-update.linux64_1.0.0.201904181610/tools/bin/../lib/gcc/arm-none-eabi/7.3.1/../../../../arm-none-eabi/lib/thumb/v7e-m/fpv4-sp/hard/libm.a(lib_a-w_acos.o)
                0x000000000800cc4c                acos
 .text.fmod     0x000000000800ccfc       0xc8 /opt/st/stm32cubeide_1.3.0/plugins/com.st.stm32cube.ide.mcu.externaltools.gnu-tools-for-stm32.7-2018-q2-update.linux64_1.0.0.201904181610/tools/bin/../lib/gcc/arm-none-eabi/7.3.1/../../../../arm-none-eabi/lib/thumb/v7e-m/fpv4-sp/hard/libm.a(lib_a-w_fmod.o)
                0x000000000800ccfc                fmod
 *fill*         0x000000000800cdc4        0x4 
 .text.__ieee754_acos
                0x000000000800cdc8      0x4b8 /opt/st/stm32cubeide_1.3.0/plugins/com.st.stm32cube.ide.mcu.externaltools.gnu-tools-for-stm32.7-2018-q2-update.linux64_1.0.0.201904181610/tools/bin/../lib/gcc/arm-none-eabi/7.3.1/../../../../arm-none-eabi/lib/thumb/v7e-m/fpv4-sp/hard/libm.a(lib_a-e_acos.o)
                0x000000000800cdc8                __ieee754_acos
 .text.__ieee754_fmod
                0x000000000800d280      0x224 /opt/st/stm32cubeide_1.3.0/plugins/com.st.stm32cube.ide.mcu.externaltools.gnu-tools-for-stm32.7-2018-q2-update.linux64_1.0.0.201904181610/tools/bin/../lib/gcc/arm-none-eabi/7.3.1/../../../../arm-none-eabi/lib/thumb/v7e-m/fpv4-sp/hard/libm.a(lib_a-e_fmod.o)
                0x000000000800d280                __ieee754_fmod
 .text.__ieee754_sqrt
                0x000000000800d4a4      0x160 /opt/st/stm32cubeide_1.3.0/plugins/com.st.stm32cube.ide.mcu.externaltools.gnu-tools-for-stm32.7-2018-q2-update.linux64_1.0.0.201904181610/tools/bin/../lib/gcc/arm-none-eabi/7.3.1/../../../../arm-none-eabi/lib/thumb/v7e-m/fpv4-sp/hard/libm.a(lib_a-e_sqrt.o)
                0x000000000800d4a4                __ieee754_sqrt
 .text.matherr  0x000000000800d604        0x4 /opt/st/stm32cubeide_1.3.0/plugins/com.st.stm32cube.ide.mcu.externaltools.gnu-tools-for-stm32.7-2018-q2-update.linux64_1.0.0.201904181610/tools/bin/../lib/gcc/arm-none-eabi/7.3.1/../../../../arm-none-eabi/lib/thumb/v7e-m/fpv4-sp/hard/libm.a(lib_a-s_matherr.o)
                0x000000000800d604                matherr
 .text.nan      0x000000000800d608       0x10 /opt/st/stm32cubeide_1.3.0/plugins/com.st.stm32cube.ide.mcu.externaltools.gnu-tools-for-stm32.7-2018-q2-update.linux64_1.0.0.201904181610/tools/bin/../lib/gcc/arm-none-eabi/7.3.1/../../../../arm-none-eabi/lib/thumb/v7e-m/fpv4-sp/hard/libm.a(lib_a-s_nan.o)
                0x000000000800d608                nan
 *(.glue_7)
 .glue_7        0x000000000800d618        0x0 linker stubs
 *(.glue_7t)
 .glue_7t       0x000000000800d618        0x0 linker stubs
 *(.eh_frame)
 .eh_frame      0x000000000800d618        0x0 /opt/st/stm32cubeide_1.3.0/plugins/com.st.stm32cube.ide.mcu.externaltools.gnu-tools-for-stm32.7-2018-q2-update.linux64_1.0.0.201904181610/tools/bin/../lib/gcc/arm-none-eabi/7.3.1/thumb/v7e-m/fpv4-sp/hard/crtbegin.o
 *(.init)
 .init          0x000000000800d618        0x4 /opt/st/stm32cubeide_1.3.0/plugins/com.st.stm32cube.ide.mcu.externaltools.gnu-tools-for-stm32.7-2018-q2-update.linux64_1.0.0.201904181610/tools/bin/../lib/gcc/arm-none-eabi/7.3.1/thumb/v7e-m/fpv4-sp/hard/crti.o
                0x000000000800d618                _init
 .init          0x000000000800d61c        0x8 /opt/st/stm32cubeide_1.3.0/plugins/com.st.stm32cube.ide.mcu.externaltools.gnu-tools-for-stm32.7-2018-q2-update.linux64_1.0.0.201904181610/tools/bin/../lib/gcc/arm-none-eabi/7.3.1/thumb/v7e-m/fpv4-sp/hard/crtn.o
 *(.fini)
 .fini          0x000000000800d624        0x4 /opt/st/stm32cubeide_1.3.0/plugins/com.st.stm32cube.ide.mcu.externaltools.gnu-tools-for-stm32.7-2018-q2-update.linux64_1.0.0.201904181610/tools/bin/../lib/gcc/arm-none-eabi/7.3.1/thumb/v7e-m/fpv4-sp/hard/crti.o
                0x000000000800d624                _fini
 .fini          0x000000000800d628        0x8 /opt/st/stm32cubeide_1.3.0/plugins/com.st.stm32cube.ide.mcu.externaltools.gnu-tools-for-stm32.7-2018-q2-update.linux64_1.0.0.201904181610/tools/bin/../lib/gcc/arm-none-eabi/7.3.1/thumb/v7e-m/fpv4-sp/hard/crtn.o
                0x000000000800d630                . = ALIGN (0x4)
                0x000000000800d630                _etext = .

.vfp11_veneer   0x000000000800d630        0x0
 .vfp11_veneer  0x000000000800d630        0x0 linker stubs

.v4_bx          0x000000000800d630        0x0
 .v4_bx         0x000000000800d630        0x0 linker stubs

.iplt           0x000000000800d630        0x0
 .iplt          0x000000000800d630        0x0 /opt/st/stm32cubeide_1.3.0/plugins/com.st.stm32cube.ide.mcu.externaltools.gnu-tools-for-stm32.7-2018-q2-update.linux64_1.0.0.201904181610/tools/bin/../lib/gcc/arm-none-eabi/7.3.1/thumb/v7e-m/fpv4-sp/hard/crtbegin.o

.rodata         0x000000000800d630      0x8f0
                0x000000000800d630                . = ALIGN (0x4)
 *(.rodata)
 .rodata        0x000000000800d630       0x50 Core/Src/main.o
 .rodata        0x000000000800d680        0x5 Core/Src/motor_task.o
 *fill*         0x000000000800d685        0x3 
 .rodata        0x000000000800d688        0x5 Middlewares/Third_Party/FreeRTOS/Source/tasks.o
 *fill*         0x000000000800d68d        0x3 
 .rodata        0x000000000800d690        0xd Middlewares/Third_Party/FreeRTOS/Source/timers.o
 *(.rodata*)
 *fill*         0x000000000800d69d        0x3 
 .rodata.AHBPrescTable
                0x000000000800d6a0       0x10 Core/Src/system_stm32f4xx.o
                0x000000000800d6a0                AHBPrescTable
 .rodata.APBPrescTable
                0x000000000800d6b0        0x8 Core/Src/system_stm32f4xx.o
                0x000000000800d6b0                APBPrescTable
 .rodata.sinTable_f32
                0x000000000800d6b8      0x804 ../lib/libarm_cortexM4lf_math.a(arm_common_tables.o)
                0x000000000800d6b8                sinTable_f32
 *fill*         0x000000000800debc        0x4 
 .rodata.atanhi
                0x000000000800dec0       0x20 /opt/st/stm32cubeide_1.3.0/plugins/com.st.stm32cube.ide.mcu.externaltools.gnu-tools-for-stm32.7-2018-q2-update.linux64_1.0.0.201904181610/tools/bin/../lib/gcc/arm-none-eabi/7.3.1/../../../../arm-none-eabi/lib/thumb/v7e-m/fpv4-sp/hard/libm.a(lib_a-s_atan.o)
 .rodata.atanlo
                0x000000000800dee0       0x20 /opt/st/stm32cubeide_1.3.0/plugins/com.st.stm32cube.ide.mcu.externaltools.gnu-tools-for-stm32.7-2018-q2-update.linux64_1.0.0.201904181610/tools/bin/../lib/gcc/arm-none-eabi/7.3.1/../../../../arm-none-eabi/lib/thumb/v7e-m/fpv4-sp/hard/libm.a(lib_a-s_atan.o)
 .rodata.acos.str1.1
                0x000000000800df00        0x5 /opt/st/stm32cubeide_1.3.0/plugins/com.st.stm32cube.ide.mcu.externaltools.gnu-tools-for-stm32.7-2018-q2-update.linux64_1.0.0.201904181610/tools/bin/../lib/gcc/arm-none-eabi/7.3.1/../../../../arm-none-eabi/lib/thumb/v7e-m/fpv4-sp/hard/libm.a(lib_a-w_acos.o)
                                          0x6 (size before relaxing)
 .rodata.fmod.str1.1
                0x000000000800df05        0x5 /opt/st/stm32cubeide_1.3.0/plugins/com.st.stm32cube.ide.mcu.externaltools.gnu-tools-for-stm32.7-2018-q2-update.linux64_1.0.0.201904181610/tools/bin/../lib/gcc/arm-none-eabi/7.3.1/../../../../arm-none-eabi/lib/thumb/v7e-m/fpv4-sp/hard/libm.a(lib_a-w_fmod.o)
 *fill*         0x000000000800df0a        0x6 
 .rodata.Zero   0x000000000800df10       0x10 /opt/st/stm32cubeide_1.3.0/plugins/com.st.stm32cube.ide.mcu.externaltools.gnu-tools-for-stm32.7-2018-q2-update.linux64_1.0.0.201904181610/tools/bin/../lib/gcc/arm-none-eabi/7.3.1/../../../../arm-none-eabi/lib/thumb/v7e-m/fpv4-sp/hard/libm.a(lib_a-e_fmod.o)
                0x000000000800df20                . = ALIGN (0x4)

.ARM.extab      0x000000000800df20        0x0
                0x000000000800df20                . = ALIGN (0x4)
 *(.ARM.extab* .gnu.linkonce.armextab.*)
                0x000000000800df20                . = ALIGN (0x4)

.ARM            0x000000000800df20        0x8
                0x000000000800df20                . = ALIGN (0x4)
                0x000000000800df20                __exidx_start = .
 *(.ARM.exidx*)
 .ARM.exidx     0x000000000800df20        0x8 /opt/st/stm32cubeide_1.3.0/plugins/com.st.stm32cube.ide.mcu.externaltools.gnu-tools-for-stm32.7-2018-q2-update.linux64_1.0.0.201904181610/tools/bin/../lib/gcc/arm-none-eabi/7.3.1/thumb/v7e-m/fpv4-sp/hard/libgcc.a(_udivmoddi4.o)
                0x000000000800df28                __exidx_end = .
                0x000000000800df28                . = ALIGN (0x4)

.rel.dyn        0x000000000800df28        0x0
 .rel.iplt      0x000000000800df28        0x0 /opt/st/stm32cubeide_1.3.0/plugins/com.st.stm32cube.ide.mcu.externaltools.gnu-tools-for-stm32.7-2018-q2-update.linux64_1.0.0.201904181610/tools/bin/../lib/gcc/arm-none-eabi/7.3.1/thumb/v7e-m/fpv4-sp/hard/crtbegin.o

.preinit_array  0x000000000800df28        0x0
                0x000000000800df28                . = ALIGN (0x4)
                0x000000000800df28                PROVIDE (__preinit_array_start = .)
 *(.preinit_array*)
                0x000000000800df28                PROVIDE (__preinit_array_end = .)
                0x000000000800df28                . = ALIGN (0x4)

.init_array     0x000000000800df28        0x4
                0x000000000800df28                . = ALIGN (0x4)
                0x000000000800df28                PROVIDE (__init_array_start = .)
 *(SORT_BY_NAME(.init_array.*))
 *(.init_array*)
 .init_array    0x000000000800df28        0x4 /opt/st/stm32cubeide_1.3.0/plugins/com.st.stm32cube.ide.mcu.externaltools.gnu-tools-for-stm32.7-2018-q2-update.linux64_1.0.0.201904181610/tools/bin/../lib/gcc/arm-none-eabi/7.3.1/thumb/v7e-m/fpv4-sp/hard/crtbegin.o
                0x000000000800df2c                PROVIDE (__init_array_end = .)
                0x000000000800df2c                . = ALIGN (0x4)

.fini_array     0x000000000800df2c        0x4
                0x000000000800df2c                . = ALIGN (0x4)
                [!provide]                        PROVIDE (__fini_array_start = .)
 *(SORT_BY_NAME(.fini_array.*))
 *(.fini_array*)
 .fini_array    0x000000000800df2c        0x4 /opt/st/stm32cubeide_1.3.0/plugins/com.st.stm32cube.ide.mcu.externaltools.gnu-tools-for-stm32.7-2018-q2-update.linux64_1.0.0.201904181610/tools/bin/../lib/gcc/arm-none-eabi/7.3.1/thumb/v7e-m/fpv4-sp/hard/crtbegin.o
                [!provide]                        PROVIDE (__fini_array_end = .)
                0x000000000800df30                . = ALIGN (0x4)
                0x000000000800df30                _sidata = LOADADDR (.data)

.data           0x0000000020000000       0x8c load address 0x000000000800df30
                0x0000000020000000                . = ALIGN (0x4)
                0x0000000020000000                _sdata = .
 *(.data)
 *(.data*)
 .data.this_device
                0x0000000020000000        0x4 Core/Src/canbus_task.o
 .data.SystemCoreClock
                0x0000000020000004        0x4 Core/Src/system_stm32f4xx.o
                0x0000000020000004                SystemCoreClock
 .data.uwTickPrio
                0x0000000020000008        0x4 Drivers/STM32F4xx_HAL_Driver/Src/stm32f4xx_hal.o
                0x0000000020000008                uwTickPrio
 .data.uwTickFreq
                0x000000002000000c        0x1 Drivers/STM32F4xx_HAL_Driver/Src/stm32f4xx_hal.o
                0x000000002000000c                uwTickFreq
 *fill*         0x000000002000000d        0x3 
 .data.uxCriticalNesting
                0x0000000020000010        0x4 Middlewares/Third_Party/FreeRTOS/Source/portable/GCC/ARM_CM4F/port.o
 .data.alpha    0x0000000020000014        0x4 lib/adc_interface.o
 .data.acos_div
                0x0000000020000018        0x4 lib/fast_inverse_trig.o
 .data.atan_div
                0x000000002000001c        0x4 lib/fast_inverse_trig.o
 .data.half_range
                0x0000000020000020        0x4 lib/fast_inverse_trig.o
                0x0000000020000020                half_range
 .data._impure_ptr
                0x0000000020000024        0x4 /opt/st/stm32cubeide_1.3.0/plugins/com.st.stm32cube.ide.mcu.externaltools.gnu-tools-for-stm32.7-2018-q2-update.linux64_1.0.0.201904181610/tools/bin/../lib/gcc/arm-none-eabi/7.3.1/../../../../arm-none-eabi/lib/thumb/v7e-m/fpv4-sp/hard/libc_nano.a(lib_a-impure.o)
                0x0000000020000024                _impure_ptr
 .data.impure_data
                0x0000000020000028       0x60 /opt/st/stm32cubeide_1.3.0/plugins/com.st.stm32cube.ide.mcu.externaltools.gnu-tools-for-stm32.7-2018-q2-update.linux64_1.0.0.201904181610/tools/bin/../lib/gcc/arm-none-eabi/7.3.1/../../../../arm-none-eabi/lib/thumb/v7e-m/fpv4-sp/hard/libc_nano.a(lib_a-impure.o)
 .data.__fdlib_version
                0x0000000020000088        0x1 /opt/st/stm32cubeide_1.3.0/plugins/com.st.stm32cube.ide.mcu.externaltools.gnu-tools-for-stm32.7-2018-q2-update.linux64_1.0.0.201904181610/tools/bin/../lib/gcc/arm-none-eabi/7.3.1/../../../../arm-none-eabi/lib/thumb/v7e-m/fpv4-sp/hard/libm.a(lib_a-s_lib_ver.o)
                0x0000000020000088                __fdlib_version
                0x000000002000008c                . = ALIGN (0x4)
 *fill*         0x0000000020000089        0x3 
                0x000000002000008c                _edata = .

.igot.plt       0x000000002000008c        0x0 load address 0x000000000800dfbc
 .igot.plt      0x000000002000008c        0x0 /opt/st/stm32cubeide_1.3.0/plugins/com.st.stm32cube.ide.mcu.externaltools.gnu-tools-for-stm32.7-2018-q2-update.linux64_1.0.0.201904181610/tools/bin/../lib/gcc/arm-none-eabi/7.3.1/thumb/v7e-m/fpv4-sp/hard/crtbegin.o
                0x000000002000008c                . = ALIGN (0x4)

.bss            0x000000002000008c    0x15844 load address 0x000000000800dfbc
                0x000000002000008c                _sbss = .
                0x000000002000008c                __bss_start__ = _sbss
 *(.bss)
 .bss           0x000000002000008c       0x1c /opt/st/stm32cubeide_1.3.0/plugins/com.st.stm32cube.ide.mcu.externaltools.gnu-tools-for-stm32.7-2018-q2-update.linux64_1.0.0.201904181610/tools/bin/../lib/gcc/arm-none-eabi/7.3.1/thumb/v7e-m/fpv4-sp/hard/crtbegin.o
 *(.bss*)
 .bss.canbus_rx_queue
                0x00000000200000a8        0x4 Core/Src/canbus_task.o
 .bss.canbus_tx_queue
                0x00000000200000ac        0x4 Core/Src/canbus_task.o
 .bss.canbus_queue_set
                0x00000000200000b0        0x4 Core/Src/canbus_task.o
 .bss.can_h     0x00000000200000b4       0x28 Core/Src/canbus_task.o
 .bss.xIdleTaskTCBBuffer
                0x00000000200000dc       0x54 Core/Src/freertos.o
 .bss.xIdleStack
                0x0000000020000130      0x400 Core/Src/freertos.o
 .bss.xTimerTaskTCBBuffer
                0x0000000020000530       0x54 Core/Src/freertos.o
 .bss.xTimerStack
                0x0000000020000584      0x800 Core/Src/freertos.o
 .bss.motor_tele_timer_handle
                0x0000000020000d84        0x4 Core/Src/motor_task.o
 .bss.control_type
                0x0000000020000d88        0x2 Core/Src/motor_task.o
 *fill*         0x0000000020000d8a        0x2 
 .bss.motors    0x0000000020000d8c       0x60 Core/Src/motor_task.o
 .bss.pos_params
                0x0000000020000dec       0x60 Core/Src/motor_task.o
 .bss.speed_params
                0x0000000020000e4c       0x60 Core/Src/motor_task.o
 .bss.cur_params
                0x0000000020000eac       0x60 Core/Src/motor_task.o
 .bss.ic_params
                0x0000000020000f0c       0x18 Core/Src/motor_task.o
 .bss.leg       0x0000000020000f24       0x10 Core/Src/motor_task.o
 .bss.prim_count.9833
                0x0000000020000f34        0x4 Core/Src/motor_task.o
 .bss.count.9846
                0x0000000020000f38        0x4 Core/Src/motor_task.o
 .bss.last_ticks_for_speed.9847
                0x0000000020000f3c        0x8 Core/Src/motor_task.o
 .bss.pxCurrentTCB
                0x0000000020000f44        0x4 Middlewares/Third_Party/FreeRTOS/Source/tasks.o
                0x0000000020000f44                pxCurrentTCB
 .bss.pxReadyTasksLists
                0x0000000020000f48       0x8c Middlewares/Third_Party/FreeRTOS/Source/tasks.o
 .bss.xDelayedTaskList1
                0x0000000020000fd4       0x14 Middlewares/Third_Party/FreeRTOS/Source/tasks.o
 .bss.xDelayedTaskList2
                0x0000000020000fe8       0x14 Middlewares/Third_Party/FreeRTOS/Source/tasks.o
 .bss.pxDelayedTaskList
                0x0000000020000ffc        0x4 Middlewares/Third_Party/FreeRTOS/Source/tasks.o
 .bss.pxOverflowDelayedTaskList
                0x0000000020001000        0x4 Middlewares/Third_Party/FreeRTOS/Source/tasks.o
 .bss.xPendingReadyList
                0x0000000020001004       0x14 Middlewares/Third_Party/FreeRTOS/Source/tasks.o
 .bss.xTasksWaitingTermination
                0x0000000020001018       0x14 Middlewares/Third_Party/FreeRTOS/Source/tasks.o
 .bss.uxDeletedTasksWaitingCleanUp
                0x000000002000102c        0x4 Middlewares/Third_Party/FreeRTOS/Source/tasks.o
 .bss.xSuspendedTaskList
                0x0000000020001030       0x14 Middlewares/Third_Party/FreeRTOS/Source/tasks.o
 .bss.uxCurrentNumberOfTasks
                0x0000000020001044        0x4 Middlewares/Third_Party/FreeRTOS/Source/tasks.o
 .bss.xTickCount
                0x0000000020001048        0x4 Middlewares/Third_Party/FreeRTOS/Source/tasks.o
 .bss.uxTopReadyPriority
                0x000000002000104c        0x4 Middlewares/Third_Party/FreeRTOS/Source/tasks.o
 .bss.xSchedulerRunning
                0x0000000020001050        0x4 Middlewares/Third_Party/FreeRTOS/Source/tasks.o
 .bss.uxPendedTicks
                0x0000000020001054        0x4 Middlewares/Third_Party/FreeRTOS/Source/tasks.o
 .bss.xYieldPending
                0x0000000020001058        0x4 Middlewares/Third_Party/FreeRTOS/Source/tasks.o
 .bss.xNumOfOverflows
                0x000000002000105c        0x4 Middlewares/Third_Party/FreeRTOS/Source/tasks.o
 .bss.uxTaskNumber
                0x0000000020001060        0x4 Middlewares/Third_Party/FreeRTOS/Source/tasks.o
 .bss.xNextTaskUnblockTime
                0x0000000020001064        0x4 Middlewares/Third_Party/FreeRTOS/Source/tasks.o
 .bss.xIdleTaskHandle
                0x0000000020001068        0x4 Middlewares/Third_Party/FreeRTOS/Source/tasks.o
 .bss.uxSchedulerSuspended
                0x000000002000106c        0x4 Middlewares/Third_Party/FreeRTOS/Source/tasks.o
 .bss.xActiveTimerList1
                0x0000000020001070       0x14 Middlewares/Third_Party/FreeRTOS/Source/timers.o
 .bss.xActiveTimerList2
                0x0000000020001084       0x14 Middlewares/Third_Party/FreeRTOS/Source/timers.o
 .bss.pxCurrentTimerList
                0x0000000020001098        0x4 Middlewares/Third_Party/FreeRTOS/Source/timers.o
 .bss.pxOverflowTimerList
                0x000000002000109c        0x4 Middlewares/Third_Party/FreeRTOS/Source/timers.o
 .bss.xTimerQueue
                0x00000000200010a0        0x4 Middlewares/Third_Party/FreeRTOS/Source/timers.o
 .bss.xTimerTaskHandle
                0x00000000200010a4        0x4 Middlewares/Third_Party/FreeRTOS/Source/timers.o
 .bss.xLastTime.6733
                0x00000000200010a8        0x4 Middlewares/Third_Party/FreeRTOS/Source/timers.o
 .bss.ucStaticTimerQueueStorage.6782
                0x00000000200010ac       0x78 Middlewares/Third_Party/FreeRTOS/Source/timers.o
 .bss.xStaticTimerQueue.6781
                0x0000000020001124       0x4c Middlewares/Third_Party/FreeRTOS/Source/timers.o
 .bss.ucMaxSysCallPriority
                0x0000000020001170        0x1 Middlewares/Third_Party/FreeRTOS/Source/portable/GCC/ARM_CM4F/port.o
 *fill*         0x0000000020001171        0x3 
 .bss.ulMaxPRIGROUPValue
                0x0000000020001174        0x4 Middlewares/Third_Party/FreeRTOS/Source/portable/GCC/ARM_CM4F/port.o
 .bss.ucHeap    0x0000000020001178     0xc350 Middlewares/Third_Party/FreeRTOS/Source/portable/MemMang/heap_4.o
 .bss.xStart    0x000000002000d4c8        0x8 Middlewares/Third_Party/FreeRTOS/Source/portable/MemMang/heap_4.o
 .bss.pxEnd     0x000000002000d4d0        0x4 Middlewares/Third_Party/FreeRTOS/Source/portable/MemMang/heap_4.o
 .bss.xFreeBytesRemaining
                0x000000002000d4d4        0x4 Middlewares/Third_Party/FreeRTOS/Source/portable/MemMang/heap_4.o
 .bss.xMinimumEverFreeBytesRemaining
                0x000000002000d4d8        0x4 Middlewares/Third_Party/FreeRTOS/Source/portable/MemMang/heap_4.o
 .bss.xBlockAllocatedBit
                0x000000002000d4dc        0x4 Middlewares/Third_Party/FreeRTOS/Source/portable/MemMang/heap_4.o
 .bss.m1        0x000000002000d4e0       0x48 lib/adc_interface.o
 .bss.m2        0x000000002000d528       0x48 lib/adc_interface.o
 .bss.current_ma_filt
                0x000000002000d570        0x8 lib/adc_interface.o
 .bss.ticks_offset
                0x000000002000d578        0x8 lib/encoder_interface.o
 .bss.ticks_count
                0x000000002000d580        0x8 lib/encoder_interface.o
 .bss.last_cnt  0x000000002000d588        0x4 lib/encoder_interface.o
 .bss.acos_arg_table
                0x000000002000d58c     0x1f40 lib/fast_inverse_trig.o
 .bss.acos_out_table
                0x000000002000f4cc     0x1f40 lib/fast_inverse_trig.o
 .bss.atan_arg_table
                0x000000002001140c     0x1f40 lib/fast_inverse_trig.o
 .bss.atan_out_table
                0x000000002001334c     0x1f40 lib/fast_inverse_trig.o
 .bss.primitive_index
                0x000000002001528c        0x1 lib/motion_primitives.o
 *fill*         0x000000002001528d        0x3 
 .bss.time_offset
                0x0000000020015290        0x4 lib/motion_primitives.o
 .bss.primitives
                0x0000000020015294      0x320 lib/motion_primitives.o
 *(COMMON)
 COMMON         0x00000000200155b4      0x298 Core/Src/main.o
                0x00000000200155b4                hspi2
                0x000000002001560c                htim4
                0x000000002001564c                hadc2
                0x0000000020015694                motor_taskHandle
                0x0000000020015698                htim3
                0x00000000200156d8                canbus_taskHandle
                0x00000000200156dc                hadc1
                0x0000000020015724                htim13
                0x0000000020015764                htim1
                0x00000000200157a4                htim2
                0x00000000200157e4                hcan1
                0x000000002001580c                htim14
 COMMON         0x000000002001584c       0x40 Core/Src/stm32f4xx_hal_timebase_tim.o
                0x000000002001584c                htim8
 COMMON         0x000000002001588c        0x4 Drivers/STM32F4xx_HAL_Driver/Src/stm32f4xx_hal.o
                0x000000002001588c                uwTick
 COMMON         0x0000000020015890       0x40 Middlewares/Third_Party/FreeRTOS/Source/queue.o
                0x0000000020015890                xQueueRegistry
                0x00000000200158d0                . = ALIGN (0x4)
                0x00000000200158d0                _ebss = .
                0x00000000200158d0                __bss_end__ = _ebss

._user_heap_stack
                0x00000000200158d0      0x600 load address 0x000000000800dfbc
                0x00000000200158d0                . = ALIGN (0x8)
                0x00000000200158d0                PROVIDE (end = .)
                [!provide]                        PROVIDE (_end = .)
                0x0000000020015ad0                . = (. + _Min_Heap_Size)
 *fill*         0x00000000200158d0      0x200 
                0x0000000020015ed0                . = (. + _Min_Stack_Size)
 *fill*         0x0000000020015ad0      0x400 
                0x0000000020015ed0                . = ALIGN (0x8)

/DISCARD/
 libc.a(*)
 libm.a(*)
 libgcc.a(*)

.ARM.attributes
                0x0000000000000000       0x30
 *(.ARM.attributes)
 .ARM.attributes
                0x0000000000000000       0x22 /opt/st/stm32cubeide_1.3.0/plugins/com.st.stm32cube.ide.mcu.externaltools.gnu-tools-for-stm32.7-2018-q2-update.linux64_1.0.0.201904181610/tools/bin/../lib/gcc/arm-none-eabi/7.3.1/thumb/v7e-m/fpv4-sp/hard/crti.o
 .ARM.attributes
                0x0000000000000022       0x34 /opt/st/stm32cubeide_1.3.0/plugins/com.st.stm32cube.ide.mcu.externaltools.gnu-tools-for-stm32.7-2018-q2-update.linux64_1.0.0.201904181610/tools/bin/../lib/gcc/arm-none-eabi/7.3.1/thumb/v7e-m/fpv4-sp/hard/crtbegin.o
 .ARM.attributes
                0x0000000000000056       0x39 Core/Src/canbus_task.o
 .ARM.attributes
                0x000000000000008f       0x39 Core/Src/freertos.o
 .ARM.attributes
                0x00000000000000c8       0x39 Core/Src/main.o
 .ARM.attributes
                0x0000000000000101       0x39 Core/Src/motor_task.o
 .ARM.attributes
                0x000000000000013a       0x39 Core/Src/stm32f4xx_hal_msp.o
 .ARM.attributes
                0x0000000000000173       0x39 Core/Src/stm32f4xx_hal_timebase_tim.o
 .ARM.attributes
                0x00000000000001ac       0x39 Core/Src/stm32f4xx_it.o
 .ARM.attributes
                0x00000000000001e5       0x39 Core/Src/system_stm32f4xx.o
 .ARM.attributes
                0x000000000000021e       0x21 Core/Startup/startup_stm32f407vgtx.o
 .ARM.attributes
                0x000000000000023f       0x39 Drivers/STM32F4xx_HAL_Driver/Src/stm32f4xx_hal.o
 .ARM.attributes
                0x0000000000000278       0x39 Drivers/STM32F4xx_HAL_Driver/Src/stm32f4xx_hal_adc.o
 .ARM.attributes
                0x00000000000002b1       0x39 Drivers/STM32F4xx_HAL_Driver/Src/stm32f4xx_hal_adc_ex.o
 .ARM.attributes
                0x00000000000002ea       0x39 Drivers/STM32F4xx_HAL_Driver/Src/stm32f4xx_hal_can.o
 .ARM.attributes
                0x0000000000000323       0x39 Drivers/STM32F4xx_HAL_Driver/Src/stm32f4xx_hal_cortex.o
 .ARM.attributes
                0x000000000000035c       0x39 Drivers/STM32F4xx_HAL_Driver/Src/stm32f4xx_hal_dma.o
 .ARM.attributes
                0x0000000000000395       0x39 Drivers/STM32F4xx_HAL_Driver/Src/stm32f4xx_hal_gpio.o
 .ARM.attributes
                0x00000000000003ce       0x39 Drivers/STM32F4xx_HAL_Driver/Src/stm32f4xx_hal_rcc.o
 .ARM.attributes
                0x0000000000000407       0x39 Drivers/STM32F4xx_HAL_Driver/Src/stm32f4xx_hal_spi.o
 .ARM.attributes
                0x0000000000000440       0x39 Drivers/STM32F4xx_HAL_Driver/Src/stm32f4xx_hal_tim.o
 .ARM.attributes
                0x0000000000000479       0x39 Drivers/STM32F4xx_HAL_Driver/Src/stm32f4xx_hal_tim_ex.o
 .ARM.attributes
                0x00000000000004b2       0x39 Middlewares/Third_Party/FreeRTOS/Source/CMSIS_RTOS/cmsis_os.o
 .ARM.attributes
                0x00000000000004eb       0x39 Middlewares/Third_Party/FreeRTOS/Source/list.o
 .ARM.attributes
                0x0000000000000524       0x39 Middlewares/Third_Party/FreeRTOS/Source/queue.o
 .ARM.attributes
                0x000000000000055d       0x39 Middlewares/Third_Party/FreeRTOS/Source/tasks.o
 .ARM.attributes
                0x0000000000000596       0x39 Middlewares/Third_Party/FreeRTOS/Source/timers.o
 .ARM.attributes
                0x00000000000005cf       0x39 Middlewares/Third_Party/FreeRTOS/Source/portable/GCC/ARM_CM4F/port.o
 .ARM.attributes
                0x0000000000000608       0x39 Middlewares/Third_Party/FreeRTOS/Source/portable/MemMang/heap_4.o
 .ARM.attributes
                0x0000000000000641       0x39 lib/adc_interface.o
 .ARM.attributes
                0x000000000000067a       0x39 lib/can_messages.o
 .ARM.attributes
                0x00000000000006b3       0x39 lib/encoder_interface.o
 .ARM.attributes
                0x00000000000006ec       0x39 lib/fast_inverse_trig.o
 .ARM.attributes
                0x0000000000000725       0x39 lib/impedance_controller.o
 .ARM.attributes
                0x000000000000075e       0x39 lib/inverse_kinematics.o
 .ARM.attributes
                0x0000000000000797       0x39 lib/motion_primitives.o
 .ARM.attributes
                0x00000000000007d0       0x39 lib/pid_controller.o
 .ARM.attributes
                0x0000000000000809       0x39 ../lib/libarm_cortexM4lf_math.a(arm_sin_f32.o)
 .ARM.attributes
                0x0000000000000842       0x39 ../lib/libarm_cortexM4lf_math.a(arm_cos_f32.o)
 .ARM.attributes
                0x000000000000087b       0x39 ../lib/libarm_cortexM4lf_math.a(arm_common_tables.o)
 .ARM.attributes
                0x00000000000008b4       0x34 /opt/st/stm32cubeide_1.3.0/plugins/com.st.stm32cube.ide.mcu.externaltools.gnu-tools-for-stm32.7-2018-q2-update.linux64_1.0.0.201904181610/tools/bin/../lib/gcc/arm-none-eabi/7.3.1/../../../../arm-none-eabi/lib/thumb/v7e-m/fpv4-sp/hard/libc_nano.a(lib_a-errno.o)
 .ARM.attributes
                0x00000000000008e8       0x34 /opt/st/stm32cubeide_1.3.0/plugins/com.st.stm32cube.ide.mcu.externaltools.gnu-tools-for-stm32.7-2018-q2-update.linux64_1.0.0.201904181610/tools/bin/../lib/gcc/arm-none-eabi/7.3.1/../../../../arm-none-eabi/lib/thumb/v7e-m/fpv4-sp/hard/libc_nano.a(lib_a-impure.o)
 .ARM.attributes
                0x000000000000091c       0x34 /opt/st/stm32cubeide_1.3.0/plugins/com.st.stm32cube.ide.mcu.externaltools.gnu-tools-for-stm32.7-2018-q2-update.linux64_1.0.0.201904181610/tools/bin/../lib/gcc/arm-none-eabi/7.3.1/../../../../arm-none-eabi/lib/thumb/v7e-m/fpv4-sp/hard/libc_nano.a(lib_a-init.o)
 .ARM.attributes
                0x0000000000000950       0x34 /opt/st/stm32cubeide_1.3.0/plugins/com.st.stm32cube.ide.mcu.externaltools.gnu-tools-for-stm32.7-2018-q2-update.linux64_1.0.0.201904181610/tools/bin/../lib/gcc/arm-none-eabi/7.3.1/../../../../arm-none-eabi/lib/thumb/v7e-m/fpv4-sp/hard/libc_nano.a(lib_a-memcpy-stub.o)
 .ARM.attributes
                0x0000000000000984       0x34 /opt/st/stm32cubeide_1.3.0/plugins/com.st.stm32cube.ide.mcu.externaltools.gnu-tools-for-stm32.7-2018-q2-update.linux64_1.0.0.201904181610/tools/bin/../lib/gcc/arm-none-eabi/7.3.1/../../../../arm-none-eabi/lib/thumb/v7e-m/fpv4-sp/hard/libc_nano.a(lib_a-memset.o)
 .ARM.attributes
                0x00000000000009b8       0x34 /opt/st/stm32cubeide_1.3.0/plugins/com.st.stm32cube.ide.mcu.externaltools.gnu-tools-for-stm32.7-2018-q2-update.linux64_1.0.0.201904181610/tools/bin/../lib/gcc/arm-none-eabi/7.3.1/../../../../arm-none-eabi/lib/thumb/v7e-m/fpv4-sp/hard/libm.a(lib_a-s_atan.o)
 .ARM.attributes
                0x00000000000009ec       0x34 /opt/st/stm32cubeide_1.3.0/plugins/com.st.stm32cube.ide.mcu.externaltools.gnu-tools-for-stm32.7-2018-q2-update.linux64_1.0.0.201904181610/tools/bin/../lib/gcc/arm-none-eabi/7.3.1/../../../../arm-none-eabi/lib/thumb/v7e-m/fpv4-sp/hard/libm.a(lib_a-s_fabs.o)
 .ARM.attributes