stm32f4xx_it.c:79:6:NMI_Handler	0	static
stm32f4xx_it.c:92:6:HardFault_Handler	0	static
stm32f4xx_it.c:107:6:MemManage_Handler	0	static
stm32f4xx_it.c:122:6:BusFault_Handler	0	static
stm32f4xx_it.c:137:6:UsageFault_Handler	0	static
stm32f4xx_it.c:152:6:DebugMon_Handler	0	static
stm32f4xx_it.c:172:6:ADC_IRQHandler	8	static
stm32f4xx_it.c:187:6:CAN1_TX_IRQHandler	0	static
stm32f4xx_it.c:201:6:CAN1_RX0_IRQHandler	0	static
stm32f4xx_it.c:215:6:CAN1_RX1_IRQHandler	0	static
stm32f4xx_it.c:229:6:TIM4_IRQHandler	0	static
stm32f4xx_it.c:243:6:SPI2_IRQHandler	0	static
stm32f4xx_it.c:257:6:TIM8_UP_TIM13_IRQHandler	8	static
