main.c:94:6:enable_motor_task_from_isr	16	static,ignoring_inline_asm
main.c:110:5:main	208	static
main.c:197:6:SystemClock_Config	88	static
main.c:241:13:MX_ADC1_Init	24	static
main.c:291:13:MX_ADC2_Init	24	static
main.c:341:13:MX_CAN1_Init	8	static
main.c:378:13:MX_SPI2_Init	8	static
main.c:416:13:MX_TIM1_Init	56	static
main.c:466:13:MX_TIM2_Init	64	static
main.c:533:13:MX_TIM3_Init	56	static
main.c:582:13:MX_TIM4_Init	64	static
main.c:640:13:MX_TIM9_Init	40	static
main.c:681:13:MX_TIM13_Init	40	static
main.c:727:13:MX_TIM14_Init	40	static
main.c:773:13:MX_GPIO_Init	48	static
main.c:823:6:start_canbus_task	56	static
main.c:842:6:start_motor_task	16	static
main.c:865:6:HAL_TIM_PeriodElapsedCallback	16	static
main.c:882:6:Error_Handler	4	static
