main.c:92:6:enable_motor_task_from_isr	16	static,ignoring_inline_asm
main.c:108:5:main	208	static
main.c:194:6:SystemClock_Config	88	static
main.c:238:13:MX_ADC1_Init	24	static
main.c:288:13:MX_ADC2_Init	24	static
main.c:338:13:MX_CAN1_Init	8	static
main.c:375:13:MX_SPI2_Init	8	static
main.c:413:13:MX_TIM1_Init	56	static
main.c:463:13:MX_TIM2_Init	64	static
main.c:530:13:MX_TIM3_Init	56	static
main.c:579:13:MX_TIM4_Init	64	static
main.c:637:13:MX_TIM13_Init	40	static
main.c:683:13:MX_TIM14_Init	40	static
main.c:729:13:MX_GPIO_Init	48	static
main.c:779:6:start_canbus_task	56	static
main.c:798:6:start_motor_task	16	static
main.c:821:6:HAL_TIM_PeriodElapsedCallback	16	static
main.c:838:6:Error_Handler	4	static
