motor_task.c:44:14:drive_motor	16	static
motor_task.c:110:14:vMotorTelemetryTimerCallback	56	static
motor_task.c:177:14:vPrimitivesCalculation	104	static
motor_task.c:262:14:vControlTimerCallback	48	static
motor_task.c:336:7:motor_task_init	24	static
motor_task.c:454:7:motor_task	8	static
motor_task.c:465:7:set_control_mode	16	static
motor_task.c:480:7:set_motor_position	24	static
motor_task.c:495:8:get_motor_position	16	static
motor_task.c:511:7:set_motor_speed	16	static
motor_task.c:526:7:set_motor_duty	16	static
motor_task.c:549:7:set_control_params_kp_min_max	32	static
motor_task.c:591:7:set_control_params_ki	16	static
motor_task.c:621:7:set_control_params_int_max	16	static
motor_task.c:651:7:set_control_params_int_min	16	static
motor_task.c:680:7:set_motor_ticks_per_rev	16	static
