stm32f4xx_it.c:81:6:NMI_Handler	4	static
stm32f4xx_it.c:94:6:HardFault_Handler	4	static
stm32f4xx_it.c:109:6:MemManage_Handler	4	static
stm32f4xx_it.c:124:6:BusFault_Handler	4	static
stm32f4xx_it.c:139:6:UsageFault_Handler	4	static
stm32f4xx_it.c:154:6:DebugMon_Handler	4	static
stm32f4xx_it.c:174:6:ADC_IRQHandler	8	static
stm32f4xx_it.c:189:6:CAN1_TX_IRQHandler	8	static
stm32f4xx_it.c:203:6:CAN1_RX0_IRQHandler	8	static
stm32f4xx_it.c:217:6:CAN1_RX1_IRQHandler	8	static
stm32f4xx_it.c:231:6:TIM1_BRK_TIM9_IRQHandler	8	static
stm32f4xx_it.c:246:6:TIM4_IRQHandler	8	static
stm32f4xx_it.c:260:6:SPI2_IRQHandler	8	static
stm32f4xx_it.c:274:6:TIM8_UP_TIM13_IRQHandler	8	static
