Archive member included to satisfy reference by file (symbol)

../lib/libarm_cortexM4lf_math.a(arm_sin_f32.o)
                              lib/inverse_kinematics.o (arm_sin_f32)
../lib/libarm_cortexM4lf_math.a(arm_cos_f32.o)
                              lib/inverse_kinematics.o (arm_cos_f32)
../lib/libarm_cortexM4lf_math.a(arm_common_tables.o)
                              ../lib/libarm_cortexM4lf_math.a(arm_sin_f32.o) (sinTable_f32)
/opt/st/stm32cubeide_1.3.0/plugins/com.st.stm32cube.ide.mcu.externaltools.gnu-tools-for-stm32.7-2018-q2-update.linux64_1.0.0.201904181610/tools/bin/../lib/gcc/arm-none-eabi/7.3.1/../../../../arm-none-eabi/lib/thumb/v7e-m/fpv4-sp/hard/libc_nano.a(lib_a-errno.o)
                              Core/Src/syscalls.o (__errno)
/opt/st/stm32cubeide_1.3.0/plugins/com.st.stm32cube.ide.mcu.externaltools.gnu-tools-for-stm32.7-2018-q2-update.linux64_1.0.0.201904181610/tools/bin/../lib/gcc/arm-none-eabi/7.3.1/../../../../arm-none-eabi/lib/thumb/v7e-m/fpv4-sp/hard/libc_nano.a(lib_a-exit.o)
                              /opt/st/stm32cubeide_1.3.0/plugins/com.st.stm32cube.ide.mcu.externaltools.gnu-tools-for-stm32.7-2018-q2-update.linux64_1.0.0.201904181610/tools/bin/../lib/gcc/arm-none-eabi/7.3.1/../../../../arm-none-eabi/lib/thumb/v7e-m/fpv4-sp/hard/crt0.o (exit)
/opt/st/stm32cubeide_1.3.0/plugins/com.st.stm32cube.ide.mcu.externaltools.gnu-tools-for-stm32.7-2018-q2-update.linux64_1.0.0.201904181610/tools/bin/../lib/gcc/arm-none-eabi/7.3.1/../../../../arm-none-eabi/lib/thumb/v7e-m/fpv4-sp/hard/libc_nano.a(lib_a-impure.o)
                              /opt/st/stm32cubeide_1.3.0/plugins/com.st.stm32cube.ide.mcu.externaltools.gnu-tools-for-stm32.7-2018-q2-update.linux64_1.0.0.201904181610/tools/bin/../lib/gcc/arm-none-eabi/7.3.1/../../../../arm-none-eabi/lib/thumb/v7e-m/fpv4-sp/hard/libc_nano.a(lib_a-exit.o) (_global_impure_ptr)
/opt/st/stm32cubeide_1.3.0/plugins/com.st.stm32cube.ide.mcu.externaltools.gnu-tools-for-stm32.7-2018-q2-update.linux64_1.0.0.201904181610/tools/bin/../lib/gcc/arm-none-eabi/7.3.1/../../../../arm-none-eabi/lib/thumb/v7e-m/fpv4-sp/hard/libc_nano.a(lib_a-init.o)
                              /opt/st/stm32cubeide_1.3.0/plugins/com.st.stm32cube.ide.mcu.externaltools.gnu-tools-for-stm32.7-2018-q2-update.linux64_1.0.0.201904181610/tools/bin/../lib/gcc/arm-none-eabi/7.3.1/../../../../arm-none-eabi/lib/thumb/v7e-m/fpv4-sp/hard/crt0.o (__libc_init_array)
/opt/st/stm32cubeide_1.3.0/plugins/com.st.stm32cube.ide.mcu.externaltools.gnu-tools-for-stm32.7-2018-q2-update.linux64_1.0.0.201904181610/tools/bin/../lib/gcc/arm-none-eabi/7.3.1/../../../../arm-none-eabi/lib/thumb/v7e-m/fpv4-sp/hard/libc_nano.a(lib_a-memcpy-stub.o)
                              Core/Src/main.o (memcpy)
/opt/st/stm32cubeide_1.3.0/plugins/com.st.stm32cube.ide.mcu.externaltools.gnu-tools-for-stm32.7-2018-q2-update.linux64_1.0.0.201904181610/tools/bin/../lib/gcc/arm-none-eabi/7.3.1/../../../../arm-none-eabi/lib/thumb/v7e-m/fpv4-sp/hard/libc_nano.a(lib_a-memset.o)
                              /opt/st/stm32cubeide_1.3.0/plugins/com.st.stm32cube.ide.mcu.externaltools.gnu-tools-for-stm32.7-2018-q2-update.linux64_1.0.0.201904181610/tools/bin/../lib/gcc/arm-none-eabi/7.3.1/../../../../arm-none-eabi/lib/thumb/v7e-m/fpv4-sp/hard/crt0.o (memset)
/opt/st/stm32cubeide_1.3.0/plugins/com.st.stm32cube.ide.mcu.externaltools.gnu-tools-for-stm32.7-2018-q2-update.linux64_1.0.0.201904181610/tools/bin/../lib/gcc/arm-none-eabi/7.3.1/../../../../arm-none-eabi/lib/thumb/v7e-m/fpv4-sp/hard/libm.a(lib_a-s_atan.o)
                              lib/inverse_kinematics.o (atan)
/opt/st/stm32cubeide_1.3.0/plugins/com.st.stm32cube.ide.mcu.externaltools.gnu-tools-for-stm32.7-2018-q2-update.linux64_1.0.0.201904181610/tools/bin/../lib/gcc/arm-none-eabi/7.3.1/../../../../arm-none-eabi/lib/thumb/v7e-m/fpv4-sp/hard/libm.a(lib_a-s_cos.o)
                              lib/impedance_controller.o (cos)
/opt/st/stm32cubeide_1.3.0/plugins/com.st.stm32cube.ide.mcu.externaltools.gnu-tools-for-stm32.7-2018-q2-update.linux64_1.0.0.201904181610/tools/bin/../lib/gcc/arm-none-eabi/7.3.1/../../../../arm-none-eabi/lib/thumb/v7e-m/fpv4-sp/hard/libm.a(lib_a-s_fabs.o)
                              /opt/st/stm32cubeide_1.3.0/plugins/com.st.stm32cube.ide.mcu.externaltools.gnu-tools-for-stm32.7-2018-q2-update.linux64_1.0.0.201904181610/tools/bin/../lib/gcc/arm-none-eabi/7.3.1/../../../../arm-none-eabi/lib/thumb/v7e-m/fpv4-sp/hard/libm.a(lib_a-s_atan.o) (fabs)
/opt/st/stm32cubeide_1.3.0/plugins/com.st.stm32cube.ide.mcu.externaltools.gnu-tools-for-stm32.7-2018-q2-update.linux64_1.0.0.201904181610/tools/bin/../lib/gcc/arm-none-eabi/7.3.1/../../../../arm-none-eabi/lib/thumb/v7e-m/fpv4-sp/hard/libm.a(lib_a-s_sin.o)
                              lib/impedance_controller.o (sin)
[...]
Memory Configuration

Name             Origin             Length             Attributes
CCMRAM           0x0000000010000000 0x0000000000010000 xrw
RAM              0x0000000020000000 0x0000000000020000 xrw
FLASH            0x0000000008000000 0x0000000000100000 xr
*default*        0x0000000000000000 0xffffffffffffffff

Linker script and memory map

LOAD /opt/st/stm32cubeide_1.3.0/plugins/com.st.stm32cube.ide.mcu.externaltools.gnu-tools-for-stm32.7-2018-q2-update.linux64_1.0.0.201904181610/tools/bin/../lib/gcc/arm-none-eabi/7.3.1/thumb/v7e-m/fpv4-sp/hard/crti.o
LOAD /opt/st/stm32cubeide_1.3.0/plugins/com.st.stm32cube.ide.mcu.externaltools.gnu-tools-for-stm32.7-2018-q2-update.linux64_1.0.0.201904181610/tools/bin/../lib/gcc/arm-none-eabi/7.3.1/thumb/v7e-m/fpv4-sp/hard/crtbegin.o
LOAD /opt/st/stm32cubeide_1.3.0/plugins/com.st.stm32cube.ide.mcu.externaltools.gnu-tools-for-stm32.7-2018-q2-update.linux64_1.0.0.201904181610/tools/bin/../lib/gcc/arm-none-eabi/7.3.1/../../../../arm-none-eabi/lib/thumb/v7e-m/fpv4-sp/hard/crt0.o
LOAD Core/Src/canbus_task.o
LOAD Core/Src/freertos.o
LOAD Core/Src/main.o
LOAD Core/Src/motor_task.o
LOAD Core/Src/stm32f4xx_hal_msp.o
LOAD Core/Src/stm32f4xx_hal_timebase_tim.o
LOAD Core/Src/stm32f4xx_it.o
LOAD Core/Src/syscalls.o
LOAD Core/Src/sysmem.o
LOAD Core/Src/system_stm32f4xx.o
LOAD Core/Startup/startup_stm32f407vgtx.o
LOAD Drivers/STM32F4xx_HAL_Driver/Src/stm32f4xx_hal.o
LOAD Drivers/STM32F4xx_HAL_Driver/Src/stm32f4xx_hal_adc.o
LOAD Drivers/STM32F4xx_HAL_Driver/Src/stm32f4xx_hal_adc_ex.o
LOAD Drivers/STM32F4xx_HAL_Driver/Src/stm32f4xx_hal_can.o
LOAD Drivers/STM32F4xx_HAL_Driver/Src/stm32f4xx_hal_cortex.o
LOAD Drivers/STM32F4xx_HAL_Driver/Src/stm32f4xx_hal_dma.o
LOAD Drivers/STM32F4xx_HAL_Driver/Src/stm32f4xx_hal_dma_ex.o
LOAD Drivers/STM32F4xx_HAL_Driver/Src/stm32f4xx_hal_exti.o
LOAD Drivers/STM32F4xx_HAL_Driver/Src/stm32f4xx_hal_flash.o
LOAD Drivers/STM32F4xx_HAL_Driver/Src/stm32f4xx_hal_flash_ex.o
LOAD Drivers/STM32F4xx_HAL_Driver/Src/stm32f4xx_hal_flash_ramfunc.o
LOAD Drivers/STM32F4xx_HAL_Driver/Src/stm32f4xx_hal_gpio.o
LOAD Drivers/STM32F4xx_HAL_Driver/Src/stm32f4xx_hal_pwr.o
LOAD Drivers/STM32F4xx_HAL_Driver/Src/stm32f4xx_hal_pwr_ex.o
LOAD Drivers/STM32F4xx_HAL_Driver/Src/stm32f4xx_hal_rcc.o
LOAD Drivers/STM32F4xx_HAL_Driver/Src/stm32f4xx_hal_rcc_ex.o
LOAD Drivers/STM32F4xx_HAL_Driver/Src/stm32f4xx_hal_spi.o
LOAD Drivers/STM32F4xx_HAL_Driver/Src/stm32f4xx_hal_tim.o
LOAD Drivers/STM32F4xx_HAL_Driver/Src/stm32f4xx_hal_tim_ex.o
LOAD Middlewares/Third_Party/FreeRTOS/Source/CMSIS_RTOS/cmsis_os.o
LOAD Middlewares/Third_Party/FreeRTOS/Source/croutine.o
LOAD Middlewares/Third_Party/FreeRTOS/Source/event_groups.o
LOAD Middlewares/Third_Party/FreeRTOS/Source/list.o
LOAD Middlewares/Third_Party/FreeRTOS/Source/queue.o
LOAD Middlewares/Third_Party/FreeRTOS/Source/stream_buffer.o
LOAD Middlewares/Third_Party/FreeRTOS/Source/tasks.o
LOAD Middlewares/Third_Party/FreeRTOS/Source/timers.o
LOAD Middlewares/Third_Party/FreeRTOS/Source/portable/GCC/ARM_CM4F/port.o
LOAD Middlewares/Third_Party/FreeRTOS/Source/portable/MemMang/heap_4.o
LOAD lib/adc_interface.o
LOAD lib/can_messages.o
LOAD lib/encoder_interface.o
LOAD lib/impedance_controller.o
LOAD lib/inverse_kinematics.o
LOAD lib/motion_primitives.o
LOAD lib/pid_controller.o
LOAD ../lib/libarm_cortexM4lf_math.a
START GROUP
LOAD /opt/st/stm32cubeide_1.3.0/plugins/com.st.stm32cube.ide.mcu.externaltools.gnu-tools-for-stm32.7-2018-q2-update.linux64_1.0.0.201904181610/tools/bin/../lib/gcc/arm-none-eabi/7.3.1/../../../../arm-none-eabi/lib/thumb/v7e-m/fpv4-sp/hard/libc_nano.a
LOAD /opt/st/stm32cubeide_1.3.0/plugins/com.st.stm32cube.ide.mcu.externaltools.gnu-tools-for-stm32.7-2018-q2-update.linux64_1.0.0.201904181610/tools/bin/../lib/gcc/arm-none-eabi/7.3.1/../../../../arm-none-eabi/lib/thumb/v7e-m/fpv4-sp/hard/libm.a
END GROUP
START GROUP
LOAD /opt/st/stm32cubeide_1.3.0/plugins/com.st.stm32cube.ide.mcu.externaltools.gnu-tools-for-stm32.7-2018-q2-update.linux64_1.0.0.201904181610/tools/bin/../lib/gcc/arm-none-eabi/7.3.1/thumb/v7e-m/fpv4-sp/hard/libgcc.a
LOAD /opt/st/stm32cubeide_1.3.0/plugins/com.st.stm32cube.ide.mcu.externaltools.gnu-tools-for-stm32.7-2018-q2-update.linux64_1.0.0.201904181610/tools/bin/../lib/gcc/arm-none-eabi/7.3.1/../../../../arm-none-eabi/lib/thumb/v7e-m/fpv4-sp/hard/libc_nano.a
END GROUP
START GROUP
LOAD /opt/st/stm32cubeide_1.3.0/plugins/com.st.stm32cube.ide.mcu.externaltools.gnu-tools-for-stm32.7-2018-q2-update.linux64_1.0.0.201904181610/tools/bin/../lib/gcc/arm-none-eabi/7.3.1/thumb/v7e-m/fpv4-sp/hard/libgcc.a
LOAD /opt/st/stm32cubeide_1.3.0/plugins/com.st.stm32cube.ide.mcu.externaltools.gnu-tools-for-stm32.7-2018-q2-update.linux64_1.0.0.201904181610/tools/bin/../lib/gcc/arm-none-eabi/7.3.1/../../../../arm-none-eabi/lib/thumb/v7e-m/fpv4-sp/hard/libc_nano.a
LOAD /opt/st/stm32cubeide_1.3.0/plugins/com.st.stm32cube.ide.mcu.externaltools.gnu-tools-for-stm32.7-2018-q2-update.linux64_1.0.0.201904181610/tools/bin/../lib/gcc/arm-none-eabi/7.3.1/../../../../arm-none-eabi/lib/thumb/v7e-m/fpv4-sp/hard/libnosys.a
END GROUP
START GROUP
LOAD /opt/st/stm32cubeide_1.3.0/plugins/com.st.stm32cube.ide.mcu.externaltools.gnu-tools-for-stm32.7-2018-q2-update.linux64_1.0.0.201904181610/tools/bin/../lib/gcc/arm-none-eabi/7.3.1/thumb/v7e-m/fpv4-sp/hard/libgcc.a
LOAD /opt/st/stm32cubeide_1.3.0/plugins/com.st.stm32cube.ide.mcu.externaltools.gnu-tools-for-stm32.7-2018-q2-update.linux64_1.0.0.201904181610/tools/bin/../lib/gcc/arm-none-eabi/7.3.1/../../../../arm-none-eabi/lib/thumb/v7e-m/fpv4-sp/hard/libc_nano.a
LOAD /opt/st/stm32cubeide_1.3.0/plugins/com.st.stm32cube.ide.mcu.externaltools.gnu-tools-for-stm32.7-2018-q2-update.linux64_1.0.0.201904181610/tools/bin/../lib/gcc/arm-none-eabi/7.3.1/../../../../arm-none-eabi/lib/thumb/v7e-m/fpv4-sp/hard/libnosys.a
END GROUP
LOAD /opt/st/stm32cubeide_1.3.0/plugins/com.st.stm32cube.ide.mcu.externaltools.gnu-tools-for-stm32.7-2018-q2-update.linux64_1.0.0.201904181610/tools/bin/../lib/gcc/arm-none-eabi/7.3.1/thumb/v7e-m/fpv4-sp/hard/crtend.o
LOAD /opt/st/stm32cubeide_1.3.0/plugins/com.st.stm32cube.ide.mcu.externaltools.gnu-tools-for-stm32.7-2018-q2-update.linux64_1.0.0.201904181610/tools/bin/../lib/gcc/arm-none-eabi/7.3.1/thumb/v7e-m/fpv4-sp/hard/crtn.o
                0x0000000020020000                _estack = (ORIGIN (RAM) + LENGTH (RAM))
                0x0000000000000200                _Min_Heap_Size = 0x200
                0x0000000000000400                _Min_Stack_Size = 0x400

.isr_vector     0x0000000008000000      0x188
                0x0000000008000000                . = ALIGN (0x4)
 *(.isr_vector)
 .isr_vector    0x0000000008000000      0x188 Core/Startup/startup_stm32f407vgtx.o
                0x0000000008000000                g_pfnVectors
                0x0000000008000188                . = ALIGN (0x4)

.text           0x0000000008000190     0x92a4
                0x0000000008000190                . = ALIGN (0x4)
 *(.text)
 .text          0x0000000008000190       0x40 /opt/st/stm32cubeide_1.3.0/plugins/com.st.stm32cube.ide.mcu.externaltools.gnu-tools-for-stm32.7-2018-q2-update.linux64_1.0.0.201904181610/tools/bin/../lib/gcc/arm-none-eabi/7.3.1/thumb/v7e-m/fpv4-sp/hard/crtbegin.o
 .text          0x00000000080001d0      0x378 /opt/st/stm32cubeide_1.3.0/plugins/com.st.stm32cube.ide.mcu.externaltools.gnu-tools-for-stm32.7-2018-q2-update.linux64_1.0.0.201904181610/tools/bin/../lib/gcc/arm-none-eabi/7.3.1/thumb/v7e-m/fpv4-sp/hard/libgcc.a(_arm_addsubdf3.o)
                0x00000000080001d0                __aeabi_drsub
                0x00000000080001d8                __aeabi_dsub
                0x00000000080001d8                __subdf3
                0x00000000080001dc                __adddf3
                0x00000000080001dc                __aeabi_dadd
                0x0000000008000454                __aeabi_ui2d
                0x0000000008000454                __floatunsidf
                0x0000000008000474                __floatsidf
                0x0000000008000474                __aeabi_i2d
                0x0000000008000498                __extendsfdf2
                0x0000000008000498                __aeabi_f2d
                0x00000000080004dc                __aeabi_ul2d
                0x00000000080004dc                __floatundidf
                0x00000000080004ec                __floatdidf
                0x00000000080004ec                __aeabi_l2d
 .text          0x0000000008000548      0x424 /opt/st/stm32cubeide_1.3.0/plugins/com.st.stm32cube.ide.mcu.externaltools.gnu-tools-for-stm32.7-2018-q2-update.linux64_1.0.0.201904181610/tools/bin/../lib/gcc/arm-none-eabi/7.3.1/thumb/v7e-m/fpv4-sp/hard/libgcc.a(_arm_muldivdf3.o)
                0x0000000008000548                __aeabi_dmul
                0x0000000008000548                __muldf3
                0x000000000800079c                __aeabi_ddiv
                0x000000000800079c                __divdf3
 .text          0x000000000800096c      0x110 /opt/st/stm32cubeide_1.3.0/plugins/com.st.stm32cube.ide.mcu.externaltools.gnu-tools-for-stm32.7-2018-q2-update.linux64_1.0.0.201904181610/tools/bin/../lib/gcc/arm-none-eabi/7.3.1/thumb/v7e-m/fpv4-sp/hard/libgcc.a(_arm_cmpdf2.o)
                0x000000000800096c                __gtdf2
                0x000000000800096c                __gedf2
                0x0000000008000974                __ltdf2
                0x0000000008000974                __ledf2
                0x000000000800097c                __cmpdf2
                0x000000000800097c                __eqdf2
                0x000000000800097c                __nedf2
                0x00000000080009f8                __aeabi_cdrcmple
                0x0000000008000a08                __aeabi_cdcmple
                0x0000000008000a08                __aeabi_cdcmpeq
                0x0000000008000a18                __aeabi_dcmpeq
                0x0000000008000a2c                __aeabi_dcmplt
                0x0000000008000a40                __aeabi_dcmple
                0x0000000008000a54                __aeabi_dcmpge
                0x0000000008000a68                __aeabi_dcmpgt
 .text          0x0000000008000a7c       0x2c /opt/st/stm32cubeide_1.3.0/plugins/com.st.stm32cube.ide.mcu.externaltools.gnu-tools-for-stm32.7-2018-q2-update.linux64_1.0.0.201904181610/tools/bin/../lib/gcc/arm-none-eabi/7.3.1/thumb/v7e-m/fpv4-sp/hard/libgcc.a(_arm_unorddf2.o)
                0x0000000008000a7c                __aeabi_dcmpun
                0x0000000008000a7c                __unorddf2
 .text          0x0000000008000aa8       0x50 /opt/st/stm32cubeide_1.3.0/plugins/com.st.stm32cube.ide.mcu.externaltools.gnu-tools-for-stm32.7-2018-q2-update.linux64_1.0.0.201904181610/tools/bin/../lib/gcc/arm-none-eabi/7.3.1/thumb/v7e-m/fpv4-sp/hard/libgcc.a(_arm_fixdfsi.o)
                0x0000000008000aa8                __fixdfsi
                0x0000000008000aa8                __aeabi_d2iz
 .text          0x0000000008000af8       0x40 /opt/st/stm32cubeide_1.3.0/plugins/com.st.stm32cube.ide.mcu.externaltools.gnu-tools-for-stm32.7-2018-q2-update.linux64_1.0.0.201904181610/tools/bin/../lib/gcc/arm-none-eabi/7.3.1/thumb/v7e-m/fpv4-sp/hard/libgcc.a(_arm_fixunsdfsi.o)
                0x0000000008000af8                __fixunsdfsi
                0x0000000008000af8                __aeabi_d2uiz
 .text          0x0000000008000b38       0xa0 /opt/st/stm32cubeide_1.3.0/plugins/com.st.stm32cube.ide.mcu.externaltools.gnu-tools-for-stm32.7-2018-q2-update.linux64_1.0.0.201904181610/tools/bin/../lib/gcc/arm-none-eabi/7.3.1/thumb/v7e-m/fpv4-sp/hard/libgcc.a(_arm_truncdfsf2.o)
                0x0000000008000b38                __aeabi_d2f
                0x0000000008000b38                __truncdfsf2
 .text          0x0000000008000bd8       0x30 /opt/st/stm32cubeide_1.3.0/plugins/com.st.stm32cube.ide.mcu.externaltools.gnu-tools-for-stm32.7-2018-q2-update.linux64_1.0.0.201904181610/tools/bin/../lib/gcc/arm-none-eabi/7.3.1/thumb/v7e-m/fpv4-sp/hard/libgcc.a(_aeabi_uldivmod.o)
                0x0000000008000bd8                __aeabi_uldivmod
 .text          0x0000000008000c08      0x2cc /opt/st/stm32cubeide_1.3.0/plugins/com.st.stm32cube.ide.mcu.externaltools.gnu-tools-for-stm32.7-2018-q2-update.linux64_1.0.0.201904181610/tools/bin/../lib/gcc/arm-none-eabi/7.3.1/thumb/v7e-m/fpv4-sp/hard/libgcc.a(_udivmoddi4.o)
                0x0000000008000c08                __udivmoddi4
 .text          0x0000000008000ed4        0x4 /opt/st/stm32cubeide_1.3.0/plugins/com.st.stm32cube.ide.mcu.externaltools.gnu-tools-for-stm32.7-2018-q2-update.linux64_1.0.0.201904181610/tools/bin/../lib/gcc/arm-none-eabi/7.3.1/thumb/v7e-m/fpv4-sp/hard/libgcc.a(_dvmd_tls.o)
                0x0000000008000ed4                __aeabi_ldiv0
                0x0000000008000ed4                __aeabi_idiv0
 *(.text*)
 .text.canbus_task_init
                0x0000000008000ed8       0x48 Core/Src/canbus_task.o
                0x0000000008000ed8                canbus_task_init
 .text.canbus_task
                0x0000000008000f20      0x4a8 Core/Src/canbus_task.o
                0x0000000008000f20                canbus_task
 .text.get_device_index
                0x00000000080013c8        0x4 Core/Src/canbus_task.o
                0x00000000080013c8                get_device_index
 .text.add_can_frame_to_tx_queue
                0x00000000080013cc       0x34 Core/Src/canbus_task.o
                0x00000000080013cc                add_can_frame_to_tx_queue
 .text.vApplicationGetIdleTaskMemory
                0x0000000008001400       0x20 Core/Src/freertos.o
                0x0000000008001400                vApplicationGetIdleTaskMemory
 .text.vApplicationGetTimerTaskMemory
                0x0000000008001420       0x20 Core/Src/freertos.o
                0x0000000008001420                vApplicationGetTimerTaskMemory
 .text.start_canbus_task
                0x0000000008001440        0xc Core/Src/main.o
                0x0000000008001440                start_canbus_task
 .text.start_motor_task
                0x000000000800144c        0xc Core/Src/main.o
                0x000000000800144c                start_motor_task
 .text.SystemClock_Config
                0x0000000008001458       0x94 Core/Src/main.o
                0x0000000008001458                SystemClock_Config
 .text.startup.main
                0x00000000080014ec      0x480 Core/Src/main.o
                0x00000000080014ec                main
 .text.HAL_TIM_PeriodElapsedCallback
                0x000000000800196c       0x14 Core/Src/main.o
                0x000000000800196c                HAL_TIM_PeriodElapsedCallback
 .text.vMotorTelemetryTimerCallback
                0x0000000008001980       0xcc Core/Src/motor_task.o
 .text.drive_motor
                0x0000000008001a4c       0xd0 Core/Src/motor_task.o
 .text.set_motor_position.part.1
                0x0000000008001b1c       0x54 Core/Src/motor_task.o
 .text.get_motor_position.part.2
                0x0000000008001b70       0x38 Core/Src/motor_task.o
 .text.vControlTimerCallback
                0x0000000008001ba8      0x3ac Core/Src/motor_task.o
 .text.motor_task_init
                0x0000000008001f54      0x25c Core/Src/motor_task.o
                0x0000000008001f54                motor_task_init
 .text.motor_task
                0x00000000080021b0        0x8 Core/Src/motor_task.o
                0x00000000080021b0                motor_task
 .text.set_control_mode
                0x00000000080021b8       0x10 Core/Src/motor_task.o
                0x00000000080021b8                set_control_mode
 .text.set_motor_position
                0x00000000080021c8        0xc Core/Src/motor_task.o
                0x00000000080021c8                set_motor_position
 .text.set_motor_speed
                0x00000000080021d4       0x18 Core/Src/motor_task.o
                0x00000000080021d4                set_motor_speed
 .text.set_motor_duty
                0x00000000080021ec       0x40 Core/Src/motor_task.o
                0x00000000080021ec                set_motor_duty
 .text.set_control_params_kp_min_max
                0x000000000800222c       0x54 Core/Src/motor_task.o
                0x000000000800222c                set_control_params_kp_min_max
 .text.set_control_params_ki
                0x0000000008002280       0x4c Core/Src/motor_task.o
                0x0000000008002280                set_control_params_ki
 .text.set_control_params_int_max
                0x00000000080022cc       0x4c Core/Src/motor_task.o
                0x00000000080022cc                set_control_params_int_max
 .text.set_control_params_int_min
                0x0000000008002318       0x4c Core/Src/motor_task.o
                0x0000000008002318                set_control_params_int_min
 .text.set_motor_ticks_per_rev
                0x0000000008002364       0x18 Core/Src/motor_task.o
                0x0000000008002364                set_motor_ticks_per_rev
 .text.HAL_MspInit
                0x000000000800237c       0x40 Core/Src/stm32f4xx_hal_msp.o
                0x000000000800237c                HAL_MspInit
 .text.HAL_ADC_MspInit
                0x00000000080023bc       0xb4 Core/Src/stm32f4xx_hal_msp.o
                0x00000000080023bc                HAL_ADC_MspInit
 .text.HAL_CAN_MspInit
                0x0000000008002470       0x9c Core/Src/stm32f4xx_hal_msp.o
                0x0000000008002470                HAL_CAN_MspInit
 .text.HAL_SPI_MspInit
                0x000000000800250c       0x80 Core/Src/stm32f4xx_hal_msp.o
                0x000000000800250c                HAL_SPI_MspInit
 .text.HAL_TIM_Encoder_MspInit
                0x000000000800258c       0xc4 Core/Src/stm32f4xx_hal_msp.o
                0x000000000800258c                HAL_TIM_Encoder_MspInit
 .text.HAL_TIM_Base_MspInit
                0x0000000008002650       0xc4 Core/Src/stm32f4xx_hal_msp.o
                0x0000000008002650                HAL_TIM_Base_MspInit
 .text.HAL_TIM_MspPostInit
                0x0000000008002714       0xc4 Core/Src/stm32f4xx_hal_msp.o
                0x0000000008002714                HAL_TIM_MspPostInit
 .text.HAL_InitTick
                0x00000000080027d8       0x80 Core/Src/stm32f4xx_hal_timebase_tim.o
                0x00000000080027d8                HAL_InitTick
 .text.NMI_Handler
                0x0000000008002858        0x4 Core/Src/stm32f4xx_it.o
                0x0000000008002858                NMI_Handler
 .text.HardFault_Handler
                0x000000000800285c        0x4 Core/Src/stm32f4xx_it.o
                0x000000000800285c                HardFault_Handler
 .text.MemManage_Handler
                0x0000000008002860        0x4 Core/Src/stm32f4xx_it.o
                0x0000000008002860                MemManage_Handler
 .text.BusFault_Handler
                0x0000000008002864        0x4 Core/Src/stm32f4xx_it.o
                0x0000000008002864                BusFault_Handler
 .text.UsageFault_Handler
                0x0000000008002868        0x4 Core/Src/stm32f4xx_it.o
                0x0000000008002868                UsageFault_Handler
 .text.DebugMon_Handler
                0x000000000800286c        0x4 Core/Src/stm32f4xx_it.o
                0x000000000800286c                DebugMon_Handler
 .text.ADC_IRQHandler
                0x0000000008002870       0x1c Core/Src/stm32f4xx_it.o
                0x0000000008002870                ADC_IRQHandler
 .text.CAN1_TX_IRQHandler
                0x000000000800288c        0xc Core/Src/stm32f4xx_it.o
                0x000000000800288c                CAN1_TX_IRQHandler
 .text.CAN1_RX0_IRQHandler
                0x0000000008002898        0x4 Core/Src/stm32f4xx_it.o
                0x0000000008002898                CAN1_RX0_IRQHandler
 .text.CAN1_RX1_IRQHandler
                0x000000000800289c        0x4 Core/Src/stm32f4xx_it.o
                0x000000000800289c                CAN1_RX1_IRQHandler
 .text.TIM4_IRQHandler
                0x00000000080028a0        0xc Core/Src/stm32f4xx_it.o
                0x00000000080028a0                TIM4_IRQHandler
 .text.SPI2_IRQHandler
                0x00000000080028ac        0xc Core/Src/stm32f4xx_it.o
                0x00000000080028ac                SPI2_IRQHandler
 .text.TIM8_UP_TIM13_IRQHandler
                0x00000000080028b8       0x1c Core/Src/stm32f4xx_it.o
                0x00000000080028b8                TIM8_UP_TIM13_IRQHandler
 .text.SystemInit
                0x00000000080028d4       0x1c Core/Src/system_stm32f4xx.o
                0x00000000080028d4                SystemInit
 .text.Reset_Handler
                0x00000000080028f0       0x50 Core/Startup/startup_stm32f407vgtx.o
                0x00000000080028f0                Reset_Handler
 .text.Default_Handler
                0x0000000008002940        0x2 Core/Startup/startup_stm32f407vgtx.o
                0x0000000008002940                RTC_Alarm_IRQHandler
                0x0000000008002940                HASH_RNG_IRQHandler
                0x0000000008002940                EXTI2_IRQHandler
                0x0000000008002940                TIM8_CC_IRQHandler
                0x0000000008002940                TIM1_CC_IRQHandler
                0x0000000008002940                DMA2_Stream5_IRQHandler
                0x0000000008002940                DMA1_Stream5_IRQHandler
                0x0000000008002940                PVD_IRQHandler
                0x0000000008002940                SDIO_IRQHandler
                0x0000000008002940                TAMP_STAMP_IRQHandler
                0x0000000008002940                CAN2_RX1_IRQHandler
                0x0000000008002940                EXTI3_IRQHandler
                0x0000000008002940                TIM8_TRG_COM_TIM14_IRQHandler
                0x0000000008002940                TIM1_UP_TIM10_IRQHandler
                0x0000000008002940                I2C3_ER_IRQHandler
                0x0000000008002940                EXTI0_IRQHandler
                0x0000000008002940                I2C2_EV_IRQHandler
                0x0000000008002940                DMA1_Stream2_IRQHandler
                0x0000000008002940                FPU_IRQHandler
                0x0000000008002940                OTG_HS_WKUP_IRQHandler
                0x0000000008002940                CAN2_SCE_IRQHandler
                0x0000000008002940                DMA2_Stream2_IRQHandler
                0x0000000008002940                SPI1_IRQHandler
                0x0000000008002940                TIM6_DAC_IRQHandler
                0x0000000008002940                TIM1_BRK_TIM9_IRQHandler
                0x0000000008002940                DCMI_IRQHandler
                0x0000000008002940                CAN2_RX0_IRQHandler
                0x0000000008002940                DMA2_Stream3_IRQHandler
                0x0000000008002940                USART6_IRQHandler
                0x0000000008002940                USART3_IRQHandler
                0x0000000008002940                UART5_IRQHandler
                0x0000000008002940                DMA2_Stream0_IRQHandler
                0x0000000008002940                I2C1_EV_IRQHandler
                0x0000000008002940                DMA1_Stream6_IRQHandler
                0x0000000008002940                DMA1_Stream1_IRQHandler
                0x0000000008002940                UART4_IRQHandler
                0x0000000008002940                TIM3_IRQHandler
                0x0000000008002940                RCC_IRQHandler
                0x0000000008002940                TIM8_BRK_TIM12_IRQHandler
                0x0000000008002940                Default_Handler
                0x0000000008002940                EXTI15_10_IRQHandler
                0x0000000008002940                DMA1_Stream7_IRQHandler
                0x0000000008002940                TIM7_IRQHandler
                0x0000000008002940                CAN2_TX_IRQHandler
                0x0000000008002940                TIM5_IRQHandler
                0x0000000008002940                DMA2_Stream7_IRQHandler
                0x0000000008002940                I2C3_EV_IRQHandler
                0x0000000008002940                EXTI9_5_IRQHandler
                0x0000000008002940                RTC_WKUP_IRQHandler
                0x0000000008002940                ETH_WKUP_IRQHandler
                0x0000000008002940                OTG_HS_EP1_IN_IRQHandler
                0x0000000008002940                DMA1_Stream0_IRQHandler
                0x0000000008002940                EXTI4_IRQHandler
                0x0000000008002940                FSMC_IRQHandler
                0x0000000008002940                ETH_IRQHandler
                0x0000000008002940                OTG_HS_EP1_OUT_IRQHandler
                0x0000000008002940                WWDG_IRQHandler
                0x0000000008002940                TIM2_IRQHandler
                0x0000000008002940                OTG_FS_WKUP_IRQHandler
                0x0000000008002940                TIM1_TRG_COM_TIM11_IRQHandler
                0x0000000008002940                OTG_HS_IRQHandler
                0x0000000008002940                EXTI1_IRQHandler
                0x0000000008002940                USART2_IRQHandler
                0x0000000008002940                I2C2_ER_IRQHandler
                0x0000000008002940                DMA2_Stream1_IRQHandler
                0x0000000008002940                CAN1_SCE_IRQHandler
                0x0000000008002940                FLASH_IRQHandler
                0x0000000008002940                DMA2_Stream4_IRQHandler
                0x0000000008002940                USART1_IRQHandler
                0x0000000008002940                OTG_FS_IRQHandler
                0x0000000008002940                SPI3_IRQHandler
                0x0000000008002940                DMA1_Stream4_IRQHandler
                0x0000000008002940                I2C1_ER_IRQHandler
                0x0000000008002940                DMA2_Stream6_IRQHandler
                0x0000000008002940                DMA1_Stream3_IRQHandler
 *fill*         0x0000000008002942        0x2 
 .text.HAL_Init
                0x0000000008002944       0x34 Drivers/STM32F4xx_HAL_Driver/Src/stm32f4xx_hal.o
                0x0000000008002944                HAL_Init
 .text.HAL_IncTick
                0x0000000008002978       0x18 Drivers/STM32F4xx_HAL_Driver/Src/stm32f4xx_hal.o
                0x0000000008002978                HAL_IncTick
 .text.HAL_GetTick
                0x0000000008002990        0xc Drivers/STM32F4xx_HAL_Driver/Src/stm32f4xx_hal.o
                0x0000000008002990                HAL_GetTick
 .text.HAL_ADC_Init
                0x000000000800299c      0x164 Drivers/STM32F4xx_HAL_Driver/Src/stm32f4xx_hal_adc.o
                0x000000000800299c                HAL_ADC_Init
 .text.HAL_ADC_Start
                0x0000000008002b00       0xfc Drivers/STM32F4xx_HAL_Driver/Src/stm32f4xx_hal_adc.o
                0x0000000008002b00                HAL_ADC_Start
 .text.HAL_ADC_PollForConversion
                0x0000000008002bfc       0xa0 Drivers/STM32F4xx_HAL_Driver/Src/stm32f4xx_hal_adc.o
                0x0000000008002bfc                HAL_ADC_PollForConversion
 .text.HAL_ADC_GetValue
                0x0000000008002c9c        0x8 Drivers/STM32F4xx_HAL_Driver/Src/stm32f4xx_hal_adc.o
                0x0000000008002c9c                HAL_ADC_GetValue
 .text.HAL_ADC_ConvCpltCallback
                0x0000000008002ca4        0x4 Drivers/STM32F4xx_HAL_Driver/Src/stm32f4xx_hal_adc.o
                0x0000000008002ca4                HAL_ADC_ConvCpltCallback
 .text.HAL_ADC_LevelOutOfWindowCallback
                0x0000000008002ca8        0x4 Drivers/STM32F4xx_HAL_Driver/Src/stm32f4xx_hal_adc.o
                0x0000000008002ca8                HAL_ADC_LevelOutOfWindowCallback
 .text.HAL_ADC_ErrorCallback
                0x0000000008002cac        0x4 Drivers/STM32F4xx_HAL_Driver/Src/stm32f4xx_hal_adc.o
                0x0000000008002cac                HAL_ADC_ErrorCallback
 .text.HAL_ADC_IRQHandler
                0x0000000008002cb0      0x12c Drivers/STM32F4xx_HAL_Driver/Src/stm32f4xx_hal_adc.o
                0x0000000008002cb0                HAL_ADC_IRQHandler
 .text.HAL_ADC_ConfigChannel
                0x0000000008002ddc      0x150 Drivers/STM32F4xx_HAL_Driver/Src/stm32f4xx_hal_adc.o
                0x0000000008002ddc                HAL_ADC_ConfigChannel
 .text.HAL_ADCEx_InjectedConvCpltCallback
                0x0000000008002f2c        0x4 Drivers/STM32F4xx_HAL_Driver/Src/stm32f4xx_hal_adc_ex.o
                0x0000000008002f2c                HAL_ADCEx_InjectedConvCpltCallback
 .text.HAL_CAN_Init
                0x0000000008002f30      0x104 Drivers/STM32F4xx_HAL_Driver/Src/stm32f4xx_hal_can.o
                0x0000000008002f30                HAL_CAN_Init
 .text.HAL_CAN_TxMailbox0CompleteCallback
                0x0000000008003034        0x4 Drivers/STM32F4xx_HAL_Driver/Src/stm32f4xx_hal_can.o
                0x0000000008003034                HAL_CAN_TxMailbox0CompleteCallback
 .text.HAL_CAN_TxMailbox1CompleteCallback
                0x0000000008003038        0x4 Drivers/STM32F4xx_HAL_Driver/Src/stm32f4xx_hal_can.o
                0x0000000008003038                HAL_CAN_TxMailbox1CompleteCallback
 .text.HAL_CAN_TxMailbox2CompleteCallback
                0x000000000800303c        0x4 Drivers/STM32F4xx_HAL_Driver/Src/stm32f4xx_hal_can.o
                0x000000000800303c                HAL_CAN_TxMailbox2CompleteCallback
 .text.HAL_CAN_TxMailbox0AbortCallback
                0x0000000008003040        0x4 Drivers/STM32F4xx_HAL_Driver/Src/stm32f4xx_hal_can.o
                0x0000000008003040                HAL_CAN_TxMailbox0AbortCallback
 .text.HAL_CAN_TxMailbox1AbortCallback
                0x0000000008003044        0x4 Drivers/STM32F4xx_HAL_Driver/Src/stm32f4xx_hal_can.o
                0x0000000008003044                HAL_CAN_TxMailbox1AbortCallback
 .text.HAL_CAN_TxMailbox2AbortCallback
                0x0000000008003048        0x4 Drivers/STM32F4xx_HAL_Driver/Src/stm32f4xx_hal_can.o
                0x0000000008003048                HAL_CAN_TxMailbox2AbortCallback
 .text.HAL_CAN_RxFifo0MsgPendingCallback
                0x000000000800304c        0x4 Drivers/STM32F4xx_HAL_Driver/Src/stm32f4xx_hal_can.o
                0x000000000800304c                HAL_CAN_RxFifo0MsgPendingCallback
 .text.HAL_CAN_RxFifo0FullCallback
                0x0000000008003050        0x4 Drivers/STM32F4xx_HAL_Driver/Src/stm32f4xx_hal_can.o
                0x0000000008003050                HAL_CAN_RxFifo0FullCallback
 .text.HAL_CAN_RxFifo1MsgPendingCallback
                0x0000000008003054        0x4 Drivers/STM32F4xx_HAL_Driver/Src/stm32f4xx_hal_can.o
                0x0000000008003054                HAL_CAN_RxFifo1MsgPendingCallback
 .text.HAL_CAN_RxFifo1FullCallback
                0x0000000008003058        0x4 Drivers/STM32F4xx_HAL_Driver/Src/stm32f4xx_hal_can.o
                0x0000000008003058                HAL_CAN_RxFifo1FullCallback
 .text.HAL_CAN_SleepCallback
                0x000000000800305c        0x4 Drivers/STM32F4xx_HAL_Driver/Src/stm32f4xx_hal_can.o
                0x000000000800305c                HAL_CAN_SleepCallback
 .text.HAL_CAN_WakeUpFromRxMsgCallback
                0x0000000008003060        0x4 Drivers/STM32F4xx_HAL_Driver/Src/stm32f4xx_hal_can.o
                0x0000000008003060                HAL_CAN_WakeUpFromRxMsgCallback
 .text.HAL_CAN_ErrorCallback
                0x0000000008003064        0x4 Drivers/STM32F4xx_HAL_Driver/Src/stm32f4xx_hal_can.o
                0x0000000008003064                HAL_CAN_ErrorCallback
 .text.HAL_CAN_IRQHandler
                0x0000000008003068      0x224 Drivers/STM32F4xx_HAL_Driver/Src/stm32f4xx_hal_can.o
                0x0000000008003068                HAL_CAN_IRQHandler
 .text.HAL_NVIC_SetPriorityGrouping
                0x000000000800328c       0x24 Drivers/STM32F4xx_HAL_Driver/Src/stm32f4xx_hal_cortex.o
                0x000000000800328c                HAL_NVIC_SetPriorityGrouping
 .text.HAL_NVIC_SetPriority
                0x00000000080032b0       0x6c Drivers/STM32F4xx_HAL_Driver/Src/stm32f4xx_hal_cortex.o
                0x00000000080032b0                HAL_NVIC_SetPriority
 .text.HAL_NVIC_EnableIRQ
                0x000000000800331c       0x1c Drivers/STM32F4xx_HAL_Driver/Src/stm32f4xx_hal_cortex.o
                0x000000000800331c                HAL_NVIC_EnableIRQ
 .text.HAL_DMA_Abort_IT
                0x0000000008003338       0x24 Drivers/STM32F4xx_HAL_Driver/Src/stm32f4xx_hal_dma.o
                0x0000000008003338                HAL_DMA_Abort_IT
 .text.HAL_GPIO_Init
                0x000000000800335c      0x208 Drivers/STM32F4xx_HAL_Driver/Src/stm32f4xx_hal_gpio.o
                0x000000000800335c                HAL_GPIO_Init
 .text.HAL_GPIO_WritePin
                0x0000000008003564        0x8 Drivers/STM32F4xx_HAL_Driver/Src/stm32f4xx_hal_gpio.o
                0x0000000008003564                HAL_GPIO_WritePin
 .text.HAL_RCC_OscConfig
                0x000000000800356c      0x3bc Drivers/STM32F4xx_HAL_Driver/Src/stm32f4xx_hal_rcc.o
                0x000000000800356c                HAL_RCC_OscConfig
 .text.HAL_RCC_GetSysClockFreq
                0x0000000008003928       0x6c Drivers/STM32F4xx_HAL_Driver/Src/stm32f4xx_hal_rcc.o
                0x0000000008003928                HAL_RCC_GetSysClockFreq
 .text.HAL_RCC_ClockConfig
                0x0000000008003994      0x13c Drivers/STM32F4xx_HAL_Driver/Src/stm32f4xx_hal_rcc.o
                0x0000000008003994                HAL_RCC_ClockConfig
 .text.HAL_RCC_GetPCLK2Freq
                0x0000000008003ad0       0x20 Drivers/STM32F4xx_HAL_Driver/Src/stm32f4xx_hal_rcc.o
                0x0000000008003ad0                HAL_RCC_GetPCLK2Freq
 .text.HAL_RCC_GetClockConfig
                0x0000000008003af0       0x44 Drivers/STM32F4xx_HAL_Driver/Src/stm32f4xx_hal_rcc.o
                0x0000000008003af0                HAL_RCC_GetClockConfig
 .text.HAL_SPI_Init
                0x0000000008003b34       0x80 Drivers/STM32F4xx_HAL_Driver/Src/stm32f4xx_hal_spi.o
                0x0000000008003b34                HAL_SPI_Init
 .text.HAL_SPI_ErrorCallback
                0x0000000008003bb4        0x4 Drivers/STM32F4xx_HAL_Driver/Src/stm32f4xx_hal_spi.o
                0x0000000008003bb4                HAL_SPI_ErrorCallback
 .text.HAL_SPI_IRQHandler
                0x0000000008003bb8      0x144 Drivers/STM32F4xx_HAL_Driver/Src/stm32f4xx_hal_spi.o
                0x0000000008003bb8                HAL_SPI_IRQHandler
 .text.SPI_DMAAbortOnError
                0x0000000008003cfc       0x14 Drivers/STM32F4xx_HAL_Driver/Src/stm32f4xx_hal_spi.o
 .text.TIM_OC1_SetConfig
                0x0000000008003d10       0x60 Drivers/STM32F4xx_HAL_Driver/Src/stm32f4xx_hal_tim.o
 .text.TIM_OC3_SetConfig
                0x0000000008003d70       0x64 Drivers/STM32F4xx_HAL_Driver/Src/stm32f4xx_hal_tim.o
 .text.TIM_OC4_SetConfig
                0x0000000008003dd4       0x50 Drivers/STM32F4xx_HAL_Driver/Src/stm32f4xx_hal_tim.o
 .text.HAL_TIM_Base_Start_IT
                0x0000000008003e24       0x20 Drivers/STM32F4xx_HAL_Driver/Src/stm32f4xx_hal_tim.o
                0x0000000008003e24                HAL_TIM_Base_Start_IT
 .text.HAL_TIM_PWM_MspInit
                0x0000000008003e44        0x4 Drivers/STM32F4xx_HAL_Driver/Src/stm32f4xx_hal_tim.o
                0x0000000008003e44                HAL_TIM_PWM_MspInit
 .text.HAL_TIM_ConfigClockSource
                0x0000000008003e48      0x14c Drivers/STM32F4xx_HAL_Driver/Src/stm32f4xx_hal_tim.o
                0x0000000008003e48                HAL_TIM_ConfigClockSource
 .text.HAL_TIM_OC_DelayElapsedCallback
                0x0000000008003f94        0x4 Drivers/STM32F4xx_HAL_Driver/Src/stm32f4xx_hal_tim.o
                0x0000000008003f94                HAL_TIM_OC_DelayElapsedCallback
 .text.HAL_TIM_IC_CaptureCallback
                0x0000000008003f98        0x4 Drivers/STM32F4xx_HAL_Driver/Src/stm32f4xx_hal_tim.o
                0x0000000008003f98                HAL_TIM_IC_CaptureCallback
 .text.HAL_TIM_PWM_PulseFinishedCallback
                0x0000000008003f9c        0x4 Drivers/STM32F4xx_HAL_Driver/Src/stm32f4xx_hal_tim.o
                0x0000000008003f9c                HAL_TIM_PWM_PulseFinishedCallback
 .text.HAL_TIM_TriggerCallback
                0x0000000008003fa0        0x4 Drivers/STM32F4xx_HAL_Driver/Src/stm32f4xx_hal_tim.o
                0x0000000008003fa0                HAL_TIM_TriggerCallback
 .text.HAL_TIM_IRQHandler
                0x0000000008003fa4      0x154 Drivers/STM32F4xx_HAL_Driver/Src/stm32f4xx_hal_tim.o
                0x0000000008003fa4                HAL_TIM_IRQHandler
 .text.TIM_Base_SetConfig
                0x00000000080040f8       0xe4 Drivers/STM32F4xx_HAL_Driver/Src/stm32f4xx_hal_tim.o
                0x00000000080040f8                TIM_Base_SetConfig
 .text.HAL_TIM_Base_Init
                0x00000000080041dc       0x38 Drivers/STM32F4xx_HAL_Driver/Src/stm32f4xx_hal_tim.o
                0x00000000080041dc                HAL_TIM_Base_Init
 .text.HAL_TIM_PWM_Init
                0x0000000008004214       0x38 Drivers/STM32F4xx_HAL_Driver/Src/stm32f4xx_hal_tim.o
                0x0000000008004214                HAL_TIM_PWM_Init
 .text.HAL_TIM_Encoder_Init
                0x000000000800424c       0xa8 Drivers/STM32F4xx_HAL_Driver/Src/stm32f4xx_hal_tim.o
                0x000000000800424c                HAL_TIM_Encoder_Init
 .text.TIM_OC2_SetConfig
                0x00000000080042f4       0x64 Drivers/STM32F4xx_HAL_Driver/Src/stm32f4xx_hal_tim.o
                0x00000000080042f4                TIM_OC2_SetConfig
 .text.HAL_TIM_PWM_ConfigChannel
                0x0000000008004358       0xf8 Drivers/STM32F4xx_HAL_Driver/Src/stm32f4xx_hal_tim.o
                0x0000000008004358                HAL_TIM_PWM_ConfigChannel
 .text.HAL_TIMEx_MasterConfigSynchronization
                0x0000000008004450       0x8c Drivers/STM32F4xx_HAL_Driver/Src/stm32f4xx_hal_tim_ex.o
                0x0000000008004450                HAL_TIMEx_MasterConfigSynchronization
 .text.HAL_TIMEx_CommutCallback
                0x00000000080044dc        0x4 Drivers/STM32F4xx_HAL_Driver/Src/stm32f4xx_hal_tim_ex.o
                0x00000000080044dc                HAL_TIMEx_CommutCallback
 .text.HAL_TIMEx_BreakCallback
                0x00000000080044e0        0x4 Drivers/STM32F4xx_HAL_Driver/Src/stm32f4xx_hal_tim_ex.o
                0x00000000080044e0                HAL_TIMEx_BreakCallback
 .text.osKernelStart
                0x00000000080044e4        0xc Middlewares/Third_Party/FreeRTOS/Source/CMSIS_RTOS/cmsis_os.o
                0x00000000080044e4                osKernelStart
 .text.osThreadCreate
                0x00000000080044f0       0x54 Middlewares/Third_Party/FreeRTOS/Source/CMSIS_RTOS/cmsis_os.o
                0x00000000080044f0                osThreadCreate
 .text.vListInitialise
                0x0000000008004544       0x18 Middlewares/Third_Party/FreeRTOS/Source/list.o
                0x0000000008004544                vListInitialise
 .text.vListInitialiseItem
                0x000000000800455c        0x8 Middlewares/Third_Party/FreeRTOS/Source/list.o
                0x000000000800455c                vListInitialiseItem
 .text.vListInsertEnd
                0x0000000008004564       0x20 Middlewares/Third_Party/FreeRTOS/Source/list.o
                0x0000000008004564                vListInsertEnd
 .text.vListInsert
                0x0000000008004584       0x34 Middlewares/Third_Party/FreeRTOS/Source/list.o
                0x0000000008004584                vListInsert
 .text.uxListRemove
                0x00000000080045b8       0x28 Middlewares/Third_Party/FreeRTOS/Source/list.o
                0x00000000080045b8                uxListRemove
 .text.prvCopyDataToQueue
                0x00000000080045e0       0x7c Middlewares/Third_Party/FreeRTOS/Source/queue.o
 .text.prvCopyDataFromQueue
                0x000000000800465c       0x24 Middlewares/Third_Party/FreeRTOS/Source/queue.o
 .text.prvNotifyQueueSetContainer
                0x0000000008004680       0x7c Middlewares/Third_Party/FreeRTOS/Source/queue.o
 .text.prvUnlockQueue
                0x00000000080046fc       0xa0 Middlewares/Third_Party/FreeRTOS/Source/queue.o
 .text.xQueueGenericReset
                0x000000000800479c       0x84 Middlewares/Third_Party/FreeRTOS/Source/queue.o
                0x000000000800479c                xQueueGenericReset
 .text.xQueueGenericCreateStatic
                0x0000000008004820       0xac Middlewares/Third_Party/FreeRTOS/Source/queue.o
                0x0000000008004820                xQueueGenericCreateStatic
 .text.xQueueGenericCreate
                0x00000000080048cc       0x64 Middlewares/Third_Party/FreeRTOS/Source/queue.o
                0x00000000080048cc                xQueueGenericCreate
 .text.xQueueGenericSend
                0x0000000008004930      0x1b0 Middlewares/Third_Party/FreeRTOS/Source/queue.o
                0x0000000008004930                xQueueGenericSend
 .text.xQueueGenericSendFromISR
                0x0000000008004ae0       0xe0 Middlewares/Third_Party/FreeRTOS/Source/queue.o
                0x0000000008004ae0                xQueueGenericSendFromISR
 .text.xQueueReceive
                0x0000000008004bc0      0x174 Middlewares/Third_Party/FreeRTOS/Source/queue.o
                0x0000000008004bc0                xQueueReceive
 .text.vQueueAddToRegistry
                0x0000000008004d34       0x28 Middlewares/Third_Party/FreeRTOS/Source/queue.o
                0x0000000008004d34                vQueueAddToRegistry
 .text.vQueueWaitForMessageRestricted
                0x0000000008004d5c       0x48 Middlewares/Third_Party/FreeRTOS/Source/queue.o
                0x0000000008004d5c                vQueueWaitForMessageRestricted
 .text.xQueueCreateSet
                0x0000000008004da4        0x8 Middlewares/Third_Party/FreeRTOS/Source/queue.o
                0x0000000008004da4                xQueueCreateSet
 .text.xQueueAddToSet
                0x0000000008004dac       0x34 Middlewares/Third_Party/FreeRTOS/Source/queue.o
                0x0000000008004dac                xQueueAddToSet
 .text.xQueueSelectFromSet
                0x0000000008004de0       0x1c Middlewares/Third_Party/FreeRTOS/Source/queue.o
                0x0000000008004de0                xQueueSelectFromSet
 .text.prvAddNewTaskToReadyList
                0x0000000008004dfc      0x118 Middlewares/Third_Party/FreeRTOS/Source/tasks.o
 .text.prvDeleteTCB
                0x0000000008004f14       0x3c Middlewares/Third_Party/FreeRTOS/Source/tasks.o
 .text.prvIdleTask
                0x0000000008004f50       0x6c Middlewares/Third_Party/FreeRTOS/Source/tasks.o
 .text.prvResetNextTaskUnblockTime.part.1
                0x0000000008004fbc       0x18 Middlewares/Third_Party/FreeRTOS/Source/tasks.o
 .text.prvInitialiseNewTask.isra.2
                0x0000000008004fd4       0x90 Middlewares/Third_Party/FreeRTOS/Source/tasks.o
 .text.prvAddCurrentTaskToDelayedList
                0x0000000008005064       0x8c Middlewares/Third_Party/FreeRTOS/Source/tasks.o
 .text.xTaskCreateStatic
                0x00000000080050f0       0x70 Middlewares/Third_Party/FreeRTOS/Source/tasks.o
                0x00000000080050f0                xTaskCreateStatic
 .text.xTaskCreate
                0x0000000008005160       0x68 Middlewares/Third_Party/FreeRTOS/Source/tasks.o
                0x0000000008005160                xTaskCreate
 .text.vTaskStartScheduler
                0x00000000080051c8       0x84 Middlewares/Third_Party/FreeRTOS/Source/tasks.o
                0x00000000080051c8                vTaskStartScheduler
 .text.vTaskSuspendAll
                0x000000000800524c       0x10 Middlewares/Third_Party/FreeRTOS/Source/tasks.o
                0x000000000800524c                vTaskSuspendAll
 .text.xTaskGetTickCount
                0x000000000800525c        0xc Middlewares/Third_Party/FreeRTOS/Source/tasks.o
                0x000000000800525c                xTaskGetTickCount
 .text.xTaskIncrementTick
                0x0000000008005268      0x14c Middlewares/Third_Party/FreeRTOS/Source/tasks.o
                0x0000000008005268                xTaskIncrementTick
 .text.xTaskResumeAll
                0x00000000080053b4      0x10c Middlewares/Third_Party/FreeRTOS/Source/tasks.o
                0x00000000080053b4                xTaskResumeAll
 .text.vTaskDelay
                0x00000000080054c0       0x48 Middlewares/Third_Party/FreeRTOS/Source/tasks.o
                0x00000000080054c0                vTaskDelay
 .text.vTaskSwitchContext
                0x0000000008005508       0x7c Middlewares/Third_Party/FreeRTOS/Source/tasks.o
                0x0000000008005508                vTaskSwitchContext
 .text.vTaskPlaceOnEventList
                0x0000000008005584       0x34 Middlewares/Third_Party/FreeRTOS/Source/tasks.o
                0x0000000008005584                vTaskPlaceOnEventList
 .text.vTaskPlaceOnEventListRestricted
                0x00000000080055b8       0x40 Middlewares/Third_Party/FreeRTOS/Source/tasks.o
                0x00000000080055b8                vTaskPlaceOnEventListRestricted
 .text.xTaskRemoveFromEventList
                0x00000000080055f8       0x88 Middlewares/Third_Party/FreeRTOS/Source/tasks.o
                0x00000000080055f8                xTaskRemoveFromEventList
 .text.vTaskInternalSetTimeOutState
                0x0000000008005680       0x18 Middlewares/Third_Party/FreeRTOS/Source/tasks.o
                0x0000000008005680                vTaskInternalSetTimeOutState
 .text.xTaskCheckForTimeOut
                0x0000000008005698       0x8c Middlewares/Third_Party/FreeRTOS/Source/tasks.o
                0x0000000008005698                xTaskCheckForTimeOut
 .text.vTaskMissedYield
                0x0000000008005724        0xc Middlewares/Third_Party/FreeRTOS/Source/tasks.o
                0x0000000008005724                vTaskMissedYield
 .text.xTaskGetSchedulerState
                0x0000000008005730       0x20 Middlewares/Third_Party/FreeRTOS/Source/tasks.o
                0x0000000008005730                xTaskGetSchedulerState
 .text.xTaskPriorityDisinherit
                0x0000000008005750       0xb0 Middlewares/Third_Party/FreeRTOS/Source/tasks.o
                0x0000000008005750                xTaskPriorityDisinherit
 .text.prvCheckForValidListAndQueue
                0x0000000008005800       0x74 Middlewares/Third_Party/FreeRTOS/Source/timers.o
 .text.prvInsertTimerInActiveList
                0x0000000008005874       0x44 Middlewares/Third_Party/FreeRTOS/Source/timers.o
 .text.xTimerCreateTimerTask
                0x00000000080058b8       0x64 Middlewares/Third_Party/FreeRTOS/Source/timers.o
                0x00000000080058b8                xTimerCreateTimerTask
 .text.xTimerCreate
                0x000000000800591c       0x5c Middlewares/Third_Party/FreeRTOS/Source/timers.o
                0x000000000800591c                xTimerCreate
 .text.xTimerGenericCommand
                0x0000000008005978       0x64 Middlewares/Third_Party/FreeRTOS/Source/timers.o
                0x0000000008005978                xTimerGenericCommand
 .text.prvSwitchTimerLists
                0x00000000080059dc       0x90 Middlewares/Third_Party/FreeRTOS/Source/timers.o
 .text.prvTimerTask
                0x0000000008005a6c      0x204 Middlewares/Third_Party/FreeRTOS/Source/timers.o
 .text.prvTaskExitError
                0x0000000008005c70       0x40 Middlewares/Third_Party/FreeRTOS/Source/portable/GCC/ARM_CM4F/port.o
 .text.unlikely.prvPortStartFirstTask
                0x0000000008005cb0       0x28 Middlewares/Third_Party/FreeRTOS/Source/portable/GCC/ARM_CM4F/port.o
 .text.unlikely.vPortEnableVFP
                0x0000000008005cd8       0x14 Middlewares/Third_Party/FreeRTOS/Source/portable/GCC/ARM_CM4F/port.o
 .text.pxPortInitialiseStack
                0x0000000008005cec       0x2c Middlewares/Third_Party/FreeRTOS/Source/portable/GCC/ARM_CM4F/port.o
                0x0000000008005cec                pxPortInitialiseStack
 *fill*         0x0000000008005d18        0x8 
 .text.SVC_Handler
                0x0000000008005d20       0x24 Middlewares/Third_Party/FreeRTOS/Source/portable/GCC/ARM_CM4F/port.o
                0x0000000008005d20                SVC_Handler
 .text.vPortEnterCritical
                0x0000000008005d44       0x44 Middlewares/Third_Party/FreeRTOS/Source/portable/GCC/ARM_CM4F/port.o
                0x0000000008005d44                vPortEnterCritical
 .text.vPortExitCritical
                0x0000000008005d88       0x28 Middlewares/Third_Party/FreeRTOS/Source/portable/GCC/ARM_CM4F/port.o
                0x0000000008005d88                vPortExitCritical
 .text.PendSV_Handler
                0x0000000008005db0       0x64 Middlewares/Third_Party/FreeRTOS/Source/portable/GCC/ARM_CM4F/port.o
                0x0000000008005db0                PendSV_Handler
 .text.SysTick_Handler
                0x0000000008005e14       0x2c Middlewares/Third_Party/FreeRTOS/Source/portable/GCC/ARM_CM4F/port.o
                0x0000000008005e14                SysTick_Handler
 .text.vPortSetupTimerInterrupt
                0x0000000008005e40       0x3c Middlewares/Third_Party/FreeRTOS/Source/portable/GCC/ARM_CM4F/port.o
                0x0000000008005e40                vPortSetupTimerInterrupt
 .text.xPortStartScheduler
                0x0000000008005e7c      0x110 Middlewares/Third_Party/FreeRTOS/Source/portable/GCC/ARM_CM4F/port.o
                0x0000000008005e7c                xPortStartScheduler
 .text.vPortValidateInterruptPriority
                0x0000000008005f8c       0x5c Middlewares/Third_Party/FreeRTOS/Source/portable/GCC/ARM_CM4F/port.o
                0x0000000008005f8c                vPortValidateInterruptPriority
 .text.unlikely.prvInsertBlockIntoFreeList
                0x0000000008005fe8       0x50 Middlewares/Third_Party/FreeRTOS/Source/portable/MemMang/heap_4.o
 .text.pvPortMalloc
                0x0000000008006038      0x124 Middlewares/Third_Party/FreeRTOS/Source/portable/MemMang/heap_4.o
                0x0000000008006038                pvPortMalloc
 .text.vPortFree
                0x000000000800615c       0x70 Middlewares/Third_Party/FreeRTOS/Source/portable/MemMang/heap_4.o
                0x000000000800615c                vPortFree
 .text.adc_interface_init
                0x00000000080061cc       0x34 lib/adc_interface.o
                0x00000000080061cc                adc_interface_init
 .text.get_motor_current_ma
                0x0000000008006200       0x94 lib/adc_interface.o
                0x0000000008006200                get_motor_current_ma
 .text.unpack_can_message
                0x0000000008006294       0x24 lib/can_messages.o
                0x0000000008006294                unpack_can_message
 .text.pack_can_message
                0x00000000080062b8       0x30 lib/can_messages.o
                0x00000000080062b8                pack_can_message
 .text.get_motor_encoder_ticks
                0x00000000080062e8       0xcc lib/encoder_interface.o
                0x00000000080062e8                get_motor_encoder_ticks
 .text.set_motor_encoder_ticks
                0x00000000080063b4       0x2c lib/encoder_interface.o
                0x00000000080063b4                set_motor_encoder_ticks
 .text.calculate_impedance_control
                0x00000000080063e0      0x360 lib/impedance_controller.o
                0x00000000080063e0                calculate_impedance_control
 .text.init_leg_precalcs
                0x0000000008006740       0x64 lib/inverse_kinematics.o
                0x0000000008006740                init_leg_precalcs
 .text.calculate_ik
                0x00000000080067a4      0x104 lib/inverse_kinematics.o
                0x00000000080067a4                calculate_ik
 .text.calculate_fk
                0x00000000080068a8       0x6c lib/inverse_kinematics.o
                0x00000000080068a8                calculate_fk
 .text.motion_primitive_init
                0x0000000008006914      0x334 lib/motion_primitives.o
                0x0000000008006914                motion_primitive_init
 .text.motion_primitive_time_sync
                0x0000000008006c48       0x14 lib/motion_primitives.o
                0x0000000008006c48                motion_primitive_time_sync
 .text.motion_primitive_set_index
                0x0000000008006c5c       0x10 lib/motion_primitives.o
                0x0000000008006c5c                motion_primitive_set_index
 .text.motion_primitive_set_timing
                0x0000000008006c6c       0x28 lib/motion_primitives.o
                0x0000000008006c6c                motion_primitive_set_timing
 .text.motion_primitive_set_scaling
                0x0000000008006c94       0x24 lib/motion_primitives.o
                0x0000000008006c94                motion_primitive_set_scaling
 .text.motion_primitive_get_position
                0x0000000008006cb8      0x300 lib/motion_primitives.o
                0x0000000008006cb8                motion_primitive_get_position
 .text.motion_primitive_get_position_bezier_quadratic
                0x0000000008006fb8      0x3dc lib/motion_primitives.o
                0x0000000008006fb8                motion_primitive_get_position_bezier_quadratic
 .text.motion_primitive_is_inverted
                0x0000000008007394       0x20 lib/motion_primitives.o
                0x0000000008007394                motion_primitive_is_inverted
 .text.motion_primitive_set_keyframe
                0x00000000080073b4       0x2c lib/motion_primitives.o
                0x00000000080073b4                motion_primitive_set_keyframe
 .text.get_motion_primitive
                0x00000000080073e0        0xc lib/motion_primitives.o
                0x00000000080073e0                get_motion_primitive
 .text.calculate_pid
                0x00000000080073ec       0xe8 lib/pid_controller.o
                0x00000000080073ec                calculate_pid
 .text.arm_sin_f32
                0x00000000080074d4       0x88 ../lib/libarm_cortexM4lf_math.a(arm_sin_f32.o)
                0x00000000080074d4                arm_sin_f32
 .text.arm_cos_f32
                0x000000000800755c       0x80 ../lib/libarm_cortexM4lf_math.a(arm_cos_f32.o)
                0x000000000800755c                arm_cos_f32
 .text.__errno  0x00000000080075dc        0xc /opt/st/stm32cubeide_1.3.0/plugins/com.st.stm32cube.ide.mcu.externaltools.gnu-tools-for-stm32.7-2018-q2-update.linux64_1.0.0.201904181610/tools/bin/../lib/gcc/arm-none-eabi/7.3.1/../../../../arm-none-eabi/lib/thumb/v7e-m/fpv4-sp/hard/libc_nano.a(lib_a-errno.o)
                0x00000000080075dc                __errno
 .text.__libc_init_array
                0x00000000080075e8       0x48 /opt/st/stm32cubeide_1.3.0/plugins/com.st.stm32cube.ide.mcu.externaltools.gnu-tools-for-stm32.7-2018-q2-update.linux64_1.0.0.201904181610/tools/bin/../lib/gcc/arm-none-eabi/7.3.1/../../../../arm-none-eabi/lib/thumb/v7e-m/fpv4-sp/hard/libc_nano.a(lib_a-init.o)
                0x00000000080075e8                __libc_init_array
 .text.memcpy   0x0000000008007630       0x16 /opt/st/stm32cubeide_1.3.0/plugins/com.st.stm32cube.ide.mcu.externaltools.gnu-tools-for-stm32.7-2018-q2-update.linux64_1.0.0.201904181610/tools/bin/../lib/gcc/arm-none-eabi/7.3.1/../../../../arm-none-eabi/lib/thumb/v7e-m/fpv4-sp/hard/libc_nano.a(lib_a-memcpy-stub.o)
                0x0000000008007630                memcpy
 .text.memset   0x0000000008007646       0x10 /opt/st/stm32cubeide_1.3.0/plugins/com.st.stm32cube.ide.mcu.externaltools.gnu-tools-for-stm32.7-2018-q2-update.linux64_1.0.0.201904181610/tools/bin/../lib/gcc/arm-none-eabi/7.3.1/../../../../arm-none-eabi/lib/thumb/v7e-m/fpv4-sp/hard/libc_nano.a(lib_a-memset.o)
                0x0000000008007646                memset
 *fill*         0x0000000008007656        0x2 
 .text.atan     0x0000000008007658      0x340 /opt/st/stm32cubeide_1.3.0/plugins/com.st.stm32cube.ide.mcu.externaltools.gnu-tools-for-stm32.7-2018-q2-update.linux64_1.0.0.201904181610/tools/bin/../lib/gcc/arm-none-eabi/7.3.1/../../../../arm-none-eabi/lib/thumb/v7e-m/fpv4-sp/hard/libm.a(lib_a-s_atan.o)
                0x0000000008007658                atan
 .text.cos      0x0000000008007998       0x88 /opt/st/stm32cubeide_1.3.0/plugins/com.st.stm32cube.ide.mcu.externaltools.gnu-tools-for-stm32.7-2018-q2-update.linux64_1.0.0.201904181610/tools/bin/../lib/gcc/arm-none-eabi/7.3.1/../../../../arm-none-eabi/lib/thumb/v7e-m/fpv4-sp/hard/libm.a(lib_a-s_cos.o)
                0x0000000008007998                cos
 .text.fabs     0x0000000008007a20       0x12 /opt/st/stm32cubeide_1.3.0/plugins/com.st.stm32cube.ide.mcu.externaltools.gnu-tools-for-stm32.7-2018-q2-update.linux64_1.0.0.201904181610/tools/bin/../lib/gcc/arm-none-eabi/7.3.1/../../../../arm-none-eabi/lib/thumb/v7e-m/fpv4-sp/hard/libm.a(lib_a-s_fabs.o)
                0x0000000008007a20                fabs
 *fill*         0x0000000008007a32        0x6 
 .text.sin      0x0000000008007a38       0x90 /opt/st/stm32cubeide_1.3.0/plugins/com.st.stm32cube.ide.mcu.externaltools.gnu-tools-for-stm32.7-2018-q2-update.linux64_1.0.0.201904181610/tools/bin/../lib/gcc/arm-none-eabi/7.3.1/../../../../arm-none-eabi/lib/thumb/v7e-m/fpv4-sp/hard/libm.a(lib_a-s_sin.o)
                0x0000000008007a38                sin
 .text.acos     0x0000000008007ac8       0xb0 /opt/st/stm32cubeide_1.3.0/plugins/com.st.stm32cube.ide.mcu.externaltools.gnu-tools-for-stm32.7-2018-q2-update.linux64_1.0.0.201904181610/tools/bin/../lib/gcc/arm-none-eabi/7.3.1/../../../../arm-none-eabi/lib/thumb/v7e-m/fpv4-sp/hard/libm.a(lib_a-w_acos.o)
                0x0000000008007ac8                acos
 .text.fmod     0x0000000008007b78       0xc8 /opt/st/stm32cubeide_1.3.0/plugins/com.st.stm32cube.ide.mcu.externaltools.gnu-tools-for-stm32.7-2018-q2-update.linux64_1.0.0.201904181610/tools/bin/../lib/gcc/arm-none-eabi/7.3.1/../../../../arm-none-eabi/lib/thumb/v7e-m/fpv4-sp/hard/libm.a(lib_a-w_fmod.o)
                0x0000000008007b78                fmod
 .text.__ieee754_acos
                0x0000000008007c40      0x4b8 /opt/st/stm32cubeide_1.3.0/plugins/com.st.stm32cube.ide.mcu.externaltools.gnu-tools-for-stm32.7-2018-q2-update.linux64_1.0.0.201904181610/tools/bin/../lib/gcc/arm-none-eabi/7.3.1/../../../../arm-none-eabi/lib/thumb/v7e-m/fpv4-sp/hard/libm.a(lib_a-e_acos.o)
                0x0000000008007c40                __ieee754_acos
 .text.__ieee754_fmod
                0x00000000080080f8      0x224 /opt/st/stm32cubeide_1.3.0/plugins/com.st.stm32cube.ide.mcu.externaltools.gnu-tools-for-stm32.7-2018-q2-update.linux64_1.0.0.201904181610/tools/bin/../lib/gcc/arm-none-eabi/7.3.1/../../../../arm-none-eabi/lib/thumb/v7e-m/fpv4-sp/hard/libm.a(lib_a-e_fmod.o)
                0x00000000080080f8                __ieee754_fmod
 *fill*         0x000000000800831c        0x4 
 .text.__ieee754_rem_pio2
                0x0000000008008320      0x3e4 /opt/st/stm32cubeide_1.3.0/plugins/com.st.stm32cube.ide.mcu.externaltools.gnu-tools-for-stm32.7-2018-q2-update.linux64_1.0.0.201904181610/tools/bin/../lib/gcc/arm-none-eabi/7.3.1/../../../../arm-none-eabi/lib/thumb/v7e-m/fpv4-sp/hard/libm.a(lib_a-e_rem_pio2.o)
                0x0000000008008320                __ieee754_rem_pio2
 .text.__ieee754_sqrt
                0x0000000008008704      0x160 /opt/st/stm32cubeide_1.3.0/plugins/com.st.stm32cube.ide.mcu.externaltools.gnu-tools-for-stm32.7-2018-q2-update.linux64_1.0.0.201904181610/tools/bin/../lib/gcc/arm-none-eabi/7.3.1/../../../../arm-none-eabi/lib/thumb/v7e-m/fpv4-sp/hard/libm.a(lib_a-e_sqrt.o)
                0x0000000008008704                __ieee754_sqrt
 *fill*         0x0000000008008864        0x4 
 .text.__kernel_cos
                0x0000000008008868      0x18c /opt/st/stm32cubeide_1.3.0/plugins/com.st.stm32cube.ide.mcu.externaltools.gnu-tools-for-stm32.7-2018-q2-update.linux64_1.0.0.201904181610/tools/bin/../lib/gcc/arm-none-eabi/7.3.1/../../../../arm-none-eabi/lib/thumb/v7e-m/fpv4-sp/hard/libm.a(lib_a-k_cos.o)
                0x0000000008008868                __kernel_cos
 *fill*         0x00000000080089f4        0x4 
 .text.__kernel_rem_pio2
                0x00000000080089f8      0x680 /opt/st/stm32cubeide_1.3.0/plugins/com.st.stm32cube.ide.mcu.externaltools.gnu-tools-for-stm32.7-2018-q2-update.linux64_1.0.0.201904181610/tools/bin/../lib/gcc/arm-none-eabi/7.3.1/../../../../arm-none-eabi/lib/thumb/v7e-m/fpv4-sp/hard/libm.a(lib_a-k_rem_pio2.o)
                0x00000000080089f8                __kernel_rem_pio2
 .text.__kernel_sin
                0x0000000008009078      0x174 /opt/st/stm32cubeide_1.3.0/plugins/com.st.stm32cube.ide.mcu.externaltools.gnu-tools-for-stm32.7-2018-q2-update.linux64_1.0.0.201904181610/tools/bin/../lib/gcc/arm-none-eabi/7.3.1/../../../../arm-none-eabi/lib/thumb/v7e-m/fpv4-sp/hard/libm.a(lib_a-k_sin.o)
                0x0000000008009078                __kernel_sin
 *fill*         0x00000000080091ec        0x4 
 .text.floor    0x00000000080091f0      0x108 /opt/st/stm32cubeide_1.3.0/plugins/com.st.stm32cube.ide.mcu.externaltools.gnu-tools-for-stm32.7-2018-q2-update.linux64_1.0.0.201904181610/tools/bin/../lib/gcc/arm-none-eabi/7.3.1/../../../../arm-none-eabi/lib/thumb/v7e-m/fpv4-sp/hard/libm.a(lib_a-s_floor.o)
                0x00000000080091f0                floor
 .text.matherr  0x00000000080092f8        0x4 /opt/st/stm32cubeide_1.3.0/plugins/com.st.stm32cube.ide.mcu.externaltools.gnu-tools-for-stm32.7-2018-q2-update.linux64_1.0.0.201904181610/tools/bin/../lib/gcc/arm-none-eabi/7.3.1/../../../../arm-none-eabi/lib/thumb/v7e-m/fpv4-sp/hard/libm.a(lib_a-s_matherr.o)
                0x00000000080092f8                matherr
 *fill*         0x00000000080092fc        0x4 
 .text.nan      0x0000000008009300       0x10 /opt/st/stm32cubeide_1.3.0/plugins/com.st.stm32cube.ide.mcu.externaltools.gnu-tools-for-stm32.7-2018-q2-update.linux64_1.0.0.201904181610/tools/bin/../lib/gcc/arm-none-eabi/7.3.1/../../../../arm-none-eabi/lib/thumb/v7e-m/fpv4-sp/hard/libm.a(lib_a-s_nan.o)
                0x0000000008009300                nan
 .text.scalbn   0x0000000008009310       0xec /opt/st/stm32cubeide_1.3.0/plugins/com.st.stm32cube.ide.mcu.externaltools.gnu-tools-for-stm32.7-2018-q2-update.linux64_1.0.0.201904181610/tools/bin/../lib/gcc/arm-none-eabi/7.3.1/../../../../arm-none-eabi/lib/thumb/v7e-m/fpv4-sp/hard/libm.a(lib_a-s_scalbn.o)
                0x0000000008009310                scalbn
 .text.copysign
                0x00000000080093fc       0x1e /opt/st/stm32cubeide_1.3.0/plugins/com.st.stm32cube.ide.mcu.externaltools.gnu-tools-for-stm32.7-2018-q2-update.linux64_1.0.0.201904181610/tools/bin/../lib/gcc/arm-none-eabi/7.3.1/../../../../arm-none-eabi/lib/thumb/v7e-m/fpv4-sp/hard/libm.a(lib_a-s_copysign.o)
                0x00000000080093fc                copysign
 *(.glue_7)
 .glue_7        0x000000000800941a        0x0 linker stubs
 *(.glue_7t)
 .glue_7t       0x000000000800941a        0x0 linker stubs
 *(.eh_frame)
 *fill*         0x000000000800941a        0x2 
 .eh_frame      0x000000000800941c        0x0 /opt/st/stm32cubeide_1.3.0/plugins/com.st.stm32cube.ide.mcu.externaltools.gnu-tools-for-stm32.7-2018-q2-update.linux64_1.0.0.201904181610/tools/bin/../lib/gcc/arm-none-eabi/7.3.1/thumb/v7e-m/fpv4-sp/hard/crtbegin.o
 *(.init)
 .init          0x000000000800941c        0x4 /opt/st/stm32cubeide_1.3.0/plugins/com.st.stm32cube.ide.mcu.externaltools.gnu-tools-for-stm32.7-2018-q2-update.linux64_1.0.0.201904181610/tools/bin/../lib/gcc/arm-none-eabi/7.3.1/thumb/v7e-m/fpv4-sp/hard/crti.o
                0x000000000800941c                _init
 .init          0x0000000008009420        0x8 /opt/st/stm32cubeide_1.3.0/plugins/com.st.stm32cube.ide.mcu.externaltools.gnu-tools-for-stm32.7-2018-q2-update.linux64_1.0.0.201904181610/tools/bin/../lib/gcc/arm-none-eabi/7.3.1/thumb/v7e-m/fpv4-sp/hard/crtn.o
 *(.fini)
 .fini          0x0000000008009428        0x4 /opt/st/stm32cubeide_1.3.0/plugins/com.st.stm32cube.ide.mcu.externaltools.gnu-tools-for-stm32.7-2018-q2-update.linux64_1.0.0.201904181610/tools/bin/../lib/gcc/arm-none-eabi/7.3.1/thumb/v7e-m/fpv4-sp/hard/crti.o
                0x0000000008009428                _fini
 .fini          0x000000000800942c        0x8 /opt/st/stm32cubeide_1.3.0/plugins/com.st.stm32cube.ide.mcu.externaltools.gnu-tools-for-stm32.7-2018-q2-update.linux64_1.0.0.201904181610/tools/bin/../lib/gcc/arm-none-eabi/7.3.1/thumb/v7e-m/fpv4-sp/hard/crtn.o
                0x0000000008009434                . = ALIGN (0x4)
                0x0000000008009434                _etext = .

.vfp11_veneer   0x0000000008009434        0x0
 .vfp11_veneer  0x0000000008009434        0x0 linker stubs

.v4_bx          0x0000000008009434        0x0
 .v4_bx         0x0000000008009434        0x0 linker stubs

.iplt           0x0000000008009434        0x0
 .iplt          0x0000000008009434        0x0 /opt/st/stm32cubeide_1.3.0/plugins/com.st.stm32cube.ide.mcu.externaltools.gnu-tools-for-stm32.7-2018-q2-update.linux64_1.0.0.201904181610/tools/bin/../lib/gcc/arm-none-eabi/7.3.1/thumb/v7e-m/fpv4-sp/hard/crtbegin.o

.rodata         0x0000000008009438      0xad0
                0x0000000008009438                . = ALIGN (0x4)
 *(.rodata)
 .rodata        0x0000000008009438       0x38 Core/Src/main.o
 *(.rodata*)
 .rodata.str1.4
                0x0000000008009470       0x18 Core/Src/main.o
 .rodata.motor_task_init.str1.4
                0x0000000008009488        0xd Core/Src/motor_task.o
 *fill*         0x0000000008009495        0x3 
 .rodata.AHBPrescTable
                0x0000000008009498       0x10 Core/Src/system_stm32f4xx.o
                0x0000000008009498                AHBPrescTable
 .rodata.APBPrescTable
                0x00000000080094a8        0x8 Core/Src/system_stm32f4xx.o
                0x00000000080094a8                APBPrescTable
 .rodata.vTaskStartScheduler.str1.4
                0x00000000080094b0        0x5 Middlewares/Third_Party/FreeRTOS/Source/tasks.o
 *fill*         0x00000000080094b5        0x3 
 .rodata.prvCheckForValidListAndQueue.str1.4
                0x00000000080094b8        0x5 Middlewares/Third_Party/FreeRTOS/Source/timers.o
 *fill*         0x00000000080094bd        0x3 
 .rodata.xTimerCreateTimerTask.str1.4
                0x00000000080094c0        0x8 Middlewares/Third_Party/FreeRTOS/Source/timers.o
 .rodata.sinTable_f32
                0x00000000080094c8      0x804 ../lib/libarm_cortexM4lf_math.a(arm_common_tables.o)
                0x00000000080094c8                sinTable_f32
 *fill*         0x0000000008009ccc        0x4 
 .rodata.atanhi
                0x0000000008009cd0       0x20 /opt/st/stm32cubeide_1.3.0/plugins/com.st.stm32cube.ide.mcu.externaltools.gnu-tools-for-stm32.7-2018-q2-update.linux64_1.0.0.201904181610/tools/bin/../lib/gcc/arm-none-eabi/7.3.1/../../../../arm-none-eabi/lib/thumb/v7e-m/fpv4-sp/hard/libm.a(lib_a-s_atan.o)
 .rodata.atanlo
                0x0000000008009cf0       0x20 /opt/st/stm32cubeide_1.3.0/plugins/com.st.stm32cube.ide.mcu.externaltools.gnu-tools-for-stm32.7-2018-q2-update.linux64_1.0.0.201904181610/tools/bin/../lib/gcc/arm-none-eabi/7.3.1/../../../../arm-none-eabi/lib/thumb/v7e-m/fpv4-sp/hard/libm.a(lib_a-s_atan.o)
 .rodata.acos.str1.1
                0x0000000008009d10        0x5 /opt/st/stm32cubeide_1.3.0/plugins/com.st.stm32cube.ide.mcu.externaltools.gnu-tools-for-stm32.7-2018-q2-update.linux64_1.0.0.201904181610/tools/bin/../lib/gcc/arm-none-eabi/7.3.1/../../../../arm-none-eabi/lib/thumb/v7e-m/fpv4-sp/hard/libm.a(lib_a-w_acos.o)
                                          0x6 (size before relaxing)
 .rodata.fmod.str1.1
                0x0000000008009d15        0x5 /opt/st/stm32cubeide_1.3.0/plugins/com.st.stm32cube.ide.mcu.externaltools.gnu-tools-for-stm32.7-2018-q2-update.linux64_1.0.0.201904181610/tools/bin/../lib/gcc/arm-none-eabi/7.3.1/../../../../arm-none-eabi/lib/thumb/v7e-m/fpv4-sp/hard/libm.a(lib_a-w_fmod.o)
 *fill*         0x0000000008009d1a        0x6 
 .rodata.Zero   0x0000000008009d20       0x10 /opt/st/stm32cubeide_1.3.0/plugins/com.st.stm32cube.ide.mcu.externaltools.gnu-tools-for-stm32.7-2018-q2-update.linux64_1.0.0.201904181610/tools/bin/../lib/gcc/arm-none-eabi/7.3.1/../../../../arm-none-eabi/lib/thumb/v7e-m/fpv4-sp/hard/libm.a(lib_a-e_fmod.o)
 .rodata.npio2_hw
                0x0000000008009d30       0x80 /opt/st/stm32cubeide_1.3.0/plugins/com.st.stm32cube.ide.mcu.externaltools.gnu-tools-for-stm32.7-2018-q2-update.linux64_1.0.0.201904181610/tools/bin/../lib/gcc/arm-none-eabi/7.3.1/../../../../arm-none-eabi/lib/thumb/v7e-m/fpv4-sp/hard/libm.a(lib_a-e_rem_pio2.o)
 .rodata.two_over_pi
                0x0000000008009db0      0x108 /opt/st/stm32cubeide_1.3.0/plugins/com.st.stm32cube.ide.mcu.externaltools.gnu-tools-for-stm32.7-2018-q2-update.linux64_1.0.0.201904181610/tools/bin/../lib/gcc/arm-none-eabi/7.3.1/../../../../arm-none-eabi/lib/thumb/v7e-m/fpv4-sp/hard/libm.a(lib_a-e_rem_pio2.o)
 .rodata.PIo2   0x0000000008009eb8       0x40 /opt/st/stm32cubeide_1.3.0/plugins/com.st.stm32cube.ide.mcu.externaltools.gnu-tools-for-stm32.7-2018-q2-update.linux64_1.0.0.201904181610/tools/bin/../lib/gcc/arm-none-eabi/7.3.1/../../../../arm-none-eabi/lib/thumb/v7e-m/fpv4-sp/hard/libm.a(lib_a-k_rem_pio2.o)
 .rodata.init_jk
                0x0000000008009ef8       0x10 /opt/st/stm32cubeide_1.3.0/plugins/com.st.stm32cube.ide.mcu.externaltools.gnu-tools-for-stm32.7-2018-q2-update.linux64_1.0.0.201904181610/tools/bin/../lib/gcc/arm-none-eabi/7.3.1/../../../../arm-none-eabi/lib/thumb/v7e-m/fpv4-sp/hard/libm.a(lib_a-k_rem_pio2.o)
                0x0000000008009f08                . = ALIGN (0x4)

.ARM.extab      0x0000000008009f08        0x0
                0x0000000008009f08                . = ALIGN (0x4)
 *(.ARM.extab* .gnu.linkonce.armextab.*)
                0x0000000008009f08                . = ALIGN (0x4)

.ARM            0x0000000008009f08        0x8
                0x0000000008009f08                . = ALIGN (0x4)
                0x0000000008009f08                __exidx_start = .
 *(.ARM.exidx*)
 .ARM.exidx     0x0000000008009f08        0x8 /opt/st/stm32cubeide_1.3.0/plugins/com.st.stm32cube.ide.mcu.externaltools.gnu-tools-for-stm32.7-2018-q2-update.linux64_1.0.0.201904181610/tools/bin/../lib/gcc/arm-none-eabi/7.3.1/thumb/v7e-m/fpv4-sp/hard/libgcc.a(_udivmoddi4.o)
                0x0000000008009f10                __exidx_end = .
                0x0000000008009f10                . = ALIGN (0x4)

.rel.dyn        0x0000000008009f10        0x0
 .rel.iplt      0x0000000008009f10        0x0 /opt/st/stm32cubeide_1.3.0/plugins/com.st.stm32cube.ide.mcu.externaltools.gnu-tools-for-stm32.7-2018-q2-update.linux64_1.0.0.201904181610/tools/bin/../lib/gcc/arm-none-eabi/7.3.1/thumb/v7e-m/fpv4-sp/hard/crtbegin.o

.preinit_array  0x0000000008009f10        0x0
                0x0000000008009f10                . = ALIGN (0x4)
                0x0000000008009f10                PROVIDE (__preinit_array_start = .)
 *(.preinit_array*)
                0x0000000008009f10                PROVIDE (__preinit_array_end = .)
                0x0000000008009f10                . = ALIGN (0x4)

.init_array     0x0000000008009f10        0x4
                0x0000000008009f10                . = ALIGN (0x4)
                0x0000000008009f10                PROVIDE (__init_array_start = .)
 *(SORT_BY_NAME(.init_array.*))
 *(.init_array*)
 .init_array    0x0000000008009f10        0x4 /opt/st/stm32cubeide_1.3.0/plugins/com.st.stm32cube.ide.mcu.externaltools.gnu-tools-for-stm32.7-2018-q2-update.linux64_1.0.0.201904181610/tools/bin/../lib/gcc/arm-none-eabi/7.3.1/thumb/v7e-m/fpv4-sp/hard/crtbegin.o
                0x0000000008009f14                PROVIDE (__init_array_end = .)
                0x0000000008009f14                . = ALIGN (0x4)

.fini_array     0x0000000008009f14        0x4
                0x0000000008009f14                . = ALIGN (0x4)
                [!provide]                        PROVIDE (__fini_array_start = .)
 *(SORT_BY_NAME(.fini_array.*))
 *(.fini_array*)
 .fini_array    0x0000000008009f14        0x4 /opt/st/stm32cubeide_1.3.0/plugins/com.st.stm32cube.ide.mcu.externaltools.gnu-tools-for-stm32.7-2018-q2-update.linux64_1.0.0.201904181610/tools/bin/../lib/gcc/arm-none-eabi/7.3.1/thumb/v7e-m/fpv4-sp/hard/crtbegin.o
                [!provide]                        PROVIDE (__fini_array_end = .)
                0x0000000008009f18                . = ALIGN (0x4)
                0x0000000008009f18                _sidata = LOADADDR (.data)

.data           0x0000000020000000       0x78 load address 0x0000000008009f18
                0x0000000020000000                . = ALIGN (0x4)
                0x0000000020000000                _sdata = .
 *(.data)
 *(.data*)
 .data.SystemCoreClock
                0x0000000020000000        0x4 Core/Src/system_stm32f4xx.o
                0x0000000020000000                SystemCoreClock
 .data.uwTickFreq
                0x0000000020000004        0x1 Drivers/STM32F4xx_HAL_Driver/Src/stm32f4xx_hal.o
                0x0000000020000004                uwTickFreq
 *fill*         0x0000000020000005        0x3 
 .data.uwTickPrio
                0x0000000020000008        0x4 Drivers/STM32F4xx_HAL_Driver/Src/stm32f4xx_hal.o
                0x0000000020000008                uwTickPrio
 .data.uxCriticalNesting
                0x000000002000000c        0x4 Middlewares/Third_Party/FreeRTOS/Source/portable/GCC/ARM_CM4F/port.o
 .data._impure_ptr
                0x0000000020000010        0x4 /opt/st/stm32cubeide_1.3.0/plugins/com.st.stm32cube.ide.mcu.externaltools.gnu-tools-for-stm32.7-2018-q2-update.linux64_1.0.0.201904181610/tools/bin/../lib/gcc/arm-none-eabi/7.3.1/../../../../arm-none-eabi/lib/thumb/v7e-m/fpv4-sp/hard/libc_nano.a(lib_a-impure.o)
                0x0000000020000010                _impure_ptr
 .data.impure_data
                0x0000000020000014       0x60 /opt/st/stm32cubeide_1.3.0/plugins/com.st.stm32cube.ide.mcu.externaltools.gnu-tools-for-stm32.7-2018-q2-update.linux64_1.0.0.201904181610/tools/bin/../lib/gcc/arm-none-eabi/7.3.1/../../../../arm-none-eabi/lib/thumb/v7e-m/fpv4-sp/hard/libc_nano.a(lib_a-impure.o)
 .data.__fdlib_version
                0x0000000020000074        0x1 /opt/st/stm32cubeide_1.3.0/plugins/com.st.stm32cube.ide.mcu.externaltools.gnu-tools-for-stm32.7-2018-q2-update.linux64_1.0.0.201904181610/tools/bin/../lib/gcc/arm-none-eabi/7.3.1/../../../../arm-none-eabi/lib/thumb/v7e-m/fpv4-sp/hard/libm.a(lib_a-s_lib_ver.o)
                0x0000000020000074                __fdlib_version
                0x0000000020000078                . = ALIGN (0x4)
 *fill*         0x0000000020000075        0x3 
                0x0000000020000078                _edata = .

.igot.plt       0x0000000020000078        0x0 load address 0x0000000008009f90
 .igot.plt      0x0000000020000078        0x0 /opt/st/stm32cubeide_1.3.0/plugins/com.st.stm32cube.ide.mcu.externaltools.gnu-tools-for-stm32.7-2018-q2-update.linux64_1.0.0.201904181610/tools/bin/../lib/gcc/arm-none-eabi/7.3.1/thumb/v7e-m/fpv4-sp/hard/crtbegin.o
                0x0000000020000078                . = ALIGN (0x4)

.bss            0x0000000020000078     0xda64 load address 0x0000000008009f90
                0x0000000020000078                _sbss = .
                0x0000000020000078                __bss_start__ = _sbss
 *(.bss)
 .bss           0x0000000020000078       0x1c /opt/st/stm32cubeide_1.3.0/plugins/com.st.stm32cube.ide.mcu.externaltools.gnu-tools-for-stm32.7-2018-q2-update.linux64_1.0.0.201904181610/tools/bin/../lib/gcc/arm-none-eabi/7.3.1/thumb/v7e-m/fpv4-sp/hard/crtbegin.o
 *(.bss*)
 .bss.canbus_queue_set
                0x0000000020000094        0x4 Core/Src/canbus_task.o
 .bss.canbus_rx_queue
                0x0000000020000098        0x4 Core/Src/canbus_task.o
 .bss.canbus_tx_queue
                0x000000002000009c        0x4 Core/Src/canbus_task.o
 .bss.xIdleStack
                0x00000000200000a0      0x400 Core/Src/freertos.o
 .bss.xIdleTaskTCBBuffer
                0x00000000200004a0       0x54 Core/Src/freertos.o
 .bss.xTimerStack
                0x00000000200004f4      0x800 Core/Src/freertos.o
 .bss.xTimerTaskTCBBuffer
                0x0000000020000cf4       0x54 Core/Src/freertos.o
 .bss.control_type
                0x0000000020000d48        0x2 Core/Src/motor_task.o
 *fill*         0x0000000020000d4a        0x2 
 .bss.count.9839
                0x0000000020000d4c        0x4 Core/Src/motor_task.o
 .bss.cur_params
                0x0000000020000d50       0x60 Core/Src/motor_task.o
 .bss.ic_params
                0x0000000020000db0       0x18 Core/Src/motor_task.o
 .bss.last_ticks_for_speed.9840
                0x0000000020000dc8        0x8 Core/Src/motor_task.o
 .bss.leg       0x0000000020000dd0       0x10 Core/Src/motor_task.o
 .bss.motors    0x0000000020000de0       0x60 Core/Src/motor_task.o
 .bss.pos_params
                0x0000000020000e40       0x60 Core/Src/motor_task.o
 .bss.speed_params
                0x0000000020000ea0       0x60 Core/Src/motor_task.o
 .bss.pxCurrentTCB
                0x0000000020000f00        0x4 Middlewares/Third_Party/FreeRTOS/Source/tasks.o
                0x0000000020000f00                pxCurrentTCB
 .bss.pxDelayedTaskList
                0x0000000020000f04        0x4 Middlewares/Third_Party/FreeRTOS/Source/tasks.o
 .bss.pxOverflowDelayedTaskList
                0x0000000020000f08        0x4 Middlewares/Third_Party/FreeRTOS/Source/tasks.o
 .bss.pxReadyTasksLists
                0x0000000020000f0c       0x8c Middlewares/Third_Party/FreeRTOS/Source/tasks.o
 .bss.uxCurrentNumberOfTasks
                0x0000000020000f98        0x4 Middlewares/Third_Party/FreeRTOS/Source/tasks.o
 .bss.uxDeletedTasksWaitingCleanUp
                0x0000000020000f9c        0x4 Middlewares/Third_Party/FreeRTOS/Source/tasks.o
 .bss.uxPendedTicks
                0x0000000020000fa0        0x4 Middlewares/Third_Party/FreeRTOS/Source/tasks.o
 .bss.uxSchedulerSuspended
                0x0000000020000fa4        0x4 Middlewares/Third_Party/FreeRTOS/Source/tasks.o
 .bss.uxTaskNumber
                0x0000000020000fa8        0x4 Middlewares/Third_Party/FreeRTOS/Source/tasks.o
 .bss.uxTopReadyPriority
                0x0000000020000fac        0x4 Middlewares/Third_Party/FreeRTOS/Source/tasks.o
 .bss.xDelayedTaskList1
                0x0000000020000fb0       0x14 Middlewares/Third_Party/FreeRTOS/Source/tasks.o
 .bss.xDelayedTaskList2
                0x0000000020000fc4       0x14 Middlewares/Third_Party/FreeRTOS/Source/tasks.o
 .bss.xNextTaskUnblockTime
                0x0000000020000fd8        0x4 Middlewares/Third_Party/FreeRTOS/Source/tasks.o
 .bss.xNumOfOverflows
                0x0000000020000fdc        0x4 Middlewares/Third_Party/FreeRTOS/Source/tasks.o
 .bss.xPendingReadyList
                0x0000000020000fe0       0x14 Middlewares/Third_Party/FreeRTOS/Source/tasks.o
 .bss.xSchedulerRunning
                0x0000000020000ff4        0x4 Middlewares/Third_Party/FreeRTOS/Source/tasks.o
 .bss.xSuspendedTaskList
                0x0000000020000ff8       0x14 Middlewares/Third_Party/FreeRTOS/Source/tasks.o
 .bss.xTasksWaitingTermination
                0x000000002000100c       0x14 Middlewares/Third_Party/FreeRTOS/Source/tasks.o
 .bss.xTickCount
                0x0000000020001020        0x4 Middlewares/Third_Party/FreeRTOS/Source/tasks.o
 .bss.xYieldPending
                0x0000000020001024        0x4 Middlewares/Third_Party/FreeRTOS/Source/tasks.o
 .bss.pxCurrentTimerList
                0x0000000020001028        0x4 Middlewares/Third_Party/FreeRTOS/Source/timers.o
 .bss.pxOverflowTimerList
                0x000000002000102c        0x4 Middlewares/Third_Party/FreeRTOS/Source/timers.o
 .bss.ucStaticTimerQueueStorage.6782
                0x0000000020001030       0x78 Middlewares/Third_Party/FreeRTOS/Source/timers.o
 .bss.xActiveTimerList1
                0x00000000200010a8       0x14 Middlewares/Third_Party/FreeRTOS/Source/timers.o
 .bss.xActiveTimerList2
                0x00000000200010bc       0x14 Middlewares/Third_Party/FreeRTOS/Source/timers.o
 .bss.xLastTime.6733
                0x00000000200010d0        0x4 Middlewares/Third_Party/FreeRTOS/Source/timers.o
 .bss.xStaticTimerQueue.6781
                0x00000000200010d4       0x4c Middlewares/Third_Party/FreeRTOS/Source/timers.o
 .bss.xTimerQueue
                0x0000000020001120        0x4 Middlewares/Third_Party/FreeRTOS/Source/timers.o
 .bss.xTimerTaskHandle
                0x0000000020001124        0x4 Middlewares/Third_Party/FreeRTOS/Source/timers.o
 .bss.ucMaxSysCallPriority
                0x0000000020001128        0x1 Middlewares/Third_Party/FreeRTOS/Source/portable/GCC/ARM_CM4F/port.o
 *fill*         0x0000000020001129        0x3 
 .bss.ulMaxPRIGROUPValue
                0x000000002000112c        0x4 Middlewares/Third_Party/FreeRTOS/Source/portable/GCC/ARM_CM4F/port.o
 .bss.pxEnd     0x0000000020001130        0x4 Middlewares/Third_Party/FreeRTOS/Source/portable/MemMang/heap_4.o
 .bss.ucHeap    0x0000000020001134     0xc350 Middlewares/Third_Party/FreeRTOS/Source/portable/MemMang/heap_4.o
 .bss.xBlockAllocatedBit
                0x000000002000d484        0x4 Middlewares/Third_Party/FreeRTOS/Source/portable/MemMang/heap_4.o
 .bss.xFreeBytesRemaining
                0x000000002000d488        0x4 Middlewares/Third_Party/FreeRTOS/Source/portable/MemMang/heap_4.o
 .bss.xMinimumEverFreeBytesRemaining
                0x000000002000d48c        0x4 Middlewares/Third_Party/FreeRTOS/Source/portable/MemMang/heap_4.o
 .bss.xStart    0x000000002000d490        0x8 Middlewares/Third_Party/FreeRTOS/Source/portable/MemMang/heap_4.o
 .bss.m1        0x000000002000d498       0x48 lib/adc_interface.o
 .bss.m2        0x000000002000d4e0       0x48 lib/adc_interface.o
 .bss.last_cnt  0x000000002000d528        0x4 lib/encoder_interface.o
 .bss.ticks_count
                0x000000002000d52c        0x8 lib/encoder_interface.o
 .bss.ticks_offset
                0x000000002000d534        0x8 lib/encoder_interface.o
 .bss.act_cart_speed_mps.6360
                0x000000002000d53c        0x8 lib/impedance_controller.o
 .bss.des_cart_speed_mps.6361
                0x000000002000d544        0x8 lib/impedance_controller.o
 .bss.last_des_pos_cart.6358
                0x000000002000d54c        0x8 lib/impedance_controller.o
 .bss.last_pos_cart.6357
                0x000000002000d554        0x8 lib/impedance_controller.o
 .bss.last_time.6359
                0x000000002000d55c        0x4 lib/impedance_controller.o
 .bss.primitive_index
                0x000000002000d560        0x1 lib/motion_primitives.o
 *fill*         0x000000002000d561        0x3 
 .bss.primitives
                0x000000002000d564      0x258 lib/motion_primitives.o
 .bss.time_offset
                0x000000002000d7bc        0x4 lib/motion_primitives.o
 *(COMMON)
 COMMON         0x000000002000d7c0      0x298 Core/Src/main.o
                0x000000002000d7c0                hspi2
                0x000000002000d818                htim4
                0x000000002000d858                hadc2
                0x000000002000d8a0                motor_taskHandle
                0x000000002000d8a4                htim3
                0x000000002000d8e4                canbus_taskHandle
                0x000000002000d8e8                hadc1
                0x000000002000d930                htim13
                0x000000002000d970                htim1
                0x000000002000d9b0                htim2
                0x000000002000d9f0                hcan1
                0x000000002000da18                htim14
 COMMON         0x000000002000da58       0x40 Core/Src/stm32f4xx_hal_timebase_tim.o
                0x000000002000da58                htim8
 COMMON         0x000000002000da98        0x4 Drivers/STM32F4xx_HAL_Driver/Src/stm32f4xx_hal.o
                0x000000002000da98                uwTick
 COMMON         0x000000002000da9c       0x40 Middlewares/Third_Party/FreeRTOS/Source/queue.o
                0x000000002000da9c                xQueueRegistry
                0x000000002000dadc                . = ALIGN (0x4)
                0x000000002000dadc                _ebss = .
                0x000000002000dadc                __bss_end__ = _ebss

._user_heap_stack
                0x000000002000dadc      0x604 load address 0x0000000008009f90
                0x000000002000dae0                . = ALIGN (0x8)
 *fill*         0x000000002000dadc        0x4 
                0x000000002000dae0                PROVIDE (end = .)
                [!provide]                        PROVIDE (_end = .)
                0x000000002000dce0                . = (. + _Min_Heap_Size)
 *fill*         0x000000002000dae0      0x200 
                0x000000002000e0e0                . = (. + _Min_Stack_Size)
 *fill*         0x000000002000dce0      0x400 
                0x000000002000e0e0                . = ALIGN (0x8)

/DISCARD/
 libc.a(*)
 libm.a(*)
 libgcc.a(*)

.ARM.attributes
                0x0000000000000000       0x30
 *(.ARM.attributes)
 .ARM.attributes
                0x0000000000000000       0x22 /opt/st/stm32cubeide_1.3.0/plugins/com.st.stm32cube.ide.mcu.externaltools.gnu-tools-for-stm32.7-2018-q2-update.linux64_1.0.0.201904181610/tools/bin/../lib/gcc/arm-none-eabi/7.3.1/thumb/v7e-m/fpv4-sp/hard/crti.o
 .ARM.attributes
                0x0000000000000022       0x34 /opt/st/stm32cubeide_1.3.0/plugins/com.st.stm32cube.ide.mcu.externaltools.gnu-tools-for-stm32.7-2018-q2-update.linux64_1.0.0.201904181610/tools/bin/../lib/gcc/arm-none-eabi/7.3.1/thumb/v7e-m/fpv4-sp/hard/crtbegin.o
 .ARM.attributes
                0x0000000000000056       0x39 Core/Src/canbus_task.o
 .ARM.attributes
                0x000000000000008f       0x39 Core/Src/freertos.o
 .ARM.attributes
                0x00000000000000c8       0x39 Core/Src/main.o
 .ARM.attributes
                0x0000000000000101       0x39 Core/Src/motor_task.o
 .ARM.attributes
                0x000000000000013a       0x39 Core/Src/stm32f4xx_hal_msp.o
 .ARM.attributes
                0x0000000000000173       0x39 Core/Src/stm32f4xx_hal_timebase_tim.o
 .ARM.attributes
                0x00000000000001ac       0x39 Core/Src/stm32f4xx_it.o
 .ARM.attributes
                0x00000000000001e5       0x39 Core/Src/system_stm32f4xx.o
 .ARM.attributes
                0x000000000000021e       0x21 Core/Startup/startup_stm32f407vgtx.o
 .ARM.attributes
                0x000000000000023f       0x39 Drivers/STM32F4xx_HAL_Driver/Src/stm32f4xx_hal.o
 .ARM.attributes
                0x0000000000000278       0x39 Drivers/STM32F4xx_HAL_Driver/Src/stm32f4xx_hal_adc.o
 .ARM.attributes
                0x00000000000002b1       0x39 Drivers/STM32F4xx_HAL_Driver/Src/stm32f4xx_hal_adc_ex.o
 .ARM.attributes
                0x00000000000002ea       0x39 Drivers/STM32F4xx_HAL_Driver/Src/stm32f4xx_hal_can.o
 .ARM.attributes
                0x0000000000000323       0x39 Drivers/STM32F4xx_HAL_Driver/Src/stm32f4xx_hal_cortex.o
 .ARM.attributes
                0x000000000000035c       0x39 Drivers/STM32F4xx_HAL_Driver/Src/stm32f4xx_hal_dma.o
 .ARM.attributes
                0x0000000000000395       0x39 Drivers/STM32F4xx_HAL_Driver/Src/stm32f4xx_hal_gpio.o
 .ARM.attributes
                0x00000000000003ce       0x39 Drivers/STM32F4xx_HAL_Driver/Src/stm32f4xx_hal_rcc.o
 .ARM.attributes
                0x0000000000000407       0x39 Drivers/STM32F4xx_HAL_Driver/Src/stm32f4xx_hal_spi.o
 .ARM.attributes
                0x0000000000000440       0x39 Drivers/STM32F4xx_HAL_Driver/Src/stm32f4xx_hal_tim.o
 .ARM.attributes
                0x0000000000000479       0x39 Drivers/STM32F4xx_HAL_Driver/Src/stm32f4xx_hal_tim_ex.o
 .ARM.attributes
                0x00000000000004b2       0x39 Middlewares/Third_Party/FreeRTOS/Source/CMSIS_RTOS/cmsis_os.o
 .ARM.attributes
                0x00000000000004eb       0x39 Middlewares/Third_Party/FreeRTOS/Source/list.o
 .ARM.attributes
                0x0000000000000524       0x39 Middlewares/Third_Party/FreeRTOS/Source/queue.o
 .ARM.attributes
                0x000000000000055d       0x39 Middlewares/Third_Party/FreeRTOS/Source/tasks.o
 .ARM.attributes
                0x0000000000000596       0x39 Middlewares/Third_Party/FreeRTOS/Source/timers.o
 .ARM.attributes
                0x00000000000005cf       0x39 Middlewares/Third_Party/FreeRTOS/Source/portable/GCC/ARM_CM4F/port.o
 .ARM.attributes
                0x0000000000000608       0x39 Middlewares/Third_Party/FreeRTOS/Source/portable/MemMang/heap_4.o
 .ARM.attributes
                0x0000000000000641       0x39 lib/adc_interface.o
 .ARM.attributes
                0x000000000000067a       0x39 lib/can_messages.o
 .ARM.attributes
                0x00000000000006b3       0x39 lib/encoder_interface.o
 .ARM.attributes
                0x00000000000006ec       0x39 lib/impedance_controller.o
 .ARM.attributes
                0x0000000000000725       0x39 lib/inverse_kinematics.o
 .ARM.attributes
                0x000000000000075e       0x39 lib/motion_primitives.o
 .ARM.attributes
                0x0000000000000797       0x39 lib/pid_controller.o
 .ARM.attributes
                0x00000000000007d0       0x39 ../lib/libarm_cortexM4lf_math.a(arm_sin_f32.o)
 .ARM.attributes
                0x0000000000000809       0x39 ../lib/libarm_cortexM4lf_math.a(arm_cos_f32.o)
 .ARM.attributes
                0x0000000000000842       0x39 ../lib/libarm_cortexM4lf_math.a(arm_common_tables.o)
 .ARM.attributes
                0x000000000000087b       0x34 /opt/st/stm32cubeide_1.3.0/plugins/com.st.stm32cube.ide.mcu.externaltools.gnu-tools-for-stm32.7-2018-q2-update.linux64_1.0.0.201904181610/tools/bin/../lib/gcc/arm-none-eabi/7.3.1/../../../../arm-none-eabi/lib/thumb/v7e-m/fpv4-sp/hard/libc_nano.a(lib_a-errno.o)
 .ARM.attributes
                0x00000000000008af       0x34 /opt/st/stm32cubeide_1.3.0/plugins/com.st.stm32cube.ide.mcu.externaltools.gnu-tools-for-stm32.7-2018-q2-update.linux64_1.0.0.201904181610/tools/bin/../lib/gcc/arm-none-eabi/7.3.1/../../../../arm-none-eabi/lib/thumb/v7e-m/fpv4-sp/hard/libc_nano.a(lib_a-impure.o)
 .ARM.attributes
                0x00000000000008e3       0x34 /opt/st/stm32cubeide_1.3.0/plugins/com.st.stm32cube.ide.mcu.externaltools.gnu-tools-for-stm32.7-2018-q2-update.linux64_1.0.0.201904181610/tools/bin/../lib/gcc/arm-none-eabi/7.3.1/../../../../arm-none-eabi/lib/thumb/v7e-m/fpv4-sp/hard/libc_nano.a(lib_a-init.o)
 .ARM.attributes
                0x0000000000000917       0x34 /opt/st/stm32cubeide_1.3.0/plugins/com.st.stm32cube.ide.mcu.externaltools.gnu-tools-for-stm32.7-2018-q2-update.linux64_1.0.0.201904181610/tools/bin/../lib/gcc/arm-none-eabi/7.3.1/../../../../arm-none-eabi/lib/thumb/v7e-m/fpv4-sp/hard/libc_nano.a(lib_a-memcpy-stub.o)
 .ARM.attributes
                0x000000000000094b       0x34 /opt/st/stm32cubeide_1.3.0/plugins/com.st.stm32cube.ide.mcu.externaltools.gnu-tools-for-stm32.7-2018-q2-update.linux64_1.0.0.201904181610/tools/bin/../lib/gcc/arm-none-eabi/7.3.1/../../../../arm-none-eabi/lib/thumb/v7e-m/fpv4-sp/hard/libc_nano.a(lib_a-memset.o)
 .ARM.attributes
                0x000000000000097f       0x34 /opt/st/stm32cubeide_1.3.0/plugins/com.st.stm32cube.ide.mcu.externaltools.gnu-tools-for-stm32.7-2018-q2-update.linux64_1.0.0.201904181610/tools/bin/../lib/gcc/arm-none-eabi/7.3.1/../../../../arm-none-eabi/lib/thumb/v7e-m/fpv4-sp/hard/libm.a(lib_a-s_atan.o)
 .ARM.attributes
                0x00000000000009b3       0x34 /opt/st/stm32cubeide_1.3.0/plugins/com.st.stm32cube.ide.mcu.externaltools.gnu-tools-for-stm32.7-2018-q2-update.linux64_1.0.0.201904181610/tools/bin/../lib/gcc/arm-none-eabi/7.3.1/../../../../arm-none-eabi/lib/thumb/v7e-m/fpv4-sp/hard/libm.a(lib_a-s_cos.o)
 .ARM.attributes
                0x00000000000009e7       0x34 /opt/st/stm32cubeide_1.3.0/plugins/com.st.stm32cube.ide.mcu.externaltools.gnu-tools-for-stm32.7-2018-q2-update.linux64_1.0.0.201904181610/tools/bin/../lib/gcc/arm-none-eabi/7.3.1/../../../../arm-none-eabi/lib/thumb/v7e-m/fpv4-sp/hard/libm.a(lib_a-s_fabs.o)
 .ARM.attributes
                0x0000000000000a1b       0x34 /opt/st/stm32cubeide_1.3.0/plugins/com.st.stm32cube.ide.mcu.externaltools.gnu-tools-for-stm32.7-2018-q2-update.linux64_1.0.0.201904181610/tools/bin/../lib/gcc/arm-none-eabi/7.3.1/../../../../arm-none-eabi/lib/thumb/v7e-m/fpv4-sp/hard/libm.a(lib_a-s_sin.o)
 .ARM.attributes
                0x0000000000000a4f       0x34 /opt/st/stm32cubeide_1.3.0/plugins/com.st.stm32cube.ide.mcu.externaltools.gnu-tools-for-stm32.7-2018-q2-update.linux64_1.0.0.201904181610/tools/bin/../lib/gcc/arm-none-eabi/7.3.1/../../../../arm-none-eabi/lib/thumb/v7e-m/fpv4-sp/hard/libm.a(lib_a-w_acos.o)
 .ARM.attributes
                0x0000000000000a83       0x34 /opt/st/stm32cubeide_1.3.0/plugins/com.st.stm32cube.ide.mcu.externaltools.gnu-tools-for-stm32.7-2018-q2-update.linux64_1.0.0.201904181610/tools/bin/../lib/gcc/arm-none-eabi/7.3.1/../../../../arm-none-eabi/lib/thumb/v7e-m/fpv4-sp/hard/libm.a(lib_a-w_fmod.o)
 .ARM.attributes
                0x0000000000000ab7       0x34 /opt/st/stm32cubeide_1.3.0/plugins/com.st.stm32cube.ide.mcu.externaltools.gnu-tools-for-stm32.7-2018-q2-update.linux64_1.0.0.201904181610/tools/bin/../lib/gcc/arm-none-eabi/7.3.1/../../../../arm-none-eabi/lib/thumb/v7e-m/fpv4-sp/hard/libm.a(lib_a-e_acos.o)
 .ARM.attributes
                0x0000000000000aeb       0x34 /opt/st/stm32cubeide_1.3.0/plugins/com.st.stm32cube.ide.mcu.externaltools.gnu-tools-for-stm32.7-2018-q2-update.linux64_1.0.0.201904181610/tools/bin/../lib/gcc/arm-none-eabi/7.3.1/../../../../arm-none-eabi/lib/thumb/v7e-m/fpv4-sp/hard/libm.a(lib_a-e_fmod.o)
 .ARM.attributes
                0x0000000000000b1f       0x34 /opt/st/stm32cubeide_1.3.0/plugins/com.st.stm32cube.ide.mcu.externaltools.gnu-tools-for-stm32.7-2018-q2-update.linux64_1.0.0.201904181610/tools/bin/../lib/gcc/arm-none-eabi/7.3.1/../../../../arm-none-eabi/lib/thumb/v7e-m/fpv4-sp/hard/libm.a(lib_a-e_rem_pio2.o)
 .ARM.attributes
                0x0000000000000b53       0x34 /opt/st/stm32cubeide_1.3.0/plugins/com.st.stm32cube.ide.mcu.externaltools.gnu-tools-for-stm32.7-2018-q2-update.linux64_1.0.0.201904181610/tools/bin/../lib/gcc/arm-none-eabi/7.3.1/../../../../arm-none-eabi/lib/thumb/v7e-m/fpv4-sp/hard/libm.a(lib_a-e_sqrt.o)
 .ARM.attributes
                0x0000000000000b87       0x34 /opt/st/stm32cubeide_1.3.0/plugins/com.st.stm32cube.ide.mcu.externaltools.gnu-tools-for-stm32.7-2018-q2-update.linux64_1.0.0.201904181610/tools/bin/../lib/gcc/arm-none-eabi/7.3.1/../../../../arm-none-eabi/lib/thumb/v7e-m/fpv4-sp/hard/libm.a(lib_a-k_cos.o)
 .ARM.attributes